[2026-05-10T12:18:02.977+0000] {local_task_job_runner.py:120} INFO - ::group::Pre task execution logs
[2026-05-10T12:18:02.997+0000] {taskinstance.py:2076} INFO - Dependencies all met for dep_context=non-requeueable deps ti=<TaskInstance: sync_to_clickhouse.sync_weather manual__2026-05-10T12:18:00.894311+00:00 [queued]>
[2026-05-10T12:18:03.004+0000] {taskinstance.py:2076} INFO - Dependencies all met for dep_context=requeueable deps ti=<TaskInstance: sync_to_clickhouse.sync_weather manual__2026-05-10T12:18:00.894311+00:00 [queued]>
[2026-05-10T12:18:03.004+0000] {taskinstance.py:2306} INFO - Starting attempt 1 of 2
[2026-05-10T12:18:03.014+0000] {taskinstance.py:2330} INFO - Executing <Task(PythonOperator): sync_weather> on 2026-05-10 12:18:00.894311+00:00
[2026-05-10T12:18:03.023+0000] {warnings.py:112} WARNING - /home/***/.local/lib/python3.12/site-packages/***/task/task_runner/standard_task_runner.py:62: DeprecationWarning: This process (pid=100) is multi-threaded, use of fork() may lead to deadlocks in the child.
  pid = os.fork()

[2026-05-10T12:18:03.024+0000] {standard_task_runner.py:64} INFO - Started process 102 to run task
[2026-05-10T12:18:03.024+0000] {standard_task_runner.py:90} INFO - Running: ['***', 'tasks', 'run', 'sync_to_clickhouse', 'sync_weather', 'manual__2026-05-10T12:18:00.894311+00:00', '--job-id', '23', '--raw', '--subdir', 'DAGS_FOLDER/sync_to_clickhouse.py', '--cfg-path', '/tmp/tmpmion2lza']
[2026-05-10T12:18:03.026+0000] {standard_task_runner.py:91} INFO - Job 23: Subtask sync_weather
[2026-05-10T12:18:03.070+0000] {task_command.py:426} INFO - Running <TaskInstance: sync_to_clickhouse.sync_weather manual__2026-05-10T12:18:00.894311+00:00 [running]> on host 4e4ce2b3f892
[2026-05-10T12:18:03.136+0000] {taskinstance.py:2648} INFO - Exporting env vars: AIRFLOW_CTX_DAG_OWNER='Cheburek' AIRFLOW_CTX_DAG_ID='sync_to_clickhouse' AIRFLOW_CTX_TASK_ID='sync_weather' AIRFLOW_CTX_EXECUTION_DATE='2026-05-10T12:18:00.894311+00:00' AIRFLOW_CTX_TRY_NUMBER='1' AIRFLOW_CTX_DAG_RUN_ID='manual__2026-05-10T12:18:00.894311+00:00'
[2026-05-10T12:18:03.137+0000] {taskinstance.py:430} INFO - ::endgroup::
[2026-05-10T12:18:03.191+0000] {log.py:232} WARNING - [32m12:18:03 | logger          | INFO     | Нет новых данных для синхронизации weather[0m
[2026-05-10T12:18:03.193+0000] {python.py:237} INFO - Done. Returned value was: None
[2026-05-10T12:18:03.193+0000] {taskinstance.py:441} INFO - ::group::Post task execution logs
[2026-05-10T12:18:03.199+0000] {taskinstance.py:1206} INFO - Marking task as SUCCESS. dag_id=sync_to_clickhouse, task_id=sync_weather, run_id=manual__2026-05-10T12:18:00.894311+00:00, execution_date=20260510T121800, start_date=20260510T121802, end_date=20260510T121803
[2026-05-10T12:18:03.237+0000] {local_task_job_runner.py:243} INFO - Task exited with return code 0
[2026-05-10T12:18:03.257+0000] {taskinstance.py:3503} INFO - 1 downstream tasks scheduled from follow-on schedule check
[2026-05-10T12:18:03.258+0000] {local_task_job_runner.py:222} INFO - ::endgroup::
