[2026-05-10T10:31:30.441+0000] {local_task_job_runner.py:120} INFO - ::group::Pre task execution logs
[2026-05-10T10:31:30.460+0000] {taskinstance.py:2076} INFO - Dependencies all met for dep_context=non-requeueable deps ti=<TaskInstance: sync_to_clickhouse.sync_weather manual__2026-05-10T10:31:29.046911+00:00 [queued]>
[2026-05-10T10:31:30.466+0000] {taskinstance.py:2076} INFO - Dependencies all met for dep_context=requeueable deps ti=<TaskInstance: sync_to_clickhouse.sync_weather manual__2026-05-10T10:31:29.046911+00:00 [queued]>
[2026-05-10T10:31:30.466+0000] {taskinstance.py:2306} INFO - Starting attempt 1 of 2
[2026-05-10T10:31:30.477+0000] {taskinstance.py:2330} INFO - Executing <Task(PythonOperator): sync_weather> on 2026-05-10 10:31:29.046911+00:00
[2026-05-10T10:31:30.485+0000] {warnings.py:112} WARNING - /home/***/.local/lib/python3.12/site-packages/***/task/task_runner/standard_task_runner.py:62: DeprecationWarning: This process (pid=88) is multi-threaded, use of fork() may lead to deadlocks in the child.
  pid = os.fork()

[2026-05-10T10:31:30.487+0000] {standard_task_runner.py:64} INFO - Started process 90 to run task
[2026-05-10T10:31:30.487+0000] {standard_task_runner.py:90} INFO - Running: ['***', 'tasks', 'run', 'sync_to_clickhouse', 'sync_weather', 'manual__2026-05-10T10:31:29.046911+00:00', '--job-id', '42', '--raw', '--subdir', 'DAGS_FOLDER/sync_to_clickhouse.py', '--cfg-path', '/tmp/tmpz7xxjkvw']
[2026-05-10T10:31:30.489+0000] {standard_task_runner.py:91} INFO - Job 42: Subtask sync_weather
[2026-05-10T10:31:30.532+0000] {task_command.py:426} INFO - Running <TaskInstance: sync_to_clickhouse.sync_weather manual__2026-05-10T10:31:29.046911+00:00 [running]> on host e9208123e702
[2026-05-10T10:31:30.599+0000] {taskinstance.py:2648} INFO - Exporting env vars: AIRFLOW_CTX_DAG_OWNER='Cheburek' AIRFLOW_CTX_DAG_ID='sync_to_clickhouse' AIRFLOW_CTX_TASK_ID='sync_weather' AIRFLOW_CTX_EXECUTION_DATE='2026-05-10T10:31:29.046911+00:00' AIRFLOW_CTX_TRY_NUMBER='1' AIRFLOW_CTX_DAG_RUN_ID='manual__2026-05-10T10:31:29.046911+00:00'
[2026-05-10T10:31:30.601+0000] {taskinstance.py:430} INFO - ::endgroup::
[2026-05-10T10:31:30.610+0000] {taskinstance.py:441} INFO - ::group::Post task execution logs
[2026-05-10T10:31:30.611+0000] {taskinstance.py:2905} ERROR - Task failed with exception
Traceback (most recent call last):
  File "/home/airflow/.local/lib/python3.12/site-packages/airflow/models/taskinstance.py", line 465, in _execute_task
    result = _execute_callable(context=context, **execute_callable_kwargs)
             ^^^^^^^^^^^^^^^^^^^^^^^^^^^^^^^^^^^^^^^^^^^^^^^^^^^^^^^^^^^^^
  File "/home/airflow/.local/lib/python3.12/site-packages/airflow/models/taskinstance.py", line 432, in _execute_callable
    return execute_callable(context=context, **execute_callable_kwargs)
           ^^^^^^^^^^^^^^^^^^^^^^^^^^^^^^^^^^^^^^^^^^^^^^^^^^^^^^^^^^^^
  File "/home/airflow/.local/lib/python3.12/site-packages/airflow/models/baseoperator.py", line 401, in wrapper
    return func(self, *args, **kwargs)
           ^^^^^^^^^^^^^^^^^^^^^^^^^^^
  File "/home/airflow/.local/lib/python3.12/site-packages/airflow/operators/python.py", line 235, in execute
    return_value = self.execute_callable()
                   ^^^^^^^^^^^^^^^^^^^^^^^
  File "/home/airflow/.local/lib/python3.12/site-packages/airflow/operators/python.py", line 252, in execute_callable
    return self.python_callable(*self.op_args, **self.op_kwargs)
           ^^^^^^^^^^^^^^^^^^^^^^^^^^^^^^^^^^^^^^^^^^^^^^^^^^^^^
  File "/opt/airflow/dags/sync_to_clickhouse.py", line 24, in sync_weather
    ch = get_ch_client()
         ^^^^^^^^^^^^^^^
  File "/opt/airflow/dags/sync_to_clickhouse.py", line 15, in get_ch_client
    return clickhouse_connect.get_client(
           ^^^^^^^^^^^^^^^^^^^^^^^^^^^^^^
  File "/home/airflow/.local/lib/python3.12/site-packages/clickhouse_connect/driver/__init__.py", line 138, in create_client
    return HttpClient(interface, host, port, username, password, database, access_token,
           ^^^^^^^^^^^^^^^^^^^^^^^^^^^^^^^^^^^^^^^^^^^^^^^^^^^^^^^^^^^^^^^^^^^^^^^^^^^^^
  File "/home/airflow/.local/lib/python3.12/site-packages/clickhouse_connect/driver/httpclient.py", line 184, in __init__
    super().__init__(database=database,
  File "/home/airflow/.local/lib/python3.12/site-packages/clickhouse_connect/driver/client.py", line 229, in __init__
    self._init_common_settings(resolved_tz_source)
  File "/home/airflow/.local/lib/python3.12/site-packages/clickhouse_connect/driver/client.py", line 234, in _init_common_settings
    tuple(self.command('SELECT version(), timezone()', use_database=False))
          ^^^^^^^^^^^^^^^^^^^^^^^^^^^^^^^^^^^^^^^^^^^^^^^^^^^^^^^^^^^^^^^^
  File "/home/airflow/.local/lib/python3.12/site-packages/clickhouse_connect/driver/httpclient.py", line 432, in command
    response = self._raw_request(payload, params, headers, method, fields=fields, server_wait=False)
               ^^^^^^^^^^^^^^^^^^^^^^^^^^^^^^^^^^^^^^^^^^^^^^^^^^^^^^^^^^^^^^^^^^^^^^^^^^^^^^^^^^^^^
  File "/home/airflow/.local/lib/python3.12/site-packages/clickhouse_connect/driver/httpclient.py", line 571, in _raw_request
    self._error_handler(response)
  File "/home/airflow/.local/lib/python3.12/site-packages/clickhouse_connect/driver/httpclient.py", line 488, in _error_handler
    raise OperationalError(err_str) if retried else DatabaseError(err_str) from None
clickhouse_connect.driver.exceptions.DatabaseError: Received ClickHouse exception, code: 516, server response: Code: 516. DB::Exception: ch_user: Authentication failed: password is incorrect, or there is no user with such name. (AUTHENTICATION_FAILED) (version 24.12.6.70 (official build)) (for url http://clickhouse:8123)
[2026-05-10T10:31:30.622+0000] {taskinstance.py:1206} INFO - Marking task as UP_FOR_RETRY. dag_id=sync_to_clickhouse, task_id=sync_weather, run_id=manual__2026-05-10T10:31:29.046911+00:00, execution_date=20260510T103129, start_date=20260510T103130, end_date=20260510T103130
[2026-05-10T10:31:30.632+0000] {standard_task_runner.py:110} ERROR - Failed to execute job 42 for task sync_weather (Received ClickHouse exception, code: 516, server response: Code: 516. DB::Exception: ch_user: Authentication failed: password is incorrect, or there is no user with such name. (AUTHENTICATION_FAILED) (version 24.12.6.70 (official build)) (for url http://clickhouse:8123); 90)
[2026-05-10T10:31:30.661+0000] {local_task_job_runner.py:243} INFO - Task exited with return code 1
[2026-05-10T10:31:30.680+0000] {taskinstance.py:3503} INFO - 0 downstream tasks scheduled from follow-on schedule check
[2026-05-10T10:31:30.682+0000] {local_task_job_runner.py:222} INFO - ::endgroup::
