[2026-05-10T12:30:04.410+0000] {local_task_job_runner.py:120} INFO - ::group::Pre task execution logs
[2026-05-10T12:30:04.429+0000] {taskinstance.py:2076} INFO - Dependencies all met for dep_context=non-requeueable deps ti=<TaskInstance: sync_to_clickhouse.sync_anomalies scheduled__2026-05-10T12:15:00+00:00 [queued]>
[2026-05-10T12:30:04.434+0000] {taskinstance.py:2076} INFO - Dependencies all met for dep_context=requeueable deps ti=<TaskInstance: sync_to_clickhouse.sync_anomalies scheduled__2026-05-10T12:15:00+00:00 [queued]>
[2026-05-10T12:30:04.435+0000] {taskinstance.py:2306} INFO - Starting attempt 1 of 2
[2026-05-10T12:30:04.443+0000] {taskinstance.py:2330} INFO - Executing <Task(PythonOperator): sync_anomalies> on 2026-05-10 12:15:00+00:00
[2026-05-10T12:30:04.452+0000] {warnings.py:112} WARNING - /home/***/.local/lib/python3.12/site-packages/***/task/task_runner/standard_task_runner.py:62: DeprecationWarning: This process (pid=107) is multi-threaded, use of fork() may lead to deadlocks in the child.
  pid = os.fork()

[2026-05-10T12:30:04.454+0000] {standard_task_runner.py:64} INFO - Started process 109 to run task
[2026-05-10T12:30:04.454+0000] {standard_task_runner.py:90} INFO - Running: ['***', 'tasks', 'run', 'sync_to_clickhouse', 'sync_anomalies', 'scheduled__2026-05-10T12:15:00+00:00', '--job-id', '31', '--raw', '--subdir', 'DAGS_FOLDER/sync_to_clickhouse.py', '--cfg-path', '/tmp/tmpxhkhtx6e']
[2026-05-10T12:30:04.457+0000] {standard_task_runner.py:91} INFO - Job 31: Subtask sync_anomalies
[2026-05-10T12:30:04.499+0000] {task_command.py:426} INFO - Running <TaskInstance: sync_to_clickhouse.sync_anomalies scheduled__2026-05-10T12:15:00+00:00 [running]> on host 4ee2d23a95b9
[2026-05-10T12:30:04.568+0000] {taskinstance.py:2648} INFO - Exporting env vars: AIRFLOW_CTX_DAG_OWNER='Cheburek' AIRFLOW_CTX_DAG_ID='sync_to_clickhouse' AIRFLOW_CTX_TASK_ID='sync_anomalies' AIRFLOW_CTX_EXECUTION_DATE='2026-05-10T12:15:00+00:00' AIRFLOW_CTX_TRY_NUMBER='1' AIRFLOW_CTX_DAG_RUN_ID='scheduled__2026-05-10T12:15:00+00:00'
[2026-05-10T12:30:04.570+0000] {taskinstance.py:430} INFO - ::endgroup::
[2026-05-10T12:30:04.624+0000] {log.py:232} WARNING - [32m12:30:04 | logger          | INFO     | Нет новых данных для синхронизации anomalies[0m
[2026-05-10T12:30:04.626+0000] {python.py:237} INFO - Done. Returned value was: None
[2026-05-10T12:30:04.626+0000] {taskinstance.py:441} INFO - ::group::Post task execution logs
[2026-05-10T12:30:04.633+0000] {taskinstance.py:1206} INFO - Marking task as SUCCESS. dag_id=sync_to_clickhouse, task_id=sync_anomalies, run_id=scheduled__2026-05-10T12:15:00+00:00, execution_date=20260510T121500, start_date=20260510T123004, end_date=20260510T123004
[2026-05-10T12:30:04.668+0000] {local_task_job_runner.py:243} INFO - Task exited with return code 0
[2026-05-10T12:30:04.682+0000] {taskinstance.py:3503} INFO - 0 downstream tasks scheduled from follow-on schedule check
[2026-05-10T12:30:04.684+0000] {local_task_job_runner.py:222} INFO - ::endgroup::
