[2026-05-10T12:12:43.185+0000] {local_task_job_runner.py:120} INFO - ::group::Pre task execution logs
[2026-05-10T12:12:43.203+0000] {taskinstance.py:2076} INFO - Dependencies all met for dep_context=non-requeueable deps ti=<TaskInstance: sync_to_clickhouse.sync_weather manual__2026-05-10T12:12:41.120900+00:00 [queued]>
[2026-05-10T12:12:43.208+0000] {taskinstance.py:2076} INFO - Dependencies all met for dep_context=requeueable deps ti=<TaskInstance: sync_to_clickhouse.sync_weather manual__2026-05-10T12:12:41.120900+00:00 [queued]>
[2026-05-10T12:12:43.209+0000] {taskinstance.py:2306} INFO - Starting attempt 1 of 2
[2026-05-10T12:12:43.218+0000] {taskinstance.py:2330} INFO - Executing <Task(PythonOperator): sync_weather> on 2026-05-10 12:12:41.120900+00:00
[2026-05-10T12:12:43.228+0000] {warnings.py:112} WARNING - /home/***/.local/lib/python3.12/site-packages/***/task/task_runner/standard_task_runner.py:62: DeprecationWarning: This process (pid=206) is multi-threaded, use of fork() may lead to deadlocks in the child.
  pid = os.fork()

[2026-05-10T12:12:43.229+0000] {standard_task_runner.py:64} INFO - Started process 208 to run task
[2026-05-10T12:12:43.229+0000] {standard_task_runner.py:90} INFO - Running: ['***', 'tasks', 'run', 'sync_to_clickhouse', 'sync_weather', 'manual__2026-05-10T12:12:41.120900+00:00', '--job-id', '15', '--raw', '--subdir', 'DAGS_FOLDER/sync_to_clickhouse.py', '--cfg-path', '/tmp/tmpwrvn5ptf']
[2026-05-10T12:12:43.232+0000] {standard_task_runner.py:91} INFO - Job 15: Subtask sync_weather
[2026-05-10T12:12:43.274+0000] {task_command.py:426} INFO - Running <TaskInstance: sync_to_clickhouse.sync_weather manual__2026-05-10T12:12:41.120900+00:00 [running]> on host dfa1561081ea
[2026-05-10T12:12:43.344+0000] {taskinstance.py:2648} INFO - Exporting env vars: AIRFLOW_CTX_DAG_OWNER='Cheburek' AIRFLOW_CTX_DAG_ID='sync_to_clickhouse' AIRFLOW_CTX_TASK_ID='sync_weather' AIRFLOW_CTX_EXECUTION_DATE='2026-05-10T12:12:41.120900+00:00' AIRFLOW_CTX_TRY_NUMBER='1' AIRFLOW_CTX_DAG_RUN_ID='manual__2026-05-10T12:12:41.120900+00:00'
[2026-05-10T12:12:43.346+0000] {taskinstance.py:430} INFO - ::endgroup::
[2026-05-10T12:12:43.395+0000] {log.py:232} WARNING - [32m12:12:43 | logger          | INFO     | Синхронизировано 59 записей weather[0m
[2026-05-10T12:12:43.397+0000] {python.py:237} INFO - Done. Returned value was: None
[2026-05-10T12:12:43.397+0000] {taskinstance.py:441} INFO - ::group::Post task execution logs
[2026-05-10T12:12:43.405+0000] {taskinstance.py:1206} INFO - Marking task as SUCCESS. dag_id=sync_to_clickhouse, task_id=sync_weather, run_id=manual__2026-05-10T12:12:41.120900+00:00, execution_date=20260510T121241, start_date=20260510T121243, end_date=20260510T121243
[2026-05-10T12:12:43.443+0000] {local_task_job_runner.py:243} INFO - Task exited with return code 0
[2026-05-10T12:12:43.463+0000] {taskinstance.py:3503} INFO - 1 downstream tasks scheduled from follow-on schedule check
[2026-05-10T12:12:43.465+0000] {local_task_job_runner.py:222} INFO - ::endgroup::
