[2026-05-10T12:30:02.303+0000] {local_task_job_runner.py:120} INFO - ::group::Pre task execution logs
[2026-05-10T12:30:02.322+0000] {taskinstance.py:2076} INFO - Dependencies all met for dep_context=non-requeueable deps ti=<TaskInstance: sync_to_clickhouse.sync_anomalies manual__2026-05-10T12:29:57.315219+00:00 [queued]>
[2026-05-10T12:30:02.327+0000] {taskinstance.py:2076} INFO - Dependencies all met for dep_context=requeueable deps ti=<TaskInstance: sync_to_clickhouse.sync_anomalies manual__2026-05-10T12:29:57.315219+00:00 [queued]>
[2026-05-10T12:30:02.328+0000] {taskinstance.py:2306} INFO - Starting attempt 1 of 2
[2026-05-10T12:30:02.338+0000] {taskinstance.py:2330} INFO - Executing <Task(PythonOperator): sync_anomalies> on 2026-05-10 12:29:57.315219+00:00
[2026-05-10T12:30:02.348+0000] {warnings.py:112} WARNING - /home/***/.local/lib/python3.12/site-packages/***/task/task_runner/standard_task_runner.py:62: DeprecationWarning: This process (pid=100) is multi-threaded, use of fork() may lead to deadlocks in the child.
  pid = os.fork()

[2026-05-10T12:30:02.349+0000] {standard_task_runner.py:90} INFO - Running: ['***', 'tasks', 'run', 'sync_to_clickhouse', 'sync_anomalies', 'manual__2026-05-10T12:29:57.315219+00:00', '--job-id', '30', '--raw', '--subdir', 'DAGS_FOLDER/sync_to_clickhouse.py', '--cfg-path', '/tmp/tmp69vzeafg']
[2026-05-10T12:30:02.351+0000] {standard_task_runner.py:64} INFO - Started process 104 to run task
[2026-05-10T12:30:02.352+0000] {standard_task_runner.py:91} INFO - Job 30: Subtask sync_anomalies
[2026-05-10T12:30:02.390+0000] {task_command.py:426} INFO - Running <TaskInstance: sync_to_clickhouse.sync_anomalies manual__2026-05-10T12:29:57.315219+00:00 [running]> on host 4ee2d23a95b9
[2026-05-10T12:30:02.459+0000] {taskinstance.py:2648} INFO - Exporting env vars: AIRFLOW_CTX_DAG_OWNER='Cheburek' AIRFLOW_CTX_DAG_ID='sync_to_clickhouse' AIRFLOW_CTX_TASK_ID='sync_anomalies' AIRFLOW_CTX_EXECUTION_DATE='2026-05-10T12:29:57.315219+00:00' AIRFLOW_CTX_TRY_NUMBER='1' AIRFLOW_CTX_DAG_RUN_ID='manual__2026-05-10T12:29:57.315219+00:00'
[2026-05-10T12:30:02.460+0000] {taskinstance.py:430} INFO - ::endgroup::
[2026-05-10T12:30:02.513+0000] {log.py:232} WARNING - [32m12:30:02 | logger          | INFO     | Синхронизировано 7 записей anomalies[0m
[2026-05-10T12:30:02.515+0000] {python.py:237} INFO - Done. Returned value was: None
[2026-05-10T12:30:02.515+0000] {taskinstance.py:441} INFO - ::group::Post task execution logs
[2026-05-10T12:30:02.524+0000] {taskinstance.py:1206} INFO - Marking task as SUCCESS. dag_id=sync_to_clickhouse, task_id=sync_anomalies, run_id=manual__2026-05-10T12:29:57.315219+00:00, execution_date=20260510T122957, start_date=20260510T123002, end_date=20260510T123002
[2026-05-10T12:30:02.565+0000] {local_task_job_runner.py:243} INFO - Task exited with return code 0
[2026-05-10T12:30:02.580+0000] {taskinstance.py:3503} INFO - 0 downstream tasks scheduled from follow-on schedule check
[2026-05-10T12:30:02.581+0000] {local_task_job_runner.py:222} INFO - ::endgroup::
