[2026-05-10T11:56:12.049+0000] {local_task_job_runner.py:120} INFO - ::group::Pre task execution logs
[2026-05-10T11:56:12.070+0000] {taskinstance.py:2076} INFO - Dependencies all met for dep_context=non-requeueable deps ti=<TaskInstance: sync_to_clickhouse.sync_weather scheduled__2026-05-10T11:30:00+00:00 [queued]>
[2026-05-10T11:56:12.076+0000] {taskinstance.py:2076} INFO - Dependencies all met for dep_context=requeueable deps ti=<TaskInstance: sync_to_clickhouse.sync_weather scheduled__2026-05-10T11:30:00+00:00 [queued]>
[2026-05-10T11:56:12.076+0000] {taskinstance.py:2306} INFO - Starting attempt 1 of 2
[2026-05-10T11:56:12.088+0000] {taskinstance.py:2330} INFO - Executing <Task(PythonOperator): sync_weather> on 2026-05-10 11:30:00+00:00
[2026-05-10T11:56:12.096+0000] {warnings.py:112} WARNING - /home/***/.local/lib/python3.12/site-packages/***/task/task_runner/standard_task_runner.py:62: DeprecationWarning: This process (pid=67) is multi-threaded, use of fork() may lead to deadlocks in the child.
  pid = os.fork()

[2026-05-10T11:56:12.098+0000] {standard_task_runner.py:64} INFO - Started process 69 to run task
[2026-05-10T11:56:12.099+0000] {standard_task_runner.py:90} INFO - Running: ['***', 'tasks', 'run', 'sync_to_clickhouse', 'sync_weather', 'scheduled__2026-05-10T11:30:00+00:00', '--job-id', '7', '--raw', '--subdir', 'DAGS_FOLDER/sync_to_clickhouse.py', '--cfg-path', '/tmp/tmp89yp861m']
[2026-05-10T11:56:12.101+0000] {standard_task_runner.py:91} INFO - Job 7: Subtask sync_weather
[2026-05-10T11:56:12.143+0000] {task_command.py:426} INFO - Running <TaskInstance: sync_to_clickhouse.sync_weather scheduled__2026-05-10T11:30:00+00:00 [running]> on host 2b82a1489db8
[2026-05-10T11:56:12.210+0000] {taskinstance.py:2648} INFO - Exporting env vars: AIRFLOW_CTX_DAG_OWNER='Cheburek' AIRFLOW_CTX_DAG_ID='sync_to_clickhouse' AIRFLOW_CTX_TASK_ID='sync_weather' AIRFLOW_CTX_EXECUTION_DATE='2026-05-10T11:30:00+00:00' AIRFLOW_CTX_TRY_NUMBER='1' AIRFLOW_CTX_DAG_RUN_ID='scheduled__2026-05-10T11:30:00+00:00'
[2026-05-10T11:56:12.212+0000] {taskinstance.py:430} INFO - ::endgroup::
[2026-05-10T11:56:12.222+0000] {taskinstance.py:441} INFO - ::group::Post task execution logs
[2026-05-10T11:56:12.222+0000] {taskinstance.py:2905} ERROR - Task failed with exception
Traceback (most recent call last):
  File "/home/airflow/.local/lib/python3.12/site-packages/airflow/models/taskinstance.py", line 465, in _execute_task
    result = _execute_callable(context=context, **execute_callable_kwargs)
             ^^^^^^^^^^^^^^^^^^^^^^^^^^^^^^^^^^^^^^^^^^^^^^^^^^^^^^^^^^^^^
  File "/home/airflow/.local/lib/python3.12/site-packages/airflow/models/taskinstance.py", line 432, in _execute_callable
    return execute_callable(context=context, **execute_callable_kwargs)
           ^^^^^^^^^^^^^^^^^^^^^^^^^^^^^^^^^^^^^^^^^^^^^^^^^^^^^^^^^^^^
  File "/home/airflow/.local/lib/python3.12/site-packages/airflow/models/baseoperator.py", line 401, in wrapper
    return func(self, *args, **kwargs)
           ^^^^^^^^^^^^^^^^^^^^^^^^^^^
  File "/home/airflow/.local/lib/python3.12/site-packages/airflow/operators/python.py", line 235, in execute
    return_value = self.execute_callable()
                   ^^^^^^^^^^^^^^^^^^^^^^^
  File "/home/airflow/.local/lib/python3.12/site-packages/airflow/operators/python.py", line 252, in execute_callable
    return self.python_callable(*self.op_args, **self.op_kwargs)
           ^^^^^^^^^^^^^^^^^^^^^^^^^^^^^^^^^^^^^^^^^^^^^^^^^^^^^
  File "/opt/airflow/dags/sync_to_clickhouse.py", line 24, in sync_weather
    ch = get_ch_client()
         ^^^^^^^^^^^^^^^
  File "/opt/airflow/dags/sync_to_clickhouse.py", line 15, in get_ch_client
    return clickhouse_connect.get_client(
           ^^^^^^^^^^^^^^^^^^^^^^^^^^^^^^
  File "/home/airflow/.local/lib/python3.12/site-packages/clickhouse_connect/driver/__init__.py", line 138, in create_client
    return HttpClient(interface, host, port, username, password, database, access_token,
           ^^^^^^^^^^^^^^^^^^^^^^^^^^^^^^^^^^^^^^^^^^^^^^^^^^^^^^^^^^^^^^^^^^^^^^^^^^^^^
  File "/home/airflow/.local/lib/python3.12/site-packages/clickhouse_connect/driver/httpclient.py", line 184, in __init__
    super().__init__(database=database,
  File "/home/airflow/.local/lib/python3.12/site-packages/clickhouse_connect/driver/client.py", line 229, in __init__
    self._init_common_settings(resolved_tz_source)
  File "/home/airflow/.local/lib/python3.12/site-packages/clickhouse_connect/driver/client.py", line 234, in _init_common_settings
    tuple(self.command('SELECT version(), timezone()', use_database=False))
          ^^^^^^^^^^^^^^^^^^^^^^^^^^^^^^^^^^^^^^^^^^^^^^^^^^^^^^^^^^^^^^^^
  File "/home/airflow/.local/lib/python3.12/site-packages/clickhouse_connect/driver/httpclient.py", line 432, in command
    response = self._raw_request(payload, params, headers, method, fields=fields, server_wait=False)
               ^^^^^^^^^^^^^^^^^^^^^^^^^^^^^^^^^^^^^^^^^^^^^^^^^^^^^^^^^^^^^^^^^^^^^^^^^^^^^^^^^^^^^
  File "/home/airflow/.local/lib/python3.12/site-packages/clickhouse_connect/driver/httpclient.py", line 571, in _raw_request
    self._error_handler(response)
  File "/home/airflow/.local/lib/python3.12/site-packages/clickhouse_connect/driver/httpclient.py", line 488, in _error_handler
    raise OperationalError(err_str) if retried else DatabaseError(err_str) from None
clickhouse_connect.driver.exceptions.DatabaseError: Received ClickHouse exception, code: 516, server response: Code: 516. DB::Exception: default: Authentication failed: password is incorrect, or there is no user with such name.

If you have installed ClickHouse and forgot password you can reset it in the configuration file.
The password for default user is typically located at /etc/clickhouse-server/users.d/default-password.xml
and deleting this file will reset the password.
See also /etc/clickhouse-server/users.xml on the server where ClickHouse is installed.

. (AUTHENTICATION_FAILED) (version 24.12.6.70 (official build)) (for url http://clickhouse:8123)
[2026-05-10T11:56:12.232+0000] {taskinstance.py:1206} INFO - Marking task as UP_FOR_RETRY. dag_id=sync_to_clickhouse, task_id=sync_weather, run_id=scheduled__2026-05-10T11:30:00+00:00, execution_date=20260510T113000, start_date=20260510T115612, end_date=20260510T115612
[2026-05-10T11:56:12.241+0000] {standard_task_runner.py:110} ERROR - Failed to execute job 7 for task sync_weather (Received ClickHouse exception, code: 516, server response: Code: 516. DB::Exception: default: Authentication failed: password is incorrect, or there is no user with such name.

If you have installed ClickHouse and forgot password you can reset it in the configuration file.
The password for default user is typically located at /etc/clickhouse-server/users.d/default-password.xml
and deleting this file will reset the password.
See also /etc/clickhouse-server/users.xml on the server where ClickHouse is installed.

. (AUTHENTICATION_FAILED) (version 24.12.6.70 (official build)) (for url http://clickhouse:8123); 69)
[2026-05-10T11:56:12.272+0000] {local_task_job_runner.py:243} INFO - Task exited with return code 1
[2026-05-10T11:56:12.291+0000] {taskinstance.py:3503} INFO - 0 downstream tasks scheduled from follow-on schedule check
[2026-05-10T11:56:12.292+0000] {local_task_job_runner.py:222} INFO - ::endgroup::
