[2026-05-09T22:16:01.891+0000] {local_task_job_runner.py:120} INFO - ::group::Pre task execution logs
[2026-05-09T22:16:01.908+0000] {taskinstance.py:2076} INFO - Dependencies all met for dep_context=non-requeueable deps ti=<TaskInstance: check_locations.check_all_locations scheduled__2026-05-09T22:00:00+00:00 [queued]>
[2026-05-09T22:16:01.913+0000] {taskinstance.py:2076} INFO - Dependencies all met for dep_context=requeueable deps ti=<TaskInstance: check_locations.check_all_locations scheduled__2026-05-09T22:00:00+00:00 [queued]>
[2026-05-09T22:16:01.913+0000] {taskinstance.py:2306} INFO - Starting attempt 1 of 3
[2026-05-09T22:16:01.922+0000] {taskinstance.py:2330} INFO - Executing <Task(PythonOperator): check_all_locations> on 2026-05-09 22:00:00+00:00
[2026-05-09T22:16:01.931+0000] {warnings.py:112} WARNING - /home/***/.local/lib/python3.12/site-packages/***/task/task_runner/standard_task_runner.py:62: DeprecationWarning: This process (pid=186) is multi-threaded, use of fork() may lead to deadlocks in the child.
  pid = os.fork()

[2026-05-09T22:16:01.933+0000] {standard_task_runner.py:64} INFO - Started process 188 to run task
[2026-05-09T22:16:01.933+0000] {standard_task_runner.py:90} INFO - Running: ['***', 'tasks', 'run', 'check_locations', 'check_all_locations', 'scheduled__2026-05-09T22:00:00+00:00', '--job-id', '31', '--raw', '--subdir', 'DAGS_FOLDER/check_locations.py', '--cfg-path', '/tmp/tmpeto9n0ay']
[2026-05-09T22:16:01.935+0000] {standard_task_runner.py:91} INFO - Job 31: Subtask check_all_locations
[2026-05-09T22:16:01.981+0000] {task_command.py:426} INFO - Running <TaskInstance: check_locations.check_all_locations scheduled__2026-05-09T22:00:00+00:00 [running]> on host 061f00590ca1
[2026-05-09T22:16:02.057+0000] {taskinstance.py:2648} INFO - Exporting env vars: AIRFLOW_CTX_DAG_OWNER='Cheburek' AIRFLOW_CTX_DAG_ID='check_locations' AIRFLOW_CTX_TASK_ID='check_all_locations' AIRFLOW_CTX_EXECUTION_DATE='2026-05-09T22:00:00+00:00' AIRFLOW_CTX_TRY_NUMBER='1' AIRFLOW_CTX_DAG_RUN_ID='scheduled__2026-05-09T22:00:00+00:00'
[2026-05-09T22:16:02.060+0000] {taskinstance.py:430} INFO - ::endgroup::
[2026-05-09T22:16:02.061+0000] {log.py:232} WARNING - [32m22:16:02 | logger          | INFO     | Проверяем все локации[0m
[2026-05-09T22:16:02.075+0000] {log.py:232} WARNING - [32m22:16:02 | logger          | INFO     | Проверка локации 1 (координаты 59.57, 30.19)[0m
[2026-05-09T22:16:02.091+0000] {logging_mixin.py:188} INFO - {'temp': 5.94350004196167, 'wind_speed': 8.279999732971191, 'humidity': 64.0, 'pressure': 1024.699951171875, 'latitude': 59.56721878051758, 'longitude': 30.180068969726562, 'timestamp': 1778364000, 'raw_json': {'latitude': 59.56721878051758, 'longitude': 30.180068969726562, 'elevation': 81.0, 'timezone': None, 'timezone_abbreviation': None, 'utc_offset_seconds': 0, 'current': {'time': 1778364000, 'interval': 900, 'temperature_2m': 5.94350004196167, 'wind_speed_10m': 8.279999732971191, 'relative_humidity_2m': 64.0, 'pressure_msl': 1024.699951171875}}}
[2026-05-09T22:16:02.097+0000] {logging_mixin.py:188} INFO - <services.db.models.Weather object at 0x7379a8b4ea20>
[2026-05-09T22:16:02.099+0000] {logging_mixin.py:188} INFO - Проверка аномалий
[2026-05-09T22:16:02.102+0000] {logging_mixin.py:188} INFO - Ищем похожие места
[2026-05-09T22:16:02.105+0000] {logging_mixin.py:188} INFO - Найдено похожих: 19 в радиусе 3.0° от (59.56721878051758, 30.180068969726562)
[2026-05-09T22:16:02.106+0000] {log.py:232} WARNING - [32m22:16:02 | logger          | INFO     | Аномалия: temperature: 5.94350004196167! Среднее: 8.696289363660311[0m
[2026-05-09T22:16:02.107+0000] {log.py:232} WARNING - [32m22:16:02 | logger          | INFO     | Аномалий в pressure НЕ найдено! Среднее: 1025.1526328638981, текущее: 1024.699951171875[0m
[2026-05-09T22:16:02.108+0000] {log.py:232} WARNING - [32m22:16:02 | logger          | INFO     | Аномалия: humidity: 64.0! Среднее: 55.73684210526316[0m
[2026-05-09T22:16:02.108+0000] {log.py:232} WARNING - [32m22:16:02 | logger          | INFO     | Аномалия: wind_speed: 8.279999732971191! Среднее: 12.069473567761873[0m
[2026-05-09T22:16:02.112+0000] {log.py:232} WARNING - [32m22:16:02 | logger          | INFO     | Аномалия для локации 1 не сохранена (уже существует)[0m
[2026-05-09T22:16:02.113+0000] {log.py:232} WARNING - [32m22:16:02 | logger          | INFO     | Аномалий в локации 1 не обнаружено[0m
[2026-05-09T22:16:03.118+0000] {log.py:232} WARNING - [32m22:16:03 | logger          | INFO     | Проверка локации 2 (координаты 58.33, 31.1)[0m
[2026-05-09T22:16:03.121+0000] {logging_mixin.py:188} INFO - {'temp': 11.162999153137207, 'wind_speed': 25.559999465942383, 'humidity': 49.0, 'pressure': 1023.4000244140625, 'latitude': 58.336692810058594, 'longitude': 31.097198486328125, 'timestamp': 1778364000, 'raw_json': {'latitude': 58.336692810058594, 'longitude': 31.097198486328125, 'elevation': 18.0, 'timezone': None, 'timezone_abbreviation': None, 'utc_offset_seconds': 0, 'current': {'time': 1778364000, 'interval': 900, 'temperature_2m': 11.162999153137207, 'wind_speed_10m': 25.559999465942383, 'relative_humidity_2m': 49.0, 'pressure_msl': 1023.4000244140625}}}
[2026-05-09T22:16:03.123+0000] {logging_mixin.py:188} INFO - <services.db.models.Weather object at 0x7379a8833b30>
[2026-05-09T22:16:03.125+0000] {logging_mixin.py:188} INFO - Проверка аномалий
[2026-05-09T22:16:03.126+0000] {logging_mixin.py:188} INFO - Ищем похожие места
[2026-05-09T22:16:03.127+0000] {logging_mixin.py:188} INFO - Найдено похожих: 20 в радиусе 3.0° от (58.336692810058594, 31.097198486328125)
[2026-05-09T22:16:03.127+0000] {log.py:232} WARNING - [32m22:16:03 | logger          | INFO     | Аномалия: temperature: 11.162999153137207! Среднее: 8.819624853134155[0m
[2026-05-09T22:16:03.128+0000] {log.py:232} WARNING - [32m22:16:03 | logger          | INFO     | Аномалий в pressure НЕ найдено! Среднее: 1025.0650024414062, текущее: 1023.4000244140625[0m
[2026-05-09T22:16:03.129+0000] {log.py:232} WARNING - [32m22:16:03 | logger          | INFO     | Аномалия: humidity: 49.0! Среднее: 55.4[0m
[2026-05-09T22:16:03.129+0000] {log.py:232} WARNING - [32m22:16:03 | logger          | INFO     | Аномалия: wind_speed: 25.559999465942383! Среднее: 12.743999862670899[0m
[2026-05-09T22:16:03.131+0000] {log.py:232} WARNING - [32m22:16:03 | logger          | INFO     | Аномалия для локации 2 не сохранена (уже существует)[0m
[2026-05-09T22:16:03.131+0000] {log.py:232} WARNING - [32m22:16:03 | logger          | INFO     | Аномалий в локации 2 не обнаружено[0m
[2026-05-09T22:16:04.135+0000] {log.py:232} WARNING - [32m22:16:04 | logger          | INFO     | Проверка локации 3 (координаты 61.23, 29.12)[0m
[2026-05-09T22:16:04.138+0000] {logging_mixin.py:188} INFO - {'temp': 5.774499893188477, 'wind_speed': 4.679999828338623, 'humidity': 61.0, 'pressure': 1025.800048828125, 'latitude': 61.229698181152344, 'longitude': 29.11181640625, 'timestamp': 1778364000, 'raw_json': {'latitude': 61.229698181152344, 'longitude': 29.11181640625, 'elevation': 119.0, 'timezone': None, 'timezone_abbreviation': None, 'utc_offset_seconds': 0, 'current': {'time': 1778364000, 'interval': 900, 'temperature_2m': 5.774499893188477, 'wind_speed_10m': 4.679999828338623, 'relative_humidity_2m': 61.0, 'pressure_msl': 1025.800048828125}}}
[2026-05-09T22:16:04.141+0000] {logging_mixin.py:188} INFO - <services.db.models.Weather object at 0x7379a8b07290>
[2026-05-09T22:16:04.143+0000] {logging_mixin.py:188} INFO - Проверка аномалий
[2026-05-09T22:16:04.144+0000] {logging_mixin.py:188} INFO - Ищем похожие места
[2026-05-09T22:16:04.145+0000] {logging_mixin.py:188} INFO - Найдено похожих: 21 в радиусе 3.0° от (61.229698181152344, 29.11181640625)
[2026-05-09T22:16:04.146+0000] {log.py:232} WARNING - [32m22:16:04 | logger          | INFO     | Аномалия: temperature: 5.774499893188477! Среднее: 8.674618902660551[0m
[2026-05-09T22:16:04.146+0000] {log.py:232} WARNING - [32m22:16:04 | logger          | INFO     | Аномалий в pressure НЕ найдено! Среднее: 1025.1000046502977, текущее: 1025.800048828125[0m
[2026-05-09T22:16:04.147+0000] {log.py:232} WARNING - [32m22:16:04 | logger          | INFO     | Аномалий в humidity НЕ найдено! Среднее: 55.666666666666664, текущее: 61.0[0m
[2026-05-09T22:16:04.148+0000] {log.py:232} WARNING - [32m22:16:04 | logger          | INFO     | Аномалия: wind_speed: 4.679999828338623! Среднее: 12.359999861036028[0m
[2026-05-09T22:16:04.150+0000] {log.py:232} WARNING - [32m22:16:04 | logger          | INFO     | Аномалия для локации 3 не сохранена (уже существует)[0m
[2026-05-09T22:16:04.151+0000] {log.py:232} WARNING - [32m22:16:04 | logger          | INFO     | Аномалий в локации 3 не обнаружено[0m
[2026-05-09T22:16:05.154+0000] {log.py:232} WARNING - [32m22:16:05 | logger          | INFO     | Проверка локации 4 (координаты 12.99, 99.12)[0m
[2026-05-09T22:16:05.157+0000] {logging_mixin.py:188} INFO - {'temp': 20.988500595092773, 'wind_speed': 1.6595180034637451, 'humidity': 89.46121978759766, 'pressure': 1010.5999755859375, 'latitude': 12.970123291015625, 'longitude': 99.16363525390625, 'timestamp': 1778364000, 'raw_json': {'latitude': 12.970123291015625, 'longitude': 99.16363525390625, 'elevation': 760.0, 'timezone': None, 'timezone_abbreviation': None, 'utc_offset_seconds': 0, 'current': {'time': 1778364000, 'interval': 900, 'temperature_2m': 20.988500595092773, 'wind_speed_10m': 1.6595180034637451, 'relative_humidity_2m': 89.46121978759766, 'pressure_msl': 1010.5999755859375}}}
[2026-05-09T22:16:05.160+0000] {logging_mixin.py:188} INFO - <services.db.models.Weather object at 0x7379a894fec0>
[2026-05-09T22:16:05.161+0000] {logging_mixin.py:188} INFO - Проверка аномалий
[2026-05-09T22:16:05.162+0000] {logging_mixin.py:188} INFO - Ищем похожие места
[2026-05-09T22:16:05.163+0000] {logging_mixin.py:188} INFO - Найдено похожих: 7 в радиусе 3.0° от (12.970123291015625, 99.16363525390625)
[2026-05-09T22:16:05.163+0000] {log.py:232} WARNING - [32m22:16:05 | logger          | INFO     | Аномалий в temperature НЕ найдено! Среднее: 21.12421417236328, текущее: 20.988500595092773[0m
[2026-05-09T22:16:05.164+0000] {log.py:232} WARNING - [32m22:16:05 | logger          | INFO     | Аномалий в pressure НЕ найдено! Среднее: 1010.8714076450893, текущее: 1010.5999755859375[0m
[2026-05-09T22:16:05.165+0000] {log.py:232} WARNING - [32m22:16:05 | logger          | INFO     | Аномалий в humidity НЕ найдено! Среднее: 91.65774318150112, текущее: 89.46121978759766[0m
[2026-05-09T22:16:05.165+0000] {log.py:232} WARNING - [32m22:16:05 | logger          | INFO     | Аномалия: wind_speed: 1.6595180034637451! Среднее: 2.2403033460889543[0m
[2026-05-09T22:16:05.167+0000] {log.py:232} WARNING - [32m22:16:05 | logger          | INFO     | Аномалия для локации 4 не сохранена (уже существует)[0m
[2026-05-09T22:16:05.168+0000] {log.py:232} WARNING - [32m22:16:05 | logger          | INFO     | Аномалий в локации 4 не обнаружено[0m
[2026-05-09T22:16:06.171+0000] {log.py:232} WARNING - [32m22:16:06 | logger          | INFO     | Проверка локации 5 (координаты 40.4, 40.4)[0m
[2026-05-09T22:16:06.174+0000] {logging_mixin.py:188} INFO - {'temp': 7.426000118255615, 'wind_speed': 1.6099690198898315, 'humidity': 74.0, 'pressure': 1018.7000122070312, 'latitude': 40.375, 'longitude': 40.375, 'timestamp': 1778364000, 'raw_json': {'latitude': 40.375, 'longitude': 40.375, 'elevation': 1619.0, 'timezone': None, 'timezone_abbreviation': None, 'utc_offset_seconds': 0, 'current': {'time': 1778364000, 'interval': 900, 'temperature_2m': 7.426000118255615, 'wind_speed_10m': 1.6099690198898315, 'relative_humidity_2m': 74.0, 'pressure_msl': 1018.7000122070312}}}
[2026-05-09T22:16:06.176+0000] {logging_mixin.py:188} INFO - <services.db.models.Weather object at 0x7379a894fec0>
[2026-05-09T22:16:06.178+0000] {logging_mixin.py:188} INFO - Проверка аномалий
[2026-05-09T22:16:06.179+0000] {logging_mixin.py:188} INFO - Ищем похожие места
[2026-05-09T22:16:06.180+0000] {logging_mixin.py:188} INFO - Найдено похожих: 7 в радиусе 3.0° от (40.375, 40.375)
[2026-05-09T22:16:06.180+0000] {log.py:232} WARNING - [32m22:16:06 | logger          | INFO     | Аномалия: temperature: 7.426000118255615! Среднее: 8.67599984577724[0m
[2026-05-09T22:16:06.181+0000] {log.py:232} WARNING - [32m22:16:06 | logger          | INFO     | Аномалий в pressure НЕ найдено! Среднее: 1018.3000052315848, текущее: 1018.7000122070312[0m
[2026-05-09T22:16:06.181+0000] {log.py:232} WARNING - [32m22:16:06 | logger          | INFO     | Аномалия: humidity: 74.0! Среднее: 64.85714285714286[0m
[2026-05-09T22:16:06.182+0000] {log.py:232} WARNING - [32m22:16:06 | logger          | INFO     | Аномалий в wind_speed НЕ найдено! Среднее: 1.7742430652890886, текущее: 1.6099690198898315[0m
[2026-05-09T22:16:06.184+0000] {log.py:232} WARNING - [32m22:16:06 | logger          | INFO     | Аномалия для локации 5 не сохранена (уже существует)[0m
[2026-05-09T22:16:06.184+0000] {log.py:232} WARNING - [32m22:16:06 | logger          | INFO     | Аномалий в локации 5 не обнаружено[0m
[2026-05-09T22:16:07.188+0000] {log.py:232} WARNING - [32m22:16:07 | logger          | INFO     | Проверка локации 6 (координаты 40.2, 20.4)[0m
[2026-05-09T22:16:07.190+0000] {logging_mixin.py:188} INFO - {'temp': 12.554499626159668, 'wind_speed': 5.86037540435791, 'humidity': 96.0, 'pressure': 1018.2999877929688, 'latitude': 40.25, 'longitude': 20.4375, 'timestamp': 1778364000, 'raw_json': {'latitude': 40.25, 'longitude': 20.4375, 'elevation': 264.0, 'timezone': None, 'timezone_abbreviation': None, 'utc_offset_seconds': 0, 'current': {'time': 1778364000, 'interval': 900, 'temperature_2m': 12.554499626159668, 'wind_speed_10m': 5.86037540435791, 'relative_humidity_2m': 96.0, 'pressure_msl': 1018.2999877929688}}}
[2026-05-09T22:16:07.193+0000] {logging_mixin.py:188} INFO - <services.db.models.Weather object at 0x7379a919e750>
[2026-05-09T22:16:07.194+0000] {logging_mixin.py:188} INFO - Проверка аномалий
[2026-05-09T22:16:07.196+0000] {logging_mixin.py:188} INFO - Ищем похожие места
[2026-05-09T22:16:07.196+0000] {logging_mixin.py:188} INFO - Найдено похожих: 6 в радиусе 3.0° от (40.25, 20.4375)
[2026-05-09T22:16:07.197+0000] {log.py:232} WARNING - [32m22:16:07 | logger          | INFO     | Аномалий в temperature НЕ найдено! Среднее: 13.654499689737955, текущее: 12.554499626159668[0m
[2026-05-09T22:16:07.197+0000] {log.py:232} WARNING - [32m22:16:07 | logger          | INFO     | Аномалий в pressure НЕ найдено! Среднее: 1017.4833170572916, текущее: 1018.2999877929688[0m
[2026-05-09T22:16:07.198+0000] {log.py:232} WARNING - [32m22:16:07 | logger          | INFO     | Аномалий в humidity НЕ найдено! Среднее: 91.83333333333333, текущее: 96.0[0m
[2026-05-09T22:16:07.199+0000] {log.py:232} WARNING - [32m22:16:07 | logger          | INFO     | Аномалия: wind_speed: 5.86037540435791! Среднее: 4.251605113347371[0m
[2026-05-09T22:16:07.200+0000] {log.py:232} WARNING - [32m22:16:07 | logger          | INFO     | Аномалия для локации 6 не сохранена (уже существует)[0m
[2026-05-09T22:16:07.201+0000] {log.py:232} WARNING - [32m22:16:07 | logger          | INFO     | Аномалий в локации 6 не обнаружено[0m
[2026-05-09T22:16:08.204+0000] {log.py:232} WARNING - [32m22:16:08 | logger          | INFO     | Проверка локации 7 (координаты 70.2, 30.4)[0m
[2026-05-09T22:16:08.207+0000] {logging_mixin.py:188} INFO - {'temp': 3.4144999980926514, 'wind_speed': 24.119998931884766, 'humidity': 79.0, 'pressure': 1020.2999877929688, 'latitude': 70.20964050292969, 'longitude': 30.406463623046875, 'timestamp': 1778364000, 'raw_json': {'latitude': 70.20964050292969, 'longitude': 30.406463623046875, 'elevation': 0.0, 'timezone': None, 'timezone_abbreviation': None, 'utc_offset_seconds': 0, 'current': {'time': 1778364000, 'interval': 900, 'temperature_2m': 3.4144999980926514, 'wind_speed_10m': 24.119998931884766, 'relative_humidity_2m': 79.0, 'pressure_msl': 1020.2999877929688}}}
[2026-05-09T22:16:08.210+0000] {logging_mixin.py:188} INFO - <services.db.models.Weather object at 0x7379a919e750>
[2026-05-09T22:16:08.211+0000] {logging_mixin.py:188} INFO - Проверка аномалий
[2026-05-09T22:16:08.212+0000] {logging_mixin.py:188} INFO - Ищем похожие места
[2026-05-09T22:16:08.213+0000] {logging_mixin.py:188} INFO - Найдено похожих: 5 в радиусе 3.0° от (70.20964050292969, 30.406463623046875)
[2026-05-09T22:16:08.213+0000] {log.py:232} WARNING - [32m22:16:08 | logger          | INFO     | Аномалий в temperature НЕ найдено! Среднее: 3.594500017166138, текущее: 3.4144999980926514[0m
[2026-05-09T22:16:08.214+0000] {log.py:232} WARNING - [32m22:16:08 | logger          | INFO     | Аномалий в pressure НЕ найдено! Среднее: 1021.2599975585938, текущее: 1020.2999877929688[0m
[2026-05-09T22:16:08.215+0000] {log.py:232} WARNING - [32m22:16:08 | logger          | INFO     | Аномалий в humidity НЕ найдено! Среднее: 79.8, текущее: 79.0[0m
[2026-05-09T22:16:08.215+0000] {log.py:232} WARNING - [32m22:16:08 | logger          | INFO     | Аномалий в wind_speed НЕ найдено! Среднее: 23.399998474121094, текущее: 24.119998931884766[0m
[2026-05-09T22:16:08.216+0000] {log.py:232} WARNING - [32m22:16:08 | logger          | INFO     | Аномалий в локации 7 не обнаружено[0m
[2026-05-09T22:16:09.220+0000] {log.py:232} WARNING - [32m22:16:09 | logger          | INFO     | Проверка локации 8 (координаты 55.45, 37.37)[0m
[2026-05-09T22:16:09.223+0000] {logging_mixin.py:188} INFO - {'temp': 8.741499900817871, 'wind_speed': 6.989935398101807, 'humidity': 56.0, 'pressure': 1022.5999755859375, 'latitude': 55.4375, 'longitude': 37.375, 'timestamp': 1778364000, 'raw_json': {'latitude': 55.4375, 'longitude': 37.375, 'elevation': 183.0, 'timezone': None, 'timezone_abbreviation': None, 'utc_offset_seconds': 0, 'current': {'time': 1778364000, 'interval': 900, 'temperature_2m': 8.741499900817871, 'wind_speed_10m': 6.989935398101807, 'relative_humidity_2m': 56.0, 'pressure_msl': 1022.5999755859375}}}
[2026-05-09T22:16:09.226+0000] {logging_mixin.py:188} INFO - <services.db.models.Weather object at 0x7379a919e750>
[2026-05-09T22:16:09.227+0000] {logging_mixin.py:188} INFO - Проверка аномалий
[2026-05-09T22:16:09.228+0000] {logging_mixin.py:188} INFO - Ищем похожие места
[2026-05-09T22:16:09.229+0000] {logging_mixin.py:188} INFO - Найдено похожих: 7 в радиусе 3.0° от (55.4375, 37.375)
[2026-05-09T22:16:09.230+0000] {log.py:232} WARNING - [32m22:16:09 | logger          | INFO     | Аномалий в temperature НЕ найдено! Среднее: 9.220071111406599, текущее: 8.741499900817871[0m
[2026-05-09T22:16:09.230+0000] {log.py:232} WARNING - [32m22:16:09 | logger          | INFO     | Аномалий в pressure НЕ найдено! Среднее: 1022.585693359375, текущее: 1022.5999755859375[0m
[2026-05-09T22:16:09.231+0000] {log.py:232} WARNING - [32m22:16:09 | logger          | INFO     | Аномалий в humidity НЕ найдено! Среднее: 56.57142857142857, текущее: 56.0[0m
[2026-05-09T22:16:09.231+0000] {log.py:232} WARNING - [32m22:16:09 | logger          | INFO     | Аномалий в wind_speed НЕ найдено! Среднее: 6.968689169202532, текущее: 6.989935398101807[0m
[2026-05-09T22:16:09.233+0000] {log.py:232} WARNING - [32m22:16:09 | logger          | INFO     | Аномалий в локации 8 не обнаружено[0m
[2026-05-09T22:16:10.236+0000] {log.py:232} WARNING - [32m22:16:10 | logger          | INFO     | Проверка локации 9 (координаты 40.42, 74.0)[0m
[2026-05-09T22:16:10.239+0000] {logging_mixin.py:188} INFO - {'temp': 6.638000011444092, 'wind_speed': 1.9881649017333984, 'humidity': 82.60759735107422, 'pressure': 1017.4000244140625, 'latitude': 40.456939697265625, 'longitude': 74.00564575195312, 'timestamp': 1778364000, 'raw_json': {'latitude': 40.456939697265625, 'longitude': 74.00564575195312, 'elevation': 2231.0, 'timezone': None, 'timezone_abbreviation': None, 'utc_offset_seconds': 0, 'current': {'time': 1778364000, 'interval': 900, 'temperature_2m': 6.638000011444092, 'wind_speed_10m': 1.9881649017333984, 'relative_humidity_2m': 82.60759735107422, 'pressure_msl': 1017.4000244140625}}}
[2026-05-09T22:16:10.242+0000] {logging_mixin.py:188} INFO - <services.db.models.Weather object at 0x7379c5caebd0>
[2026-05-09T22:16:10.244+0000] {logging_mixin.py:188} INFO - Проверка аномалий
[2026-05-09T22:16:10.246+0000] {logging_mixin.py:188} INFO - Ищем похожие места
[2026-05-09T22:16:10.248+0000] {logging_mixin.py:188} INFO - Найдено похожих: 6 в радиусе 3.0° от (40.456939697265625, 74.00564575195312)
[2026-05-09T22:16:10.248+0000] {log.py:232} WARNING - [32m22:16:10 | logger          | INFO     | Аномалия: temperature: 6.638000011444092! Среднее: 7.787999868392944[0m
[2026-05-09T22:16:10.249+0000] {log.py:232} WARNING - [32m22:16:10 | logger          | INFO     | Аномалий в pressure НЕ найдено! Среднее: 1017.7000122070312, текущее: 1017.4000244140625[0m
[2026-05-09T22:16:10.249+0000] {log.py:232} WARNING - [32m22:16:10 | logger          | INFO     | Аномалий в humidity НЕ найдено! Среднее: 75.64025497436523, текущее: 82.60759735107422[0m
[2026-05-09T22:16:10.250+0000] {log.py:232} WARNING - [32m22:16:10 | logger          | INFO     | Аномалия: wind_speed: 1.9881649017333984! Среднее: 2.685028910636902[0m
[2026-05-09T22:16:10.253+0000] {log.py:232} WARNING - [32m22:16:10 | logger          | INFO     | Аномалия для локации 9 не сохранена (уже существует)[0m
[2026-05-09T22:16:10.253+0000] {log.py:232} WARNING - [32m22:16:10 | logger          | INFO     | Аномалий в локации 9 не обнаружено[0m
[2026-05-09T22:16:11.256+0000] {python.py:237} INFO - Done. Returned value was: None
[2026-05-09T22:16:11.257+0000] {taskinstance.py:441} INFO - ::group::Post task execution logs
[2026-05-09T22:16:11.264+0000] {taskinstance.py:1206} INFO - Marking task as SUCCESS. dag_id=check_locations, task_id=check_all_locations, run_id=scheduled__2026-05-09T22:00:00+00:00, execution_date=20260509T220000, start_date=20260509T221601, end_date=20260509T221611
[2026-05-09T22:16:11.288+0000] {local_task_job_runner.py:243} INFO - Task exited with return code 0
[2026-05-09T22:16:11.299+0000] {taskinstance.py:3503} INFO - 0 downstream tasks scheduled from follow-on schedule check
[2026-05-09T22:16:11.300+0000] {local_task_job_runner.py:222} INFO - ::endgroup::
