[2026-05-10T12:13:46.844+0000] {local_task_job_runner.py:120} INFO - ::group::Pre task execution logs
[2026-05-10T12:13:46.862+0000] {taskinstance.py:2076} INFO - Dependencies all met for dep_context=non-requeueable deps ti=<TaskInstance: sync_to_clickhouse.sync_anomalies manual__2026-05-10T12:12:41.120900+00:00 [queued]>
[2026-05-10T12:13:46.867+0000] {taskinstance.py:2076} INFO - Dependencies all met for dep_context=requeueable deps ti=<TaskInstance: sync_to_clickhouse.sync_anomalies manual__2026-05-10T12:12:41.120900+00:00 [queued]>
[2026-05-10T12:13:46.868+0000] {taskinstance.py:2306} INFO - Starting attempt 2 of 2
[2026-05-10T12:13:46.877+0000] {taskinstance.py:2330} INFO - Executing <Task(PythonOperator): sync_anomalies> on 2026-05-10 12:12:41.120900+00:00
[2026-05-10T12:13:46.884+0000] {warnings.py:112} WARNING - /home/***/.local/lib/python3.12/site-packages/***/task/task_runner/standard_task_runner.py:62: DeprecationWarning: This process (pid=227) is multi-threaded, use of fork() may lead to deadlocks in the child.
  pid = os.fork()

[2026-05-10T12:13:46.886+0000] {standard_task_runner.py:64} INFO - Started process 229 to run task
[2026-05-10T12:13:46.886+0000] {standard_task_runner.py:90} INFO - Running: ['***', 'tasks', 'run', 'sync_to_clickhouse', 'sync_anomalies', 'manual__2026-05-10T12:12:41.120900+00:00', '--job-id', '17', '--raw', '--subdir', 'DAGS_FOLDER/sync_to_clickhouse.py', '--cfg-path', '/tmp/tmp_x15qtg3']
[2026-05-10T12:13:46.888+0000] {standard_task_runner.py:91} INFO - Job 17: Subtask sync_anomalies
[2026-05-10T12:13:46.932+0000] {task_command.py:426} INFO - Running <TaskInstance: sync_to_clickhouse.sync_anomalies manual__2026-05-10T12:12:41.120900+00:00 [running]> on host dfa1561081ea
[2026-05-10T12:13:47.002+0000] {taskinstance.py:2648} INFO - Exporting env vars: AIRFLOW_CTX_DAG_OWNER='Cheburek' AIRFLOW_CTX_DAG_ID='sync_to_clickhouse' AIRFLOW_CTX_TASK_ID='sync_anomalies' AIRFLOW_CTX_EXECUTION_DATE='2026-05-10T12:12:41.120900+00:00' AIRFLOW_CTX_TRY_NUMBER='2' AIRFLOW_CTX_DAG_RUN_ID='manual__2026-05-10T12:12:41.120900+00:00'
[2026-05-10T12:13:47.003+0000] {taskinstance.py:430} INFO - ::endgroup::
[2026-05-10T12:13:47.040+0000] {taskinstance.py:441} INFO - ::group::Post task execution logs
[2026-05-10T12:13:47.040+0000] {taskinstance.py:2905} ERROR - Task failed with exception
Traceback (most recent call last):
  File "/home/airflow/.local/lib/python3.12/site-packages/airflow/models/taskinstance.py", line 465, in _execute_task
    result = _execute_callable(context=context, **execute_callable_kwargs)
             ^^^^^^^^^^^^^^^^^^^^^^^^^^^^^^^^^^^^^^^^^^^^^^^^^^^^^^^^^^^^^
  File "/home/airflow/.local/lib/python3.12/site-packages/airflow/models/taskinstance.py", line 432, in _execute_callable
    return execute_callable(context=context, **execute_callable_kwargs)
           ^^^^^^^^^^^^^^^^^^^^^^^^^^^^^^^^^^^^^^^^^^^^^^^^^^^^^^^^^^^^
  File "/home/airflow/.local/lib/python3.12/site-packages/airflow/models/baseoperator.py", line 401, in wrapper
    return func(self, *args, **kwargs)
           ^^^^^^^^^^^^^^^^^^^^^^^^^^^
  File "/home/airflow/.local/lib/python3.12/site-packages/airflow/operators/python.py", line 235, in execute
    return_value = self.execute_callable()
                   ^^^^^^^^^^^^^^^^^^^^^^^
  File "/home/airflow/.local/lib/python3.12/site-packages/airflow/operators/python.py", line 252, in execute_callable
    return self.python_callable(*self.op_args, **self.op_kwargs)
           ^^^^^^^^^^^^^^^^^^^^^^^^^^^^^^^^^^^^^^^^^^^^^^^^^^^^^
  File "/opt/airflow/dags/sync_to_clickhouse.py", line 58, in sync_anomalies
    a.id, a.loc.lat, a.loc.lon, a.location_id, a.anomaly_temperature, a.anomaly_pressure, a.anomaly_humidity, a.anomaly_wind_speed, str(a.additional_data), a.found_at
          ^^^^^
AttributeError: 'Anomaly' object has no attribute 'loc'
[2026-05-10T12:13:47.051+0000] {taskinstance.py:1206} INFO - Marking task as FAILED. dag_id=sync_to_clickhouse, task_id=sync_anomalies, run_id=manual__2026-05-10T12:12:41.120900+00:00, execution_date=20260510T121241, start_date=20260510T121346, end_date=20260510T121347
[2026-05-10T12:13:47.059+0000] {standard_task_runner.py:110} ERROR - Failed to execute job 17 for task sync_anomalies ('Anomaly' object has no attribute 'loc'; 229)
[2026-05-10T12:13:47.099+0000] {local_task_job_runner.py:243} INFO - Task exited with return code 1
[2026-05-10T12:13:47.113+0000] {taskinstance.py:3503} INFO - 0 downstream tasks scheduled from follow-on schedule check
[2026-05-10T12:13:47.114+0000] {local_task_job_runner.py:222} INFO - ::endgroup::
