[2026-05-09T10:27:25.046+0000] {local_task_job_runner.py:120} INFO - ::group::Pre task execution logs
[2026-05-09T10:27:25.062+0000] {taskinstance.py:2076} INFO - Dependencies all met for dep_context=non-requeueable deps ti=<TaskInstance: weather_pipeline.extract_weather scheduled__2026-05-09T10:00:00+00:00 [queued]>
[2026-05-09T10:27:25.066+0000] {taskinstance.py:2076} INFO - Dependencies all met for dep_context=requeueable deps ti=<TaskInstance: weather_pipeline.extract_weather scheduled__2026-05-09T10:00:00+00:00 [queued]>
[2026-05-09T10:27:25.067+0000] {taskinstance.py:2306} INFO - Starting attempt 3 of 3
[2026-05-09T10:27:25.074+0000] {taskinstance.py:2330} INFO - Executing <Task(PythonOperator): extract_weather> on 2026-05-09 10:00:00+00:00
[2026-05-09T10:27:25.082+0000] {warnings.py:112} WARNING - /home/***/.local/lib/python3.12/site-packages/***/task/task_runner/standard_task_runner.py:62: DeprecationWarning: This process (pid=115) is multi-threaded, use of fork() may lead to deadlocks in the child.
  pid = os.fork()

[2026-05-09T10:27:25.084+0000] {standard_task_runner.py:64} INFO - Started process 117 to run task
[2026-05-09T10:27:25.083+0000] {standard_task_runner.py:90} INFO - Running: ['***', 'tasks', 'run', 'weather_pipeline', 'extract_weather', 'scheduled__2026-05-09T10:00:00+00:00', '--job-id', '7', '--raw', '--subdir', 'DAGS_FOLDER/weather_pipeline.py', '--cfg-path', '/tmp/tmp8eftnt61']
[2026-05-09T10:27:25.086+0000] {standard_task_runner.py:91} INFO - Job 7: Subtask extract_weather
[2026-05-09T10:27:25.122+0000] {task_command.py:426} INFO - Running <TaskInstance: weather_pipeline.extract_weather scheduled__2026-05-09T10:00:00+00:00 [running]> on host 604c584cc700
[2026-05-09T10:27:25.181+0000] {taskinstance.py:2648} INFO - Exporting env vars: AIRFLOW_CTX_DAG_OWNER='Cheburek' AIRFLOW_CTX_DAG_ID='weather_pipeline' AIRFLOW_CTX_TASK_ID='extract_weather' AIRFLOW_CTX_EXECUTION_DATE='2026-05-09T10:00:00+00:00' AIRFLOW_CTX_TRY_NUMBER='3' AIRFLOW_CTX_DAG_RUN_ID='scheduled__2026-05-09T10:00:00+00:00'
[2026-05-09T10:27:25.183+0000] {taskinstance.py:430} INFO - ::endgroup::
[2026-05-09T10:27:25.196+0000] {logging_mixin.py:188} INFO - {'temp': 12.067500114440918, 'wind_speed': 9.832679748535156, 'humidity': 39.0, 'pressure': 1024.0, 'latitude': 55.75, 'longitude': 37.625, 'timestamp': 1778321700, 'raw_json': {'latitude': 55.75, 'longitude': 37.625, 'elevation': 152.0, 'timezone': None, 'timezone_abbreviation': None, 'utc_offset_seconds': 0, 'current': {'time': 1778321700, 'interval': 900, 'temperature_2m': 12.067500114440918, 'wind_speed_10m': 9.832679748535156, 'relative_humidity_2m': 39.0, 'pressure_msl': 1024.0}}}
[2026-05-09T10:27:25.207+0000] {taskinstance.py:441} INFO - ::group::Post task execution logs
[2026-05-09T10:27:25.208+0000] {taskinstance.py:2905} ERROR - Task failed with exception
Traceback (most recent call last):
  File "/home/airflow/.local/lib/python3.12/site-packages/sqlalchemy/engine/base.py", line 1910, in _execute_context
    self.dialect.do_execute(
  File "/home/airflow/.local/lib/python3.12/site-packages/sqlalchemy/engine/default.py", line 736, in do_execute
    cursor.execute(statement, parameters)
psycopg2.errors.UndefinedTable: relation "raw_weather" does not exist
LINE 1: INSERT INTO raw_weather (lat, lon, data_json) VALUES (55.75,...
                    ^


The above exception was the direct cause of the following exception:

Traceback (most recent call last):
  File "/home/airflow/.local/lib/python3.12/site-packages/airflow/models/taskinstance.py", line 465, in _execute_task
    result = _execute_callable(context=context, **execute_callable_kwargs)
             ^^^^^^^^^^^^^^^^^^^^^^^^^^^^^^^^^^^^^^^^^^^^^^^^^^^^^^^^^^^^^
  File "/home/airflow/.local/lib/python3.12/site-packages/airflow/models/taskinstance.py", line 432, in _execute_callable
    return execute_callable(context=context, **execute_callable_kwargs)
           ^^^^^^^^^^^^^^^^^^^^^^^^^^^^^^^^^^^^^^^^^^^^^^^^^^^^^^^^^^^^
  File "/home/airflow/.local/lib/python3.12/site-packages/airflow/models/baseoperator.py", line 401, in wrapper
    return func(self, *args, **kwargs)
           ^^^^^^^^^^^^^^^^^^^^^^^^^^^
  File "/home/airflow/.local/lib/python3.12/site-packages/airflow/operators/python.py", line 235, in execute
    return_value = self.execute_callable()
                   ^^^^^^^^^^^^^^^^^^^^^^^
  File "/home/airflow/.local/lib/python3.12/site-packages/airflow/operators/python.py", line 252, in execute_callable
    return self.python_callable(*self.op_args, **self.op_kwargs)
           ^^^^^^^^^^^^^^^^^^^^^^^^^^^^^^^^^^^^^^^^^^^^^^^^^^^^^
  File "/opt/airflow/dags/weather_pipeline.py", line 15, in task_extract_weather
    collect_raw_weather(db, weather)
  File "/opt/airflow/src/extract.py", line 79, in collect_raw_weather
    db.commit()
  File "/home/airflow/.local/lib/python3.12/site-packages/sqlalchemy/orm/session.py", line 1454, in commit
    self._transaction.commit(_to_root=self.future)
  File "/home/airflow/.local/lib/python3.12/site-packages/sqlalchemy/orm/session.py", line 832, in commit
    self._prepare_impl()
  File "/home/airflow/.local/lib/python3.12/site-packages/sqlalchemy/orm/session.py", line 811, in _prepare_impl
    self.session.flush()
  File "/home/airflow/.local/lib/python3.12/site-packages/sqlalchemy/orm/session.py", line 3449, in flush
    self._flush(objects)
  File "/home/airflow/.local/lib/python3.12/site-packages/sqlalchemy/orm/session.py", line 3588, in _flush
    with util.safe_reraise():
  File "/home/airflow/.local/lib/python3.12/site-packages/sqlalchemy/util/langhelpers.py", line 70, in __exit__
    compat.raise_(
  File "/home/airflow/.local/lib/python3.12/site-packages/sqlalchemy/util/compat.py", line 211, in raise_
    raise exception
  File "/home/airflow/.local/lib/python3.12/site-packages/sqlalchemy/orm/session.py", line 3549, in _flush
    flush_context.execute()
  File "/home/airflow/.local/lib/python3.12/site-packages/sqlalchemy/orm/unitofwork.py", line 456, in execute
    rec.execute(self)
  File "/home/airflow/.local/lib/python3.12/site-packages/sqlalchemy/orm/unitofwork.py", line 630, in execute
    util.preloaded.orm_persistence.save_obj(
  File "/home/airflow/.local/lib/python3.12/site-packages/sqlalchemy/orm/persistence.py", line 245, in save_obj
    _emit_insert_statements(
  File "/home/airflow/.local/lib/python3.12/site-packages/sqlalchemy/orm/persistence.py", line 1238, in _emit_insert_statements
    result = connection._execute_20(
             ^^^^^^^^^^^^^^^^^^^^^^^
  File "/home/airflow/.local/lib/python3.12/site-packages/sqlalchemy/engine/base.py", line 1710, in _execute_20
    return meth(self, args_10style, kwargs_10style, execution_options)
           ^^^^^^^^^^^^^^^^^^^^^^^^^^^^^^^^^^^^^^^^^^^^^^^^^^^^^^^^^^^
  File "/home/airflow/.local/lib/python3.12/site-packages/sqlalchemy/sql/elements.py", line 334, in _execute_on_connection
    return connection._execute_clauseelement(
           ^^^^^^^^^^^^^^^^^^^^^^^^^^^^^^^^^^
  File "/home/airflow/.local/lib/python3.12/site-packages/sqlalchemy/engine/base.py", line 1577, in _execute_clauseelement
    ret = self._execute_context(
          ^^^^^^^^^^^^^^^^^^^^^^
  File "/home/airflow/.local/lib/python3.12/site-packages/sqlalchemy/engine/base.py", line 1953, in _execute_context
    self._handle_dbapi_exception(
  File "/home/airflow/.local/lib/python3.12/site-packages/sqlalchemy/engine/base.py", line 2134, in _handle_dbapi_exception
    util.raise_(
  File "/home/airflow/.local/lib/python3.12/site-packages/sqlalchemy/util/compat.py", line 211, in raise_
    raise exception
  File "/home/airflow/.local/lib/python3.12/site-packages/sqlalchemy/engine/base.py", line 1910, in _execute_context
    self.dialect.do_execute(
  File "/home/airflow/.local/lib/python3.12/site-packages/sqlalchemy/engine/default.py", line 736, in do_execute
    cursor.execute(statement, parameters)
sqlalchemy.exc.ProgrammingError: (psycopg2.errors.UndefinedTable) relation "raw_weather" does not exist
LINE 1: INSERT INTO raw_weather (lat, lon, data_json) VALUES (55.75,...
                    ^

[SQL: INSERT INTO raw_weather (lat, lon, data_json) VALUES (%(lat)s, %(lon)s, %(data_json)s) RETURNING raw_weather.id]
[parameters: {'lat': 55.75, 'lon': 37.625, 'data_json': '{"temp": 12.067500114440918, "wind_speed": 9.832679748535156, "humidity": 39.0, "pressure": 1024.0, "latitude": 55.75, "longitude": 37.625, "timestam ... (193 characters truncated) ... , "interval": 900, "temperature_2m": 12.067500114440918, "wind_speed_10m": 9.832679748535156, "relative_humidity_2m": 39.0, "pressure_msl": 1024.0}}}'}]
(Background on this error at: https://sqlalche.me/e/14/f405)
[2026-05-09T10:27:25.223+0000] {taskinstance.py:1206} INFO - Marking task as FAILED. dag_id=weather_pipeline, task_id=extract_weather, run_id=scheduled__2026-05-09T10:00:00+00:00, execution_date=20260509T100000, start_date=20260509T102725, end_date=20260509T102725
[2026-05-09T10:27:25.232+0000] {standard_task_runner.py:110} ERROR - Failed to execute job 7 for task extract_weather ((psycopg2.errors.UndefinedTable) relation "raw_weather" does not exist
LINE 1: INSERT INTO raw_weather (lat, lon, data_json) VALUES (55.75,...
                    ^

[SQL: INSERT INTO raw_weather (lat, lon, data_json) VALUES (%(lat)s, %(lon)s, %(data_json)s) RETURNING raw_weather.id]
[parameters: {'lat': 55.75, 'lon': 37.625, 'data_json': '{"temp": 12.067500114440918, "wind_speed": 9.832679748535156, "humidity": 39.0, "pressure": 1024.0, "latitude": 55.75, "longitude": 37.625, "timestam ... (193 characters truncated) ... , "interval": 900, "temperature_2m": 12.067500114440918, "wind_speed_10m": 9.832679748535156, "relative_humidity_2m": 39.0, "pressure_msl": 1024.0}}}'}]
(Background on this error at: https://sqlalche.me/e/14/f405); 117)
[2026-05-09T10:27:25.257+0000] {local_task_job_runner.py:243} INFO - Task exited with return code 1
[2026-05-09T10:27:25.274+0000] {taskinstance.py:3503} INFO - 0 downstream tasks scheduled from follow-on schedule check
[2026-05-09T10:27:25.277+0000] {local_task_job_runner.py:222} INFO - ::endgroup::
