[2026-05-08T11:45:08.090+0000] {processor.py:161} INFO - Started process (PID=68) to work on /home/airflow/.local/lib/python3.12/site-packages/airflow/example_dags/example_external_task_marker_dag.py
[2026-05-08T11:45:08.091+0000] {processor.py:830} INFO - Processing file /home/airflow/.local/lib/python3.12/site-packages/airflow/example_dags/example_external_task_marker_dag.py for tasks to queue
[2026-05-08T11:45:08.094+0000] {logging_mixin.py:188} INFO - [2026-05-08T11:45:08.093+0000] {dagbag.py:545} INFO - Filling up the DagBag from /home/airflow/.local/lib/python3.12/site-packages/airflow/example_dags/example_external_task_marker_dag.py
[2026-05-08T11:45:08.106+0000] {processor.py:840} INFO - DAG(s) 'example_external_task_marker_parent', 'example_external_task_marker_child' retrieved from /home/airflow/.local/lib/python3.12/site-packages/airflow/example_dags/example_external_task_marker_dag.py
[2026-05-08T11:45:08.120+0000] {logging_mixin.py:188} INFO - [2026-05-08T11:45:08.119+0000] {dag.py:3089} INFO - Sync 2 DAGs
[2026-05-08T11:45:08.132+0000] {logging_mixin.py:188} INFO - [2026-05-08T11:45:08.132+0000] {dag.py:3947} INFO - Setting next_dagrun for example_external_task_marker_child to None, run_after=None
[2026-05-08T11:45:08.136+0000] {logging_mixin.py:188} INFO - [2026-05-08T11:45:08.135+0000] {dag.py:3947} INFO - Setting next_dagrun for example_external_task_marker_parent to None, run_after=None
[2026-05-08T11:45:08.152+0000] {processor.py:183} INFO - Processing /home/airflow/.local/lib/python3.12/site-packages/airflow/example_dags/example_external_task_marker_dag.py took 0.069 seconds
[2026-05-08T11:45:39.357+0000] {processor.py:161} INFO - Started process (PID=126) to work on /home/airflow/.local/lib/python3.12/site-packages/airflow/example_dags/example_external_task_marker_dag.py
[2026-05-08T11:45:39.358+0000] {processor.py:830} INFO - Processing file /home/airflow/.local/lib/python3.12/site-packages/airflow/example_dags/example_external_task_marker_dag.py for tasks to queue
[2026-05-08T11:45:39.360+0000] {logging_mixin.py:188} INFO - [2026-05-08T11:45:39.360+0000] {dagbag.py:545} INFO - Filling up the DagBag from /home/airflow/.local/lib/python3.12/site-packages/airflow/example_dags/example_external_task_marker_dag.py
[2026-05-08T11:45:39.365+0000] {processor.py:840} INFO - DAG(s) 'example_external_task_marker_child', 'example_external_task_marker_parent' retrieved from /home/airflow/.local/lib/python3.12/site-packages/airflow/example_dags/example_external_task_marker_dag.py
[2026-05-08T11:45:39.453+0000] {logging_mixin.py:188} INFO - [2026-05-08T11:45:39.453+0000] {dag.py:3089} INFO - Sync 2 DAGs
[2026-05-08T11:45:39.462+0000] {logging_mixin.py:188} INFO - [2026-05-08T11:45:39.462+0000] {dag.py:3947} INFO - Setting next_dagrun for example_external_task_marker_child to None, run_after=None
[2026-05-08T11:45:39.465+0000] {logging_mixin.py:188} INFO - [2026-05-08T11:45:39.465+0000] {dag.py:3947} INFO - Setting next_dagrun for example_external_task_marker_parent to None, run_after=None
[2026-05-08T11:45:39.481+0000] {processor.py:183} INFO - Processing /home/airflow/.local/lib/python3.12/site-packages/airflow/example_dags/example_external_task_marker_dag.py took 0.128 seconds
[2026-05-08T11:46:09.903+0000] {processor.py:161} INFO - Started process (PID=184) to work on /home/airflow/.local/lib/python3.12/site-packages/airflow/example_dags/example_external_task_marker_dag.py
[2026-05-08T11:46:09.905+0000] {processor.py:830} INFO - Processing file /home/airflow/.local/lib/python3.12/site-packages/airflow/example_dags/example_external_task_marker_dag.py for tasks to queue
[2026-05-08T11:46:09.907+0000] {logging_mixin.py:188} INFO - [2026-05-08T11:46:09.906+0000] {dagbag.py:545} INFO - Filling up the DagBag from /home/airflow/.local/lib/python3.12/site-packages/airflow/example_dags/example_external_task_marker_dag.py
[2026-05-08T11:46:09.915+0000] {processor.py:840} INFO - DAG(s) 'example_external_task_marker_child', 'example_external_task_marker_parent' retrieved from /home/airflow/.local/lib/python3.12/site-packages/airflow/example_dags/example_external_task_marker_dag.py
[2026-05-08T11:46:09.943+0000] {logging_mixin.py:188} INFO - [2026-05-08T11:46:09.942+0000] {dag.py:3089} INFO - Sync 2 DAGs
[2026-05-08T11:46:09.954+0000] {logging_mixin.py:188} INFO - [2026-05-08T11:46:09.954+0000] {dag.py:3947} INFO - Setting next_dagrun for example_external_task_marker_child to None, run_after=None
[2026-05-08T11:46:09.959+0000] {logging_mixin.py:188} INFO - [2026-05-08T11:46:09.958+0000] {dag.py:3947} INFO - Setting next_dagrun for example_external_task_marker_parent to None, run_after=None
[2026-05-08T11:46:09.974+0000] {processor.py:183} INFO - Processing /home/airflow/.local/lib/python3.12/site-packages/airflow/example_dags/example_external_task_marker_dag.py took 0.076 seconds
[2026-05-08T11:46:40.232+0000] {processor.py:161} INFO - Started process (PID=242) to work on /home/airflow/.local/lib/python3.12/site-packages/airflow/example_dags/example_external_task_marker_dag.py
[2026-05-08T11:46:40.233+0000] {processor.py:830} INFO - Processing file /home/airflow/.local/lib/python3.12/site-packages/airflow/example_dags/example_external_task_marker_dag.py for tasks to queue
[2026-05-08T11:46:40.235+0000] {logging_mixin.py:188} INFO - [2026-05-08T11:46:40.235+0000] {dagbag.py:545} INFO - Filling up the DagBag from /home/airflow/.local/lib/python3.12/site-packages/airflow/example_dags/example_external_task_marker_dag.py
[2026-05-08T11:46:40.242+0000] {processor.py:840} INFO - DAG(s) 'example_external_task_marker_child', 'example_external_task_marker_parent' retrieved from /home/airflow/.local/lib/python3.12/site-packages/airflow/example_dags/example_external_task_marker_dag.py
[2026-05-08T11:46:40.274+0000] {logging_mixin.py:188} INFO - [2026-05-08T11:46:40.274+0000] {dag.py:3089} INFO - Sync 2 DAGs
[2026-05-08T11:46:40.288+0000] {logging_mixin.py:188} INFO - [2026-05-08T11:46:40.288+0000] {dag.py:3947} INFO - Setting next_dagrun for example_external_task_marker_child to None, run_after=None
[2026-05-08T11:46:40.293+0000] {logging_mixin.py:188} INFO - [2026-05-08T11:46:40.292+0000] {dag.py:3947} INFO - Setting next_dagrun for example_external_task_marker_parent to None, run_after=None
[2026-05-08T11:46:40.313+0000] {processor.py:183} INFO - Processing /home/airflow/.local/lib/python3.12/site-packages/airflow/example_dags/example_external_task_marker_dag.py took 0.088 seconds
[2026-05-08T11:47:10.728+0000] {processor.py:161} INFO - Started process (PID=300) to work on /home/airflow/.local/lib/python3.12/site-packages/airflow/example_dags/example_external_task_marker_dag.py
[2026-05-08T11:47:10.730+0000] {processor.py:830} INFO - Processing file /home/airflow/.local/lib/python3.12/site-packages/airflow/example_dags/example_external_task_marker_dag.py for tasks to queue
[2026-05-08T11:47:10.732+0000] {logging_mixin.py:188} INFO - [2026-05-08T11:47:10.731+0000] {dagbag.py:545} INFO - Filling up the DagBag from /home/airflow/.local/lib/python3.12/site-packages/airflow/example_dags/example_external_task_marker_dag.py
[2026-05-08T11:47:10.739+0000] {processor.py:840} INFO - DAG(s) 'example_external_task_marker_parent', 'example_external_task_marker_child' retrieved from /home/airflow/.local/lib/python3.12/site-packages/airflow/example_dags/example_external_task_marker_dag.py
[2026-05-08T11:47:10.763+0000] {logging_mixin.py:188} INFO - [2026-05-08T11:47:10.763+0000] {dag.py:3089} INFO - Sync 2 DAGs
[2026-05-08T11:47:10.776+0000] {logging_mixin.py:188} INFO - [2026-05-08T11:47:10.776+0000] {dag.py:3947} INFO - Setting next_dagrun for example_external_task_marker_child to None, run_after=None
[2026-05-08T11:47:10.781+0000] {logging_mixin.py:188} INFO - [2026-05-08T11:47:10.780+0000] {dag.py:3947} INFO - Setting next_dagrun for example_external_task_marker_parent to None, run_after=None
[2026-05-08T11:47:10.797+0000] {processor.py:183} INFO - Processing /home/airflow/.local/lib/python3.12/site-packages/airflow/example_dags/example_external_task_marker_dag.py took 0.075 seconds
[2026-05-08T11:47:41.375+0000] {processor.py:161} INFO - Started process (PID=358) to work on /home/airflow/.local/lib/python3.12/site-packages/airflow/example_dags/example_external_task_marker_dag.py
[2026-05-08T11:47:41.376+0000] {processor.py:830} INFO - Processing file /home/airflow/.local/lib/python3.12/site-packages/airflow/example_dags/example_external_task_marker_dag.py for tasks to queue
[2026-05-08T11:47:41.378+0000] {logging_mixin.py:188} INFO - [2026-05-08T11:47:41.378+0000] {dagbag.py:545} INFO - Filling up the DagBag from /home/airflow/.local/lib/python3.12/site-packages/airflow/example_dags/example_external_task_marker_dag.py
[2026-05-08T11:47:41.384+0000] {processor.py:840} INFO - DAG(s) 'example_external_task_marker_parent', 'example_external_task_marker_child' retrieved from /home/airflow/.local/lib/python3.12/site-packages/airflow/example_dags/example_external_task_marker_dag.py
[2026-05-08T11:47:41.411+0000] {logging_mixin.py:188} INFO - [2026-05-08T11:47:41.410+0000] {dag.py:3089} INFO - Sync 2 DAGs
[2026-05-08T11:47:41.423+0000] {logging_mixin.py:188} INFO - [2026-05-08T11:47:41.423+0000] {dag.py:3947} INFO - Setting next_dagrun for example_external_task_marker_child to None, run_after=None
[2026-05-08T11:47:41.428+0000] {logging_mixin.py:188} INFO - [2026-05-08T11:47:41.427+0000] {dag.py:3947} INFO - Setting next_dagrun for example_external_task_marker_parent to None, run_after=None
[2026-05-08T11:47:41.443+0000] {processor.py:183} INFO - Processing /home/airflow/.local/lib/python3.12/site-packages/airflow/example_dags/example_external_task_marker_dag.py took 0.074 seconds
[2026-05-08T11:48:11.728+0000] {processor.py:161} INFO - Started process (PID=416) to work on /home/airflow/.local/lib/python3.12/site-packages/airflow/example_dags/example_external_task_marker_dag.py
[2026-05-08T11:48:11.729+0000] {processor.py:830} INFO - Processing file /home/airflow/.local/lib/python3.12/site-packages/airflow/example_dags/example_external_task_marker_dag.py for tasks to queue
[2026-05-08T11:48:11.732+0000] {logging_mixin.py:188} INFO - [2026-05-08T11:48:11.732+0000] {dagbag.py:545} INFO - Filling up the DagBag from /home/airflow/.local/lib/python3.12/site-packages/airflow/example_dags/example_external_task_marker_dag.py
[2026-05-08T11:48:11.739+0000] {processor.py:840} INFO - DAG(s) 'example_external_task_marker_child', 'example_external_task_marker_parent' retrieved from /home/airflow/.local/lib/python3.12/site-packages/airflow/example_dags/example_external_task_marker_dag.py
[2026-05-08T11:48:11.765+0000] {logging_mixin.py:188} INFO - [2026-05-08T11:48:11.764+0000] {dag.py:3089} INFO - Sync 2 DAGs
[2026-05-08T11:48:11.783+0000] {logging_mixin.py:188} INFO - [2026-05-08T11:48:11.783+0000] {dag.py:3947} INFO - Setting next_dagrun for example_external_task_marker_child to None, run_after=None
[2026-05-08T11:48:11.788+0000] {logging_mixin.py:188} INFO - [2026-05-08T11:48:11.787+0000] {dag.py:3947} INFO - Setting next_dagrun for example_external_task_marker_parent to None, run_after=None
[2026-05-08T11:48:11.801+0000] {processor.py:183} INFO - Processing /home/airflow/.local/lib/python3.12/site-packages/airflow/example_dags/example_external_task_marker_dag.py took 0.080 seconds
[2026-05-08T11:48:41.993+0000] {processor.py:161} INFO - Started process (PID=474) to work on /home/airflow/.local/lib/python3.12/site-packages/airflow/example_dags/example_external_task_marker_dag.py
[2026-05-08T11:48:41.995+0000] {processor.py:830} INFO - Processing file /home/airflow/.local/lib/python3.12/site-packages/airflow/example_dags/example_external_task_marker_dag.py for tasks to queue
[2026-05-08T11:48:41.997+0000] {logging_mixin.py:188} INFO - [2026-05-08T11:48:41.996+0000] {dagbag.py:545} INFO - Filling up the DagBag from /home/airflow/.local/lib/python3.12/site-packages/airflow/example_dags/example_external_task_marker_dag.py
[2026-05-08T11:48:42.004+0000] {processor.py:840} INFO - DAG(s) 'example_external_task_marker_parent', 'example_external_task_marker_child' retrieved from /home/airflow/.local/lib/python3.12/site-packages/airflow/example_dags/example_external_task_marker_dag.py
[2026-05-08T11:48:42.029+0000] {logging_mixin.py:188} INFO - [2026-05-08T11:48:42.029+0000] {dag.py:3089} INFO - Sync 2 DAGs
[2026-05-08T11:48:42.041+0000] {logging_mixin.py:188} INFO - [2026-05-08T11:48:42.040+0000] {dag.py:3947} INFO - Setting next_dagrun for example_external_task_marker_child to None, run_after=None
[2026-05-08T11:48:42.044+0000] {logging_mixin.py:188} INFO - [2026-05-08T11:48:42.044+0000] {dag.py:3947} INFO - Setting next_dagrun for example_external_task_marker_parent to None, run_after=None
[2026-05-08T11:48:42.060+0000] {processor.py:183} INFO - Processing /home/airflow/.local/lib/python3.12/site-packages/airflow/example_dags/example_external_task_marker_dag.py took 0.072 seconds
[2026-05-08T11:49:12.295+0000] {processor.py:161} INFO - Started process (PID=532) to work on /home/airflow/.local/lib/python3.12/site-packages/airflow/example_dags/example_external_task_marker_dag.py
[2026-05-08T11:49:12.296+0000] {processor.py:830} INFO - Processing file /home/airflow/.local/lib/python3.12/site-packages/airflow/example_dags/example_external_task_marker_dag.py for tasks to queue
[2026-05-08T11:49:12.298+0000] {logging_mixin.py:188} INFO - [2026-05-08T11:49:12.298+0000] {dagbag.py:545} INFO - Filling up the DagBag from /home/airflow/.local/lib/python3.12/site-packages/airflow/example_dags/example_external_task_marker_dag.py
[2026-05-08T11:49:12.304+0000] {processor.py:840} INFO - DAG(s) 'example_external_task_marker_child', 'example_external_task_marker_parent' retrieved from /home/airflow/.local/lib/python3.12/site-packages/airflow/example_dags/example_external_task_marker_dag.py
[2026-05-08T11:49:12.325+0000] {logging_mixin.py:188} INFO - [2026-05-08T11:49:12.325+0000] {dag.py:3089} INFO - Sync 2 DAGs
[2026-05-08T11:49:12.337+0000] {logging_mixin.py:188} INFO - [2026-05-08T11:49:12.337+0000] {dag.py:3947} INFO - Setting next_dagrun for example_external_task_marker_child to None, run_after=None
[2026-05-08T11:49:12.340+0000] {logging_mixin.py:188} INFO - [2026-05-08T11:49:12.340+0000] {dag.py:3947} INFO - Setting next_dagrun for example_external_task_marker_parent to None, run_after=None
[2026-05-08T11:49:12.351+0000] {processor.py:183} INFO - Processing /home/airflow/.local/lib/python3.12/site-packages/airflow/example_dags/example_external_task_marker_dag.py took 0.061 seconds
[2026-05-08T11:49:42.631+0000] {processor.py:161} INFO - Started process (PID=590) to work on /home/airflow/.local/lib/python3.12/site-packages/airflow/example_dags/example_external_task_marker_dag.py
[2026-05-08T11:49:42.632+0000] {processor.py:830} INFO - Processing file /home/airflow/.local/lib/python3.12/site-packages/airflow/example_dags/example_external_task_marker_dag.py for tasks to queue
[2026-05-08T11:49:42.634+0000] {logging_mixin.py:188} INFO - [2026-05-08T11:49:42.634+0000] {dagbag.py:545} INFO - Filling up the DagBag from /home/airflow/.local/lib/python3.12/site-packages/airflow/example_dags/example_external_task_marker_dag.py
[2026-05-08T11:49:42.641+0000] {processor.py:840} INFO - DAG(s) 'example_external_task_marker_child', 'example_external_task_marker_parent' retrieved from /home/airflow/.local/lib/python3.12/site-packages/airflow/example_dags/example_external_task_marker_dag.py
[2026-05-08T11:49:42.657+0000] {logging_mixin.py:188} INFO - [2026-05-08T11:49:42.657+0000] {dag.py:3089} INFO - Sync 2 DAGs
[2026-05-08T11:49:42.673+0000] {logging_mixin.py:188} INFO - [2026-05-08T11:49:42.673+0000] {dag.py:3947} INFO - Setting next_dagrun for example_external_task_marker_child to None, run_after=None
[2026-05-08T11:49:42.678+0000] {logging_mixin.py:188} INFO - [2026-05-08T11:49:42.677+0000] {dag.py:3947} INFO - Setting next_dagrun for example_external_task_marker_parent to None, run_after=None
[2026-05-08T11:49:42.694+0000] {processor.py:183} INFO - Processing /home/airflow/.local/lib/python3.12/site-packages/airflow/example_dags/example_external_task_marker_dag.py took 0.070 seconds
[2026-05-08T11:50:13.378+0000] {processor.py:161} INFO - Started process (PID=648) to work on /home/airflow/.local/lib/python3.12/site-packages/airflow/example_dags/example_external_task_marker_dag.py
[2026-05-08T11:50:13.379+0000] {processor.py:830} INFO - Processing file /home/airflow/.local/lib/python3.12/site-packages/airflow/example_dags/example_external_task_marker_dag.py for tasks to queue
[2026-05-08T11:50:13.381+0000] {logging_mixin.py:188} INFO - [2026-05-08T11:50:13.381+0000] {dagbag.py:545} INFO - Filling up the DagBag from /home/airflow/.local/lib/python3.12/site-packages/airflow/example_dags/example_external_task_marker_dag.py
[2026-05-08T11:50:13.386+0000] {processor.py:840} INFO - DAG(s) 'example_external_task_marker_child', 'example_external_task_marker_parent' retrieved from /home/airflow/.local/lib/python3.12/site-packages/airflow/example_dags/example_external_task_marker_dag.py
[2026-05-08T11:50:13.468+0000] {logging_mixin.py:188} INFO - [2026-05-08T11:50:13.468+0000] {dag.py:3089} INFO - Sync 2 DAGs
[2026-05-08T11:50:13.476+0000] {logging_mixin.py:188} INFO - [2026-05-08T11:50:13.476+0000] {dag.py:3947} INFO - Setting next_dagrun for example_external_task_marker_child to None, run_after=None
[2026-05-08T11:50:13.480+0000] {logging_mixin.py:188} INFO - [2026-05-08T11:50:13.480+0000] {dag.py:3947} INFO - Setting next_dagrun for example_external_task_marker_parent to None, run_after=None
[2026-05-08T11:50:13.492+0000] {processor.py:183} INFO - Processing /home/airflow/.local/lib/python3.12/site-packages/airflow/example_dags/example_external_task_marker_dag.py took 0.119 seconds
[2026-05-08T11:50:44.399+0000] {processor.py:161} INFO - Started process (PID=706) to work on /home/airflow/.local/lib/python3.12/site-packages/airflow/example_dags/example_external_task_marker_dag.py
[2026-05-08T11:50:44.400+0000] {processor.py:830} INFO - Processing file /home/airflow/.local/lib/python3.12/site-packages/airflow/example_dags/example_external_task_marker_dag.py for tasks to queue
[2026-05-08T11:50:44.403+0000] {logging_mixin.py:188} INFO - [2026-05-08T11:50:44.403+0000] {dagbag.py:545} INFO - Filling up the DagBag from /home/airflow/.local/lib/python3.12/site-packages/airflow/example_dags/example_external_task_marker_dag.py
[2026-05-08T11:50:44.411+0000] {processor.py:840} INFO - DAG(s) 'example_external_task_marker_child', 'example_external_task_marker_parent' retrieved from /home/airflow/.local/lib/python3.12/site-packages/airflow/example_dags/example_external_task_marker_dag.py
[2026-05-08T11:50:44.440+0000] {logging_mixin.py:188} INFO - [2026-05-08T11:50:44.439+0000] {dag.py:3089} INFO - Sync 2 DAGs
[2026-05-08T11:50:44.453+0000] {logging_mixin.py:188} INFO - [2026-05-08T11:50:44.453+0000] {dag.py:3947} INFO - Setting next_dagrun for example_external_task_marker_child to None, run_after=None
[2026-05-08T11:50:44.459+0000] {logging_mixin.py:188} INFO - [2026-05-08T11:50:44.459+0000] {dag.py:3947} INFO - Setting next_dagrun for example_external_task_marker_parent to None, run_after=None
[2026-05-08T11:50:44.481+0000] {processor.py:183} INFO - Processing /home/airflow/.local/lib/python3.12/site-packages/airflow/example_dags/example_external_task_marker_dag.py took 0.091 seconds
[2026-05-08T11:51:14.819+0000] {processor.py:161} INFO - Started process (PID=764) to work on /home/airflow/.local/lib/python3.12/site-packages/airflow/example_dags/example_external_task_marker_dag.py
[2026-05-08T11:51:14.821+0000] {processor.py:830} INFO - Processing file /home/airflow/.local/lib/python3.12/site-packages/airflow/example_dags/example_external_task_marker_dag.py for tasks to queue
[2026-05-08T11:51:14.823+0000] {logging_mixin.py:188} INFO - [2026-05-08T11:51:14.822+0000] {dagbag.py:545} INFO - Filling up the DagBag from /home/airflow/.local/lib/python3.12/site-packages/airflow/example_dags/example_external_task_marker_dag.py
[2026-05-08T11:51:14.829+0000] {processor.py:840} INFO - DAG(s) 'example_external_task_marker_child', 'example_external_task_marker_parent' retrieved from /home/airflow/.local/lib/python3.12/site-packages/airflow/example_dags/example_external_task_marker_dag.py
[2026-05-08T11:51:14.855+0000] {logging_mixin.py:188} INFO - [2026-05-08T11:51:14.855+0000] {dag.py:3089} INFO - Sync 2 DAGs
[2026-05-08T11:51:14.868+0000] {logging_mixin.py:188} INFO - [2026-05-08T11:51:14.868+0000] {dag.py:3947} INFO - Setting next_dagrun for example_external_task_marker_child to None, run_after=None
[2026-05-08T11:51:14.871+0000] {logging_mixin.py:188} INFO - [2026-05-08T11:51:14.871+0000] {dag.py:3947} INFO - Setting next_dagrun for example_external_task_marker_parent to None, run_after=None
[2026-05-08T11:51:14.889+0000] {processor.py:183} INFO - Processing /home/airflow/.local/lib/python3.12/site-packages/airflow/example_dags/example_external_task_marker_dag.py took 0.076 seconds
[2026-05-08T11:51:46.011+0000] {processor.py:161} INFO - Started process (PID=822) to work on /home/airflow/.local/lib/python3.12/site-packages/airflow/example_dags/example_external_task_marker_dag.py
[2026-05-08T11:51:46.013+0000] {processor.py:830} INFO - Processing file /home/airflow/.local/lib/python3.12/site-packages/airflow/example_dags/example_external_task_marker_dag.py for tasks to queue
[2026-05-08T11:51:46.016+0000] {logging_mixin.py:188} INFO - [2026-05-08T11:51:46.015+0000] {dagbag.py:545} INFO - Filling up the DagBag from /home/airflow/.local/lib/python3.12/site-packages/airflow/example_dags/example_external_task_marker_dag.py
[2026-05-08T11:51:46.023+0000] {processor.py:840} INFO - DAG(s) 'example_external_task_marker_parent', 'example_external_task_marker_child' retrieved from /home/airflow/.local/lib/python3.12/site-packages/airflow/example_dags/example_external_task_marker_dag.py
[2026-05-08T11:51:46.054+0000] {logging_mixin.py:188} INFO - [2026-05-08T11:51:46.054+0000] {dag.py:3089} INFO - Sync 2 DAGs
[2026-05-08T11:51:46.071+0000] {logging_mixin.py:188} INFO - [2026-05-08T11:51:46.071+0000] {dag.py:3947} INFO - Setting next_dagrun for example_external_task_marker_child to None, run_after=None
[2026-05-08T11:51:46.077+0000] {logging_mixin.py:188} INFO - [2026-05-08T11:51:46.076+0000] {dag.py:3947} INFO - Setting next_dagrun for example_external_task_marker_parent to None, run_after=None
[2026-05-08T11:51:46.103+0000] {processor.py:183} INFO - Processing /home/airflow/.local/lib/python3.12/site-packages/airflow/example_dags/example_external_task_marker_dag.py took 0.101 seconds
[2026-05-08T11:52:17.041+0000] {processor.py:161} INFO - Started process (PID=880) to work on /home/airflow/.local/lib/python3.12/site-packages/airflow/example_dags/example_external_task_marker_dag.py
[2026-05-08T11:52:17.042+0000] {processor.py:830} INFO - Processing file /home/airflow/.local/lib/python3.12/site-packages/airflow/example_dags/example_external_task_marker_dag.py for tasks to queue
[2026-05-08T11:52:17.044+0000] {logging_mixin.py:188} INFO - [2026-05-08T11:52:17.044+0000] {dagbag.py:545} INFO - Filling up the DagBag from /home/airflow/.local/lib/python3.12/site-packages/airflow/example_dags/example_external_task_marker_dag.py
[2026-05-08T11:52:17.050+0000] {processor.py:840} INFO - DAG(s) 'example_external_task_marker_parent', 'example_external_task_marker_child' retrieved from /home/airflow/.local/lib/python3.12/site-packages/airflow/example_dags/example_external_task_marker_dag.py
[2026-05-08T11:52:17.089+0000] {logging_mixin.py:188} INFO - [2026-05-08T11:52:17.088+0000] {dag.py:3089} INFO - Sync 2 DAGs
[2026-05-08T11:52:17.116+0000] {logging_mixin.py:188} INFO - [2026-05-08T11:52:17.115+0000] {dag.py:3947} INFO - Setting next_dagrun for example_external_task_marker_child to None, run_after=None
[2026-05-08T11:52:17.122+0000] {logging_mixin.py:188} INFO - [2026-05-08T11:52:17.122+0000] {dag.py:3947} INFO - Setting next_dagrun for example_external_task_marker_parent to None, run_after=None
[2026-05-08T11:52:17.153+0000] {processor.py:183} INFO - Processing /home/airflow/.local/lib/python3.12/site-packages/airflow/example_dags/example_external_task_marker_dag.py took 0.120 seconds
[2026-05-08T11:52:47.621+0000] {processor.py:161} INFO - Started process (PID=937) to work on /home/airflow/.local/lib/python3.12/site-packages/airflow/example_dags/example_external_task_marker_dag.py
[2026-05-08T11:52:47.623+0000] {processor.py:830} INFO - Processing file /home/airflow/.local/lib/python3.12/site-packages/airflow/example_dags/example_external_task_marker_dag.py for tasks to queue
[2026-05-08T11:52:47.626+0000] {logging_mixin.py:188} INFO - [2026-05-08T11:52:47.626+0000] {dagbag.py:545} INFO - Filling up the DagBag from /home/airflow/.local/lib/python3.12/site-packages/airflow/example_dags/example_external_task_marker_dag.py
[2026-05-08T11:52:47.635+0000] {processor.py:840} INFO - DAG(s) 'example_external_task_marker_child', 'example_external_task_marker_parent' retrieved from /home/airflow/.local/lib/python3.12/site-packages/airflow/example_dags/example_external_task_marker_dag.py
[2026-05-08T11:52:47.665+0000] {logging_mixin.py:188} INFO - [2026-05-08T11:52:47.664+0000] {dag.py:3089} INFO - Sync 2 DAGs
[2026-05-08T11:52:47.683+0000] {logging_mixin.py:188} INFO - [2026-05-08T11:52:47.683+0000] {dag.py:3947} INFO - Setting next_dagrun for example_external_task_marker_child to None, run_after=None
[2026-05-08T11:52:47.688+0000] {logging_mixin.py:188} INFO - [2026-05-08T11:52:47.688+0000] {dag.py:3947} INFO - Setting next_dagrun for example_external_task_marker_parent to None, run_after=None
[2026-05-08T11:52:47.711+0000] {processor.py:183} INFO - Processing /home/airflow/.local/lib/python3.12/site-packages/airflow/example_dags/example_external_task_marker_dag.py took 0.098 seconds
[2026-05-08T11:53:18.523+0000] {processor.py:161} INFO - Started process (PID=995) to work on /home/airflow/.local/lib/python3.12/site-packages/airflow/example_dags/example_external_task_marker_dag.py
[2026-05-08T11:53:18.524+0000] {processor.py:830} INFO - Processing file /home/airflow/.local/lib/python3.12/site-packages/airflow/example_dags/example_external_task_marker_dag.py for tasks to queue
[2026-05-08T11:53:18.528+0000] {logging_mixin.py:188} INFO - [2026-05-08T11:53:18.526+0000] {dagbag.py:545} INFO - Filling up the DagBag from /home/airflow/.local/lib/python3.12/site-packages/airflow/example_dags/example_external_task_marker_dag.py
[2026-05-08T11:53:18.534+0000] {processor.py:840} INFO - DAG(s) 'example_external_task_marker_parent', 'example_external_task_marker_child' retrieved from /home/airflow/.local/lib/python3.12/site-packages/airflow/example_dags/example_external_task_marker_dag.py
[2026-05-08T11:53:18.562+0000] {logging_mixin.py:188} INFO - [2026-05-08T11:53:18.562+0000] {dag.py:3089} INFO - Sync 2 DAGs
[2026-05-08T11:53:18.577+0000] {logging_mixin.py:188} INFO - [2026-05-08T11:53:18.576+0000] {dag.py:3947} INFO - Setting next_dagrun for example_external_task_marker_child to None, run_after=None
[2026-05-08T11:53:18.582+0000] {logging_mixin.py:188} INFO - [2026-05-08T11:53:18.582+0000] {dag.py:3947} INFO - Setting next_dagrun for example_external_task_marker_parent to None, run_after=None
[2026-05-08T11:53:18.604+0000] {processor.py:183} INFO - Processing /home/airflow/.local/lib/python3.12/site-packages/airflow/example_dags/example_external_task_marker_dag.py took 0.087 seconds
[2026-05-08T11:53:48.824+0000] {processor.py:161} INFO - Started process (PID=1053) to work on /home/airflow/.local/lib/python3.12/site-packages/airflow/example_dags/example_external_task_marker_dag.py
[2026-05-08T11:53:48.826+0000] {processor.py:830} INFO - Processing file /home/airflow/.local/lib/python3.12/site-packages/airflow/example_dags/example_external_task_marker_dag.py for tasks to queue
[2026-05-08T11:53:48.828+0000] {logging_mixin.py:188} INFO - [2026-05-08T11:53:48.828+0000] {dagbag.py:545} INFO - Filling up the DagBag from /home/airflow/.local/lib/python3.12/site-packages/airflow/example_dags/example_external_task_marker_dag.py
[2026-05-08T11:53:48.834+0000] {processor.py:840} INFO - DAG(s) 'example_external_task_marker_parent', 'example_external_task_marker_child' retrieved from /home/airflow/.local/lib/python3.12/site-packages/airflow/example_dags/example_external_task_marker_dag.py
[2026-05-08T11:53:48.861+0000] {logging_mixin.py:188} INFO - [2026-05-08T11:53:48.861+0000] {dag.py:3089} INFO - Sync 2 DAGs
[2026-05-08T11:53:48.872+0000] {logging_mixin.py:188} INFO - [2026-05-08T11:53:48.871+0000] {dag.py:3947} INFO - Setting next_dagrun for example_external_task_marker_child to None, run_after=None
[2026-05-08T11:53:48.875+0000] {logging_mixin.py:188} INFO - [2026-05-08T11:53:48.875+0000] {dag.py:3947} INFO - Setting next_dagrun for example_external_task_marker_parent to None, run_after=None
[2026-05-08T11:53:48.891+0000] {processor.py:183} INFO - Processing /home/airflow/.local/lib/python3.12/site-packages/airflow/example_dags/example_external_task_marker_dag.py took 0.072 seconds
[2026-05-08T11:54:19.272+0000] {processor.py:161} INFO - Started process (PID=1111) to work on /home/airflow/.local/lib/python3.12/site-packages/airflow/example_dags/example_external_task_marker_dag.py
[2026-05-08T11:54:19.273+0000] {processor.py:830} INFO - Processing file /home/airflow/.local/lib/python3.12/site-packages/airflow/example_dags/example_external_task_marker_dag.py for tasks to queue
[2026-05-08T11:54:19.275+0000] {logging_mixin.py:188} INFO - [2026-05-08T11:54:19.275+0000] {dagbag.py:545} INFO - Filling up the DagBag from /home/airflow/.local/lib/python3.12/site-packages/airflow/example_dags/example_external_task_marker_dag.py
[2026-05-08T11:54:19.283+0000] {processor.py:840} INFO - DAG(s) 'example_external_task_marker_child', 'example_external_task_marker_parent' retrieved from /home/airflow/.local/lib/python3.12/site-packages/airflow/example_dags/example_external_task_marker_dag.py
[2026-05-08T11:54:19.314+0000] {logging_mixin.py:188} INFO - [2026-05-08T11:54:19.314+0000] {dag.py:3089} INFO - Sync 2 DAGs
[2026-05-08T11:54:19.331+0000] {logging_mixin.py:188} INFO - [2026-05-08T11:54:19.331+0000] {dag.py:3947} INFO - Setting next_dagrun for example_external_task_marker_child to None, run_after=None
[2026-05-08T11:54:19.336+0000] {logging_mixin.py:188} INFO - [2026-05-08T11:54:19.336+0000] {dag.py:3947} INFO - Setting next_dagrun for example_external_task_marker_parent to None, run_after=None
[2026-05-08T11:54:19.355+0000] {processor.py:183} INFO - Processing /home/airflow/.local/lib/python3.12/site-packages/airflow/example_dags/example_external_task_marker_dag.py took 0.090 seconds
[2026-05-08T11:54:50.228+0000] {processor.py:161} INFO - Started process (PID=1169) to work on /home/airflow/.local/lib/python3.12/site-packages/airflow/example_dags/example_external_task_marker_dag.py
[2026-05-08T11:54:50.229+0000] {processor.py:830} INFO - Processing file /home/airflow/.local/lib/python3.12/site-packages/airflow/example_dags/example_external_task_marker_dag.py for tasks to queue
[2026-05-08T11:54:50.232+0000] {logging_mixin.py:188} INFO - [2026-05-08T11:54:50.231+0000] {dagbag.py:545} INFO - Filling up the DagBag from /home/airflow/.local/lib/python3.12/site-packages/airflow/example_dags/example_external_task_marker_dag.py
[2026-05-08T11:54:50.238+0000] {processor.py:840} INFO - DAG(s) 'example_external_task_marker_child', 'example_external_task_marker_parent' retrieved from /home/airflow/.local/lib/python3.12/site-packages/airflow/example_dags/example_external_task_marker_dag.py
[2026-05-08T11:54:50.274+0000] {logging_mixin.py:188} INFO - [2026-05-08T11:54:50.273+0000] {dag.py:3089} INFO - Sync 2 DAGs
[2026-05-08T11:54:50.290+0000] {logging_mixin.py:188} INFO - [2026-05-08T11:54:50.289+0000] {dag.py:3947} INFO - Setting next_dagrun for example_external_task_marker_child to None, run_after=None
[2026-05-08T11:54:50.295+0000] {logging_mixin.py:188} INFO - [2026-05-08T11:54:50.295+0000] {dag.py:3947} INFO - Setting next_dagrun for example_external_task_marker_parent to None, run_after=None
[2026-05-08T11:54:50.317+0000] {processor.py:183} INFO - Processing /home/airflow/.local/lib/python3.12/site-packages/airflow/example_dags/example_external_task_marker_dag.py took 0.097 seconds
[2026-05-08T11:55:20.380+0000] {processor.py:161} INFO - Started process (PID=1227) to work on /home/airflow/.local/lib/python3.12/site-packages/airflow/example_dags/example_external_task_marker_dag.py
[2026-05-08T11:55:20.381+0000] {processor.py:830} INFO - Processing file /home/airflow/.local/lib/python3.12/site-packages/airflow/example_dags/example_external_task_marker_dag.py for tasks to queue
[2026-05-08T11:55:20.383+0000] {logging_mixin.py:188} INFO - [2026-05-08T11:55:20.382+0000] {dagbag.py:545} INFO - Filling up the DagBag from /home/airflow/.local/lib/python3.12/site-packages/airflow/example_dags/example_external_task_marker_dag.py
[2026-05-08T11:55:20.388+0000] {processor.py:840} INFO - DAG(s) 'example_external_task_marker_child', 'example_external_task_marker_parent' retrieved from /home/airflow/.local/lib/python3.12/site-packages/airflow/example_dags/example_external_task_marker_dag.py
[2026-05-08T11:55:20.413+0000] {logging_mixin.py:188} INFO - [2026-05-08T11:55:20.413+0000] {dag.py:3089} INFO - Sync 2 DAGs
[2026-05-08T11:55:20.425+0000] {logging_mixin.py:188} INFO - [2026-05-08T11:55:20.425+0000] {dag.py:3947} INFO - Setting next_dagrun for example_external_task_marker_child to None, run_after=None
[2026-05-08T11:55:20.429+0000] {logging_mixin.py:188} INFO - [2026-05-08T11:55:20.429+0000] {dag.py:3947} INFO - Setting next_dagrun for example_external_task_marker_parent to None, run_after=None
[2026-05-08T11:55:20.446+0000] {processor.py:183} INFO - Processing /home/airflow/.local/lib/python3.12/site-packages/airflow/example_dags/example_external_task_marker_dag.py took 0.071 seconds
[2026-05-08T11:55:50.718+0000] {processor.py:161} INFO - Started process (PID=1285) to work on /home/airflow/.local/lib/python3.12/site-packages/airflow/example_dags/example_external_task_marker_dag.py
[2026-05-08T11:55:50.719+0000] {processor.py:830} INFO - Processing file /home/airflow/.local/lib/python3.12/site-packages/airflow/example_dags/example_external_task_marker_dag.py for tasks to queue
[2026-05-08T11:55:50.721+0000] {logging_mixin.py:188} INFO - [2026-05-08T11:55:50.721+0000] {dagbag.py:545} INFO - Filling up the DagBag from /home/airflow/.local/lib/python3.12/site-packages/airflow/example_dags/example_external_task_marker_dag.py
[2026-05-08T11:55:50.726+0000] {processor.py:840} INFO - DAG(s) 'example_external_task_marker_child', 'example_external_task_marker_parent' retrieved from /home/airflow/.local/lib/python3.12/site-packages/airflow/example_dags/example_external_task_marker_dag.py
[2026-05-08T11:55:50.747+0000] {logging_mixin.py:188} INFO - [2026-05-08T11:55:50.747+0000] {dag.py:3089} INFO - Sync 2 DAGs
[2026-05-08T11:55:50.760+0000] {logging_mixin.py:188} INFO - [2026-05-08T11:55:50.760+0000] {dag.py:3947} INFO - Setting next_dagrun for example_external_task_marker_child to None, run_after=None
[2026-05-08T11:55:50.763+0000] {logging_mixin.py:188} INFO - [2026-05-08T11:55:50.762+0000] {dag.py:3947} INFO - Setting next_dagrun for example_external_task_marker_parent to None, run_after=None
[2026-05-08T11:55:50.778+0000] {processor.py:183} INFO - Processing /home/airflow/.local/lib/python3.12/site-packages/airflow/example_dags/example_external_task_marker_dag.py took 0.066 seconds
[2026-05-08T11:56:21.710+0000] {processor.py:161} INFO - Started process (PID=1343) to work on /home/airflow/.local/lib/python3.12/site-packages/airflow/example_dags/example_external_task_marker_dag.py
[2026-05-08T11:56:21.711+0000] {processor.py:830} INFO - Processing file /home/airflow/.local/lib/python3.12/site-packages/airflow/example_dags/example_external_task_marker_dag.py for tasks to queue
[2026-05-08T11:56:21.714+0000] {logging_mixin.py:188} INFO - [2026-05-08T11:56:21.713+0000] {dagbag.py:545} INFO - Filling up the DagBag from /home/airflow/.local/lib/python3.12/site-packages/airflow/example_dags/example_external_task_marker_dag.py
[2026-05-08T11:56:21.721+0000] {processor.py:840} INFO - DAG(s) 'example_external_task_marker_child', 'example_external_task_marker_parent' retrieved from /home/airflow/.local/lib/python3.12/site-packages/airflow/example_dags/example_external_task_marker_dag.py
[2026-05-08T11:56:21.747+0000] {logging_mixin.py:188} INFO - [2026-05-08T11:56:21.747+0000] {dag.py:3089} INFO - Sync 2 DAGs
[2026-05-08T11:56:21.762+0000] {logging_mixin.py:188} INFO - [2026-05-08T11:56:21.762+0000] {dag.py:3947} INFO - Setting next_dagrun for example_external_task_marker_child to None, run_after=None
[2026-05-08T11:56:21.767+0000] {logging_mixin.py:188} INFO - [2026-05-08T11:56:21.767+0000] {dag.py:3947} INFO - Setting next_dagrun for example_external_task_marker_parent to None, run_after=None
[2026-05-08T11:56:21.787+0000] {processor.py:183} INFO - Processing /home/airflow/.local/lib/python3.12/site-packages/airflow/example_dags/example_external_task_marker_dag.py took 0.082 seconds
[2026-05-08T11:56:52.236+0000] {processor.py:161} INFO - Started process (PID=1401) to work on /home/airflow/.local/lib/python3.12/site-packages/airflow/example_dags/example_external_task_marker_dag.py
[2026-05-08T11:56:52.238+0000] {processor.py:830} INFO - Processing file /home/airflow/.local/lib/python3.12/site-packages/airflow/example_dags/example_external_task_marker_dag.py for tasks to queue
[2026-05-08T11:56:52.241+0000] {logging_mixin.py:188} INFO - [2026-05-08T11:56:52.240+0000] {dagbag.py:545} INFO - Filling up the DagBag from /home/airflow/.local/lib/python3.12/site-packages/airflow/example_dags/example_external_task_marker_dag.py
[2026-05-08T11:56:52.250+0000] {processor.py:840} INFO - DAG(s) 'example_external_task_marker_parent', 'example_external_task_marker_child' retrieved from /home/airflow/.local/lib/python3.12/site-packages/airflow/example_dags/example_external_task_marker_dag.py
[2026-05-08T11:56:52.288+0000] {logging_mixin.py:188} INFO - [2026-05-08T11:56:52.288+0000] {dag.py:3089} INFO - Sync 2 DAGs
[2026-05-08T11:56:52.310+0000] {logging_mixin.py:188} INFO - [2026-05-08T11:56:52.309+0000] {dag.py:3947} INFO - Setting next_dagrun for example_external_task_marker_child to None, run_after=None
[2026-05-08T11:56:52.317+0000] {logging_mixin.py:188} INFO - [2026-05-08T11:56:52.316+0000] {dag.py:3947} INFO - Setting next_dagrun for example_external_task_marker_parent to None, run_after=None
[2026-05-08T11:56:52.340+0000] {processor.py:183} INFO - Processing /home/airflow/.local/lib/python3.12/site-packages/airflow/example_dags/example_external_task_marker_dag.py took 0.113 seconds
[2026-05-08T11:57:22.602+0000] {processor.py:161} INFO - Started process (PID=1459) to work on /home/airflow/.local/lib/python3.12/site-packages/airflow/example_dags/example_external_task_marker_dag.py
[2026-05-08T11:57:22.604+0000] {processor.py:830} INFO - Processing file /home/airflow/.local/lib/python3.12/site-packages/airflow/example_dags/example_external_task_marker_dag.py for tasks to queue
[2026-05-08T11:57:22.607+0000] {logging_mixin.py:188} INFO - [2026-05-08T11:57:22.607+0000] {dagbag.py:545} INFO - Filling up the DagBag from /home/airflow/.local/lib/python3.12/site-packages/airflow/example_dags/example_external_task_marker_dag.py
[2026-05-08T11:57:22.617+0000] {processor.py:840} INFO - DAG(s) 'example_external_task_marker_child', 'example_external_task_marker_parent' retrieved from /home/airflow/.local/lib/python3.12/site-packages/airflow/example_dags/example_external_task_marker_dag.py
[2026-05-08T11:57:22.656+0000] {logging_mixin.py:188} INFO - [2026-05-08T11:57:22.655+0000] {dag.py:3089} INFO - Sync 2 DAGs
[2026-05-08T11:57:22.674+0000] {logging_mixin.py:188} INFO - [2026-05-08T11:57:22.673+0000] {dag.py:3947} INFO - Setting next_dagrun for example_external_task_marker_child to None, run_after=None
[2026-05-08T11:57:22.679+0000] {logging_mixin.py:188} INFO - [2026-05-08T11:57:22.679+0000] {dag.py:3947} INFO - Setting next_dagrun for example_external_task_marker_parent to None, run_after=None
[2026-05-08T11:57:22.695+0000] {processor.py:183} INFO - Processing /home/airflow/.local/lib/python3.12/site-packages/airflow/example_dags/example_external_task_marker_dag.py took 0.102 seconds
[2026-05-08T11:57:52.758+0000] {processor.py:161} INFO - Started process (PID=1517) to work on /home/airflow/.local/lib/python3.12/site-packages/airflow/example_dags/example_external_task_marker_dag.py
[2026-05-08T11:57:52.759+0000] {processor.py:830} INFO - Processing file /home/airflow/.local/lib/python3.12/site-packages/airflow/example_dags/example_external_task_marker_dag.py for tasks to queue
[2026-05-08T11:57:52.762+0000] {logging_mixin.py:188} INFO - [2026-05-08T11:57:52.762+0000] {dagbag.py:545} INFO - Filling up the DagBag from /home/airflow/.local/lib/python3.12/site-packages/airflow/example_dags/example_external_task_marker_dag.py
[2026-05-08T11:57:52.769+0000] {processor.py:840} INFO - DAG(s) 'example_external_task_marker_child', 'example_external_task_marker_parent' retrieved from /home/airflow/.local/lib/python3.12/site-packages/airflow/example_dags/example_external_task_marker_dag.py
[2026-05-08T11:57:52.793+0000] {logging_mixin.py:188} INFO - [2026-05-08T11:57:52.793+0000] {dag.py:3089} INFO - Sync 2 DAGs
[2026-05-08T11:57:52.805+0000] {logging_mixin.py:188} INFO - [2026-05-08T11:57:52.805+0000] {dag.py:3947} INFO - Setting next_dagrun for example_external_task_marker_child to None, run_after=None
[2026-05-08T11:57:52.809+0000] {logging_mixin.py:188} INFO - [2026-05-08T11:57:52.809+0000] {dag.py:3947} INFO - Setting next_dagrun for example_external_task_marker_parent to None, run_after=None
[2026-05-08T11:57:52.825+0000] {processor.py:183} INFO - Processing /home/airflow/.local/lib/python3.12/site-packages/airflow/example_dags/example_external_task_marker_dag.py took 0.073 seconds
[2026-05-08T11:58:24.623+0000] {processor.py:161} INFO - Started process (PID=1575) to work on /home/airflow/.local/lib/python3.12/site-packages/airflow/example_dags/example_external_task_marker_dag.py
[2026-05-08T11:58:24.626+0000] {processor.py:830} INFO - Processing file /home/airflow/.local/lib/python3.12/site-packages/airflow/example_dags/example_external_task_marker_dag.py for tasks to queue
[2026-05-08T11:58:24.629+0000] {logging_mixin.py:188} INFO - [2026-05-08T11:58:24.629+0000] {dagbag.py:545} INFO - Filling up the DagBag from /home/airflow/.local/lib/python3.12/site-packages/airflow/example_dags/example_external_task_marker_dag.py
[2026-05-08T11:58:24.638+0000] {processor.py:840} INFO - DAG(s) 'example_external_task_marker_child', 'example_external_task_marker_parent' retrieved from /home/airflow/.local/lib/python3.12/site-packages/airflow/example_dags/example_external_task_marker_dag.py
[2026-05-08T11:58:24.675+0000] {logging_mixin.py:188} INFO - [2026-05-08T11:58:24.674+0000] {dag.py:3089} INFO - Sync 2 DAGs
[2026-05-08T11:58:24.692+0000] {logging_mixin.py:188} INFO - [2026-05-08T11:58:24.692+0000] {dag.py:3947} INFO - Setting next_dagrun for example_external_task_marker_child to None, run_after=None
[2026-05-08T11:58:24.697+0000] {logging_mixin.py:188} INFO - [2026-05-08T11:58:24.697+0000] {dag.py:3947} INFO - Setting next_dagrun for example_external_task_marker_parent to None, run_after=None
[2026-05-08T11:58:24.722+0000] {processor.py:183} INFO - Processing /home/airflow/.local/lib/python3.12/site-packages/airflow/example_dags/example_external_task_marker_dag.py took 0.109 seconds
[2026-05-08T11:58:55.127+0000] {processor.py:161} INFO - Started process (PID=1633) to work on /home/airflow/.local/lib/python3.12/site-packages/airflow/example_dags/example_external_task_marker_dag.py
[2026-05-08T11:58:55.129+0000] {processor.py:830} INFO - Processing file /home/airflow/.local/lib/python3.12/site-packages/airflow/example_dags/example_external_task_marker_dag.py for tasks to queue
[2026-05-08T11:58:55.133+0000] {logging_mixin.py:188} INFO - [2026-05-08T11:58:55.132+0000] {dagbag.py:545} INFO - Filling up the DagBag from /home/airflow/.local/lib/python3.12/site-packages/airflow/example_dags/example_external_task_marker_dag.py
[2026-05-08T11:58:55.141+0000] {processor.py:840} INFO - DAG(s) 'example_external_task_marker_parent', 'example_external_task_marker_child' retrieved from /home/airflow/.local/lib/python3.12/site-packages/airflow/example_dags/example_external_task_marker_dag.py
[2026-05-08T11:58:55.179+0000] {logging_mixin.py:188} INFO - [2026-05-08T11:58:55.179+0000] {dag.py:3089} INFO - Sync 2 DAGs
[2026-05-08T11:58:55.195+0000] {logging_mixin.py:188} INFO - [2026-05-08T11:58:55.194+0000] {dag.py:3947} INFO - Setting next_dagrun for example_external_task_marker_child to None, run_after=None
[2026-05-08T11:58:55.200+0000] {logging_mixin.py:188} INFO - [2026-05-08T11:58:55.200+0000] {dag.py:3947} INFO - Setting next_dagrun for example_external_task_marker_parent to None, run_after=None
[2026-05-08T11:58:55.224+0000] {processor.py:183} INFO - Processing /home/airflow/.local/lib/python3.12/site-packages/airflow/example_dags/example_external_task_marker_dag.py took 0.105 seconds
[2026-05-08T11:59:25.476+0000] {processor.py:161} INFO - Started process (PID=1691) to work on /home/airflow/.local/lib/python3.12/site-packages/airflow/example_dags/example_external_task_marker_dag.py
[2026-05-08T11:59:25.478+0000] {processor.py:830} INFO - Processing file /home/airflow/.local/lib/python3.12/site-packages/airflow/example_dags/example_external_task_marker_dag.py for tasks to queue
[2026-05-08T11:59:25.481+0000] {logging_mixin.py:188} INFO - [2026-05-08T11:59:25.481+0000] {dagbag.py:545} INFO - Filling up the DagBag from /home/airflow/.local/lib/python3.12/site-packages/airflow/example_dags/example_external_task_marker_dag.py
[2026-05-08T11:59:25.490+0000] {processor.py:840} INFO - DAG(s) 'example_external_task_marker_child', 'example_external_task_marker_parent' retrieved from /home/airflow/.local/lib/python3.12/site-packages/airflow/example_dags/example_external_task_marker_dag.py
[2026-05-08T11:59:25.528+0000] {logging_mixin.py:188} INFO - [2026-05-08T11:59:25.528+0000] {dag.py:3089} INFO - Sync 2 DAGs
[2026-05-08T11:59:25.545+0000] {logging_mixin.py:188} INFO - [2026-05-08T11:59:25.545+0000] {dag.py:3947} INFO - Setting next_dagrun for example_external_task_marker_child to None, run_after=None
[2026-05-08T11:59:25.551+0000] {logging_mixin.py:188} INFO - [2026-05-08T11:59:25.550+0000] {dag.py:3947} INFO - Setting next_dagrun for example_external_task_marker_parent to None, run_after=None
[2026-05-08T11:59:25.573+0000] {processor.py:183} INFO - Processing /home/airflow/.local/lib/python3.12/site-packages/airflow/example_dags/example_external_task_marker_dag.py took 0.106 seconds
[2026-05-08T13:36:16.450+0000] {processor.py:161} INFO - Started process (PID=62) to work on /home/airflow/.local/lib/python3.12/site-packages/airflow/example_dags/example_external_task_marker_dag.py
[2026-05-08T13:36:16.452+0000] {processor.py:830} INFO - Processing file /home/airflow/.local/lib/python3.12/site-packages/airflow/example_dags/example_external_task_marker_dag.py for tasks to queue
[2026-05-08T13:36:16.459+0000] {logging_mixin.py:188} INFO - [2026-05-08T13:36:16.459+0000] {dagbag.py:545} INFO - Filling up the DagBag from /home/airflow/.local/lib/python3.12/site-packages/airflow/example_dags/example_external_task_marker_dag.py
[2026-05-08T13:36:16.468+0000] {processor.py:840} INFO - DAG(s) 'example_external_task_marker_parent', 'example_external_task_marker_child' retrieved from /home/airflow/.local/lib/python3.12/site-packages/airflow/example_dags/example_external_task_marker_dag.py
[2026-05-08T13:36:16.497+0000] {logging_mixin.py:188} INFO - [2026-05-08T13:36:16.497+0000] {dag.py:3089} INFO - Sync 2 DAGs
[2026-05-08T13:36:16.512+0000] {logging_mixin.py:188} INFO - [2026-05-08T13:36:16.512+0000] {dag.py:3947} INFO - Setting next_dagrun for example_external_task_marker_child to None, run_after=None
[2026-05-08T13:36:16.516+0000] {logging_mixin.py:188} INFO - [2026-05-08T13:36:16.516+0000] {dag.py:3947} INFO - Setting next_dagrun for example_external_task_marker_parent to None, run_after=None
[2026-05-08T13:36:16.534+0000] {processor.py:183} INFO - Processing /home/airflow/.local/lib/python3.12/site-packages/airflow/example_dags/example_external_task_marker_dag.py took 0.089 seconds
[2026-05-08T13:36:47.455+0000] {processor.py:161} INFO - Started process (PID=120) to work on /home/airflow/.local/lib/python3.12/site-packages/airflow/example_dags/example_external_task_marker_dag.py
[2026-05-08T13:36:47.456+0000] {processor.py:830} INFO - Processing file /home/airflow/.local/lib/python3.12/site-packages/airflow/example_dags/example_external_task_marker_dag.py for tasks to queue
[2026-05-08T13:36:47.458+0000] {logging_mixin.py:188} INFO - [2026-05-08T13:36:47.458+0000] {dagbag.py:545} INFO - Filling up the DagBag from /home/airflow/.local/lib/python3.12/site-packages/airflow/example_dags/example_external_task_marker_dag.py
[2026-05-08T13:36:47.464+0000] {processor.py:840} INFO - DAG(s) 'example_external_task_marker_parent', 'example_external_task_marker_child' retrieved from /home/airflow/.local/lib/python3.12/site-packages/airflow/example_dags/example_external_task_marker_dag.py
[2026-05-08T13:36:47.490+0000] {logging_mixin.py:188} INFO - [2026-05-08T13:36:47.490+0000] {dag.py:3089} INFO - Sync 2 DAGs
[2026-05-08T13:36:47.502+0000] {logging_mixin.py:188} INFO - [2026-05-08T13:36:47.502+0000] {dag.py:3947} INFO - Setting next_dagrun for example_external_task_marker_child to None, run_after=None
[2026-05-08T13:36:47.506+0000] {logging_mixin.py:188} INFO - [2026-05-08T13:36:47.505+0000] {dag.py:3947} INFO - Setting next_dagrun for example_external_task_marker_parent to None, run_after=None
[2026-05-08T13:36:47.520+0000] {processor.py:183} INFO - Processing /home/airflow/.local/lib/python3.12/site-packages/airflow/example_dags/example_external_task_marker_dag.py took 0.070 seconds
[2026-05-08T13:37:17.959+0000] {processor.py:161} INFO - Started process (PID=178) to work on /home/airflow/.local/lib/python3.12/site-packages/airflow/example_dags/example_external_task_marker_dag.py
[2026-05-08T13:37:17.959+0000] {processor.py:830} INFO - Processing file /home/airflow/.local/lib/python3.12/site-packages/airflow/example_dags/example_external_task_marker_dag.py for tasks to queue
[2026-05-08T13:37:17.961+0000] {logging_mixin.py:188} INFO - [2026-05-08T13:37:17.961+0000] {dagbag.py:545} INFO - Filling up the DagBag from /home/airflow/.local/lib/python3.12/site-packages/airflow/example_dags/example_external_task_marker_dag.py
[2026-05-08T13:37:17.966+0000] {processor.py:840} INFO - DAG(s) 'example_external_task_marker_child', 'example_external_task_marker_parent' retrieved from /home/airflow/.local/lib/python3.12/site-packages/airflow/example_dags/example_external_task_marker_dag.py
[2026-05-08T13:37:17.977+0000] {logging_mixin.py:188} INFO - [2026-05-08T13:37:17.976+0000] {dag.py:3089} INFO - Sync 2 DAGs
[2026-05-08T13:37:17.987+0000] {logging_mixin.py:188} INFO - [2026-05-08T13:37:17.987+0000] {dag.py:3947} INFO - Setting next_dagrun for example_external_task_marker_child to None, run_after=None
[2026-05-08T13:37:17.990+0000] {logging_mixin.py:188} INFO - [2026-05-08T13:37:17.990+0000] {dag.py:3947} INFO - Setting next_dagrun for example_external_task_marker_parent to None, run_after=None
[2026-05-08T13:37:18.004+0000] {processor.py:183} INFO - Processing /home/airflow/.local/lib/python3.12/site-packages/airflow/example_dags/example_external_task_marker_dag.py took 0.051 seconds
[2026-05-08T13:37:48.886+0000] {processor.py:161} INFO - Started process (PID=242) to work on /home/airflow/.local/lib/python3.12/site-packages/airflow/example_dags/example_external_task_marker_dag.py
[2026-05-08T13:37:48.887+0000] {processor.py:830} INFO - Processing file /home/airflow/.local/lib/python3.12/site-packages/airflow/example_dags/example_external_task_marker_dag.py for tasks to queue
[2026-05-08T13:37:48.889+0000] {logging_mixin.py:188} INFO - [2026-05-08T13:37:48.889+0000] {dagbag.py:545} INFO - Filling up the DagBag from /home/airflow/.local/lib/python3.12/site-packages/airflow/example_dags/example_external_task_marker_dag.py
[2026-05-08T13:37:48.895+0000] {processor.py:840} INFO - DAG(s) 'example_external_task_marker_parent', 'example_external_task_marker_child' retrieved from /home/airflow/.local/lib/python3.12/site-packages/airflow/example_dags/example_external_task_marker_dag.py
[2026-05-08T13:37:48.975+0000] {logging_mixin.py:188} INFO - [2026-05-08T13:37:48.975+0000] {dag.py:3089} INFO - Sync 2 DAGs
[2026-05-08T13:37:48.983+0000] {logging_mixin.py:188} INFO - [2026-05-08T13:37:48.983+0000] {dag.py:3947} INFO - Setting next_dagrun for example_external_task_marker_child to None, run_after=None
[2026-05-08T13:37:48.985+0000] {logging_mixin.py:188} INFO - [2026-05-08T13:37:48.985+0000] {dag.py:3947} INFO - Setting next_dagrun for example_external_task_marker_parent to None, run_after=None
[2026-05-08T13:37:48.996+0000] {processor.py:183} INFO - Processing /home/airflow/.local/lib/python3.12/site-packages/airflow/example_dags/example_external_task_marker_dag.py took 0.118 seconds
[2026-05-08T13:38:19.739+0000] {processor.py:161} INFO - Started process (PID=300) to work on /home/airflow/.local/lib/python3.12/site-packages/airflow/example_dags/example_external_task_marker_dag.py
[2026-05-08T13:38:19.739+0000] {processor.py:830} INFO - Processing file /home/airflow/.local/lib/python3.12/site-packages/airflow/example_dags/example_external_task_marker_dag.py for tasks to queue
[2026-05-08T13:38:19.741+0000] {logging_mixin.py:188} INFO - [2026-05-08T13:38:19.741+0000] {dagbag.py:545} INFO - Filling up the DagBag from /home/airflow/.local/lib/python3.12/site-packages/airflow/example_dags/example_external_task_marker_dag.py
[2026-05-08T13:38:19.747+0000] {processor.py:840} INFO - DAG(s) 'example_external_task_marker_parent', 'example_external_task_marker_child' retrieved from /home/airflow/.local/lib/python3.12/site-packages/airflow/example_dags/example_external_task_marker_dag.py
[2026-05-08T13:38:19.767+0000] {logging_mixin.py:188} INFO - [2026-05-08T13:38:19.766+0000] {dag.py:3089} INFO - Sync 2 DAGs
[2026-05-08T13:38:19.778+0000] {logging_mixin.py:188} INFO - [2026-05-08T13:38:19.778+0000] {dag.py:3947} INFO - Setting next_dagrun for example_external_task_marker_child to None, run_after=None
[2026-05-08T13:38:19.782+0000] {logging_mixin.py:188} INFO - [2026-05-08T13:38:19.782+0000] {dag.py:3947} INFO - Setting next_dagrun for example_external_task_marker_parent to None, run_after=None
[2026-05-08T13:38:19.795+0000] {processor.py:183} INFO - Processing /home/airflow/.local/lib/python3.12/site-packages/airflow/example_dags/example_external_task_marker_dag.py took 0.061 seconds
[2026-05-08T13:38:50.118+0000] {processor.py:161} INFO - Started process (PID=358) to work on /home/airflow/.local/lib/python3.12/site-packages/airflow/example_dags/example_external_task_marker_dag.py
[2026-05-08T13:38:50.119+0000] {processor.py:830} INFO - Processing file /home/airflow/.local/lib/python3.12/site-packages/airflow/example_dags/example_external_task_marker_dag.py for tasks to queue
[2026-05-08T13:38:50.120+0000] {logging_mixin.py:188} INFO - [2026-05-08T13:38:50.120+0000] {dagbag.py:545} INFO - Filling up the DagBag from /home/airflow/.local/lib/python3.12/site-packages/airflow/example_dags/example_external_task_marker_dag.py
[2026-05-08T13:38:50.125+0000] {processor.py:840} INFO - DAG(s) 'example_external_task_marker_child', 'example_external_task_marker_parent' retrieved from /home/airflow/.local/lib/python3.12/site-packages/airflow/example_dags/example_external_task_marker_dag.py
[2026-05-08T13:38:50.144+0000] {logging_mixin.py:188} INFO - [2026-05-08T13:38:50.144+0000] {dag.py:3089} INFO - Sync 2 DAGs
[2026-05-08T13:38:50.154+0000] {logging_mixin.py:188} INFO - [2026-05-08T13:38:50.153+0000] {dag.py:3947} INFO - Setting next_dagrun for example_external_task_marker_child to None, run_after=None
[2026-05-08T13:38:50.157+0000] {logging_mixin.py:188} INFO - [2026-05-08T13:38:50.157+0000] {dag.py:3947} INFO - Setting next_dagrun for example_external_task_marker_parent to None, run_after=None
[2026-05-08T13:38:50.170+0000] {processor.py:183} INFO - Processing /home/airflow/.local/lib/python3.12/site-packages/airflow/example_dags/example_external_task_marker_dag.py took 0.056 seconds
[2026-05-08T13:39:20.604+0000] {processor.py:161} INFO - Started process (PID=416) to work on /home/airflow/.local/lib/python3.12/site-packages/airflow/example_dags/example_external_task_marker_dag.py
[2026-05-08T13:39:20.605+0000] {processor.py:830} INFO - Processing file /home/airflow/.local/lib/python3.12/site-packages/airflow/example_dags/example_external_task_marker_dag.py for tasks to queue
[2026-05-08T13:39:20.606+0000] {logging_mixin.py:188} INFO - [2026-05-08T13:39:20.606+0000] {dagbag.py:545} INFO - Filling up the DagBag from /home/airflow/.local/lib/python3.12/site-packages/airflow/example_dags/example_external_task_marker_dag.py
[2026-05-08T13:39:20.611+0000] {processor.py:840} INFO - DAG(s) 'example_external_task_marker_parent', 'example_external_task_marker_child' retrieved from /home/airflow/.local/lib/python3.12/site-packages/airflow/example_dags/example_external_task_marker_dag.py
[2026-05-08T13:39:20.630+0000] {logging_mixin.py:188} INFO - [2026-05-08T13:39:20.630+0000] {dag.py:3089} INFO - Sync 2 DAGs
[2026-05-08T13:39:20.641+0000] {logging_mixin.py:188} INFO - [2026-05-08T13:39:20.640+0000] {dag.py:3947} INFO - Setting next_dagrun for example_external_task_marker_child to None, run_after=None
[2026-05-08T13:39:20.644+0000] {logging_mixin.py:188} INFO - [2026-05-08T13:39:20.643+0000] {dag.py:3947} INFO - Setting next_dagrun for example_external_task_marker_parent to None, run_after=None
[2026-05-08T13:39:20.658+0000] {processor.py:183} INFO - Processing /home/airflow/.local/lib/python3.12/site-packages/airflow/example_dags/example_external_task_marker_dag.py took 0.059 seconds
[2026-05-08T13:39:51.086+0000] {processor.py:161} INFO - Started process (PID=474) to work on /home/airflow/.local/lib/python3.12/site-packages/airflow/example_dags/example_external_task_marker_dag.py
[2026-05-08T13:39:51.087+0000] {processor.py:830} INFO - Processing file /home/airflow/.local/lib/python3.12/site-packages/airflow/example_dags/example_external_task_marker_dag.py for tasks to queue
[2026-05-08T13:39:51.089+0000] {logging_mixin.py:188} INFO - [2026-05-08T13:39:51.089+0000] {dagbag.py:545} INFO - Filling up the DagBag from /home/airflow/.local/lib/python3.12/site-packages/airflow/example_dags/example_external_task_marker_dag.py
[2026-05-08T13:39:51.096+0000] {processor.py:840} INFO - DAG(s) 'example_external_task_marker_child', 'example_external_task_marker_parent' retrieved from /home/airflow/.local/lib/python3.12/site-packages/airflow/example_dags/example_external_task_marker_dag.py
[2026-05-08T13:39:51.117+0000] {logging_mixin.py:188} INFO - [2026-05-08T13:39:51.116+0000] {dag.py:3089} INFO - Sync 2 DAGs
[2026-05-08T13:39:51.127+0000] {logging_mixin.py:188} INFO - [2026-05-08T13:39:51.127+0000] {dag.py:3947} INFO - Setting next_dagrun for example_external_task_marker_child to None, run_after=None
[2026-05-08T13:39:51.130+0000] {logging_mixin.py:188} INFO - [2026-05-08T13:39:51.130+0000] {dag.py:3947} INFO - Setting next_dagrun for example_external_task_marker_parent to None, run_after=None
[2026-05-08T13:39:51.143+0000] {processor.py:183} INFO - Processing /home/airflow/.local/lib/python3.12/site-packages/airflow/example_dags/example_external_task_marker_dag.py took 0.064 seconds
[2026-05-08T13:40:21.405+0000] {processor.py:161} INFO - Started process (PID=532) to work on /home/airflow/.local/lib/python3.12/site-packages/airflow/example_dags/example_external_task_marker_dag.py
[2026-05-08T13:40:21.406+0000] {processor.py:830} INFO - Processing file /home/airflow/.local/lib/python3.12/site-packages/airflow/example_dags/example_external_task_marker_dag.py for tasks to queue
[2026-05-08T13:40:21.408+0000] {logging_mixin.py:188} INFO - [2026-05-08T13:40:21.407+0000] {dagbag.py:545} INFO - Filling up the DagBag from /home/airflow/.local/lib/python3.12/site-packages/airflow/example_dags/example_external_task_marker_dag.py
[2026-05-08T13:40:21.413+0000] {processor.py:840} INFO - DAG(s) 'example_external_task_marker_parent', 'example_external_task_marker_child' retrieved from /home/airflow/.local/lib/python3.12/site-packages/airflow/example_dags/example_external_task_marker_dag.py
[2026-05-08T13:40:21.431+0000] {logging_mixin.py:188} INFO - [2026-05-08T13:40:21.431+0000] {dag.py:3089} INFO - Sync 2 DAGs
[2026-05-08T13:40:21.440+0000] {logging_mixin.py:188} INFO - [2026-05-08T13:40:21.440+0000] {dag.py:3947} INFO - Setting next_dagrun for example_external_task_marker_child to None, run_after=None
[2026-05-08T13:40:21.443+0000] {logging_mixin.py:188} INFO - [2026-05-08T13:40:21.443+0000] {dag.py:3947} INFO - Setting next_dagrun for example_external_task_marker_parent to None, run_after=None
[2026-05-08T13:40:21.455+0000] {processor.py:183} INFO - Processing /home/airflow/.local/lib/python3.12/site-packages/airflow/example_dags/example_external_task_marker_dag.py took 0.054 seconds
[2026-05-08T13:40:51.732+0000] {processor.py:161} INFO - Started process (PID=590) to work on /home/airflow/.local/lib/python3.12/site-packages/airflow/example_dags/example_external_task_marker_dag.py
[2026-05-08T13:40:51.733+0000] {processor.py:830} INFO - Processing file /home/airflow/.local/lib/python3.12/site-packages/airflow/example_dags/example_external_task_marker_dag.py for tasks to queue
[2026-05-08T13:40:51.734+0000] {logging_mixin.py:188} INFO - [2026-05-08T13:40:51.734+0000] {dagbag.py:545} INFO - Filling up the DagBag from /home/airflow/.local/lib/python3.12/site-packages/airflow/example_dags/example_external_task_marker_dag.py
[2026-05-08T13:40:51.739+0000] {processor.py:840} INFO - DAG(s) 'example_external_task_marker_parent', 'example_external_task_marker_child' retrieved from /home/airflow/.local/lib/python3.12/site-packages/airflow/example_dags/example_external_task_marker_dag.py
[2026-05-08T13:40:51.757+0000] {logging_mixin.py:188} INFO - [2026-05-08T13:40:51.756+0000] {dag.py:3089} INFO - Sync 2 DAGs
[2026-05-08T13:40:51.765+0000] {logging_mixin.py:188} INFO - [2026-05-08T13:40:51.765+0000] {dag.py:3947} INFO - Setting next_dagrun for example_external_task_marker_child to None, run_after=None
[2026-05-08T13:40:51.768+0000] {logging_mixin.py:188} INFO - [2026-05-08T13:40:51.768+0000] {dag.py:3947} INFO - Setting next_dagrun for example_external_task_marker_parent to None, run_after=None
[2026-05-08T13:40:51.779+0000] {processor.py:183} INFO - Processing /home/airflow/.local/lib/python3.12/site-packages/airflow/example_dags/example_external_task_marker_dag.py took 0.052 seconds
[2026-05-08T13:41:21.983+0000] {processor.py:161} INFO - Started process (PID=648) to work on /home/airflow/.local/lib/python3.12/site-packages/airflow/example_dags/example_external_task_marker_dag.py
[2026-05-08T13:41:21.983+0000] {processor.py:830} INFO - Processing file /home/airflow/.local/lib/python3.12/site-packages/airflow/example_dags/example_external_task_marker_dag.py for tasks to queue
[2026-05-08T13:41:21.985+0000] {logging_mixin.py:188} INFO - [2026-05-08T13:41:21.985+0000] {dagbag.py:545} INFO - Filling up the DagBag from /home/airflow/.local/lib/python3.12/site-packages/airflow/example_dags/example_external_task_marker_dag.py
[2026-05-08T13:41:21.989+0000] {processor.py:840} INFO - DAG(s) 'example_external_task_marker_parent', 'example_external_task_marker_child' retrieved from /home/airflow/.local/lib/python3.12/site-packages/airflow/example_dags/example_external_task_marker_dag.py
[2026-05-08T13:41:22.008+0000] {logging_mixin.py:188} INFO - [2026-05-08T13:41:22.008+0000] {dag.py:3089} INFO - Sync 2 DAGs
[2026-05-08T13:41:22.017+0000] {logging_mixin.py:188} INFO - [2026-05-08T13:41:22.017+0000] {dag.py:3947} INFO - Setting next_dagrun for example_external_task_marker_child to None, run_after=None
[2026-05-08T13:41:22.023+0000] {logging_mixin.py:188} INFO - [2026-05-08T13:41:22.023+0000] {dag.py:3947} INFO - Setting next_dagrun for example_external_task_marker_parent to None, run_after=None
[2026-05-08T13:41:22.034+0000] {processor.py:183} INFO - Processing /home/airflow/.local/lib/python3.12/site-packages/airflow/example_dags/example_external_task_marker_dag.py took 0.056 seconds
[2026-05-08T13:41:52.306+0000] {processor.py:161} INFO - Started process (PID=706) to work on /home/airflow/.local/lib/python3.12/site-packages/airflow/example_dags/example_external_task_marker_dag.py
[2026-05-08T13:41:52.307+0000] {processor.py:830} INFO - Processing file /home/airflow/.local/lib/python3.12/site-packages/airflow/example_dags/example_external_task_marker_dag.py for tasks to queue
[2026-05-08T13:41:52.308+0000] {logging_mixin.py:188} INFO - [2026-05-08T13:41:52.308+0000] {dagbag.py:545} INFO - Filling up the DagBag from /home/airflow/.local/lib/python3.12/site-packages/airflow/example_dags/example_external_task_marker_dag.py
[2026-05-08T13:41:52.313+0000] {processor.py:840} INFO - DAG(s) 'example_external_task_marker_child', 'example_external_task_marker_parent' retrieved from /home/airflow/.local/lib/python3.12/site-packages/airflow/example_dags/example_external_task_marker_dag.py
[2026-05-08T13:41:52.332+0000] {logging_mixin.py:188} INFO - [2026-05-08T13:41:52.332+0000] {dag.py:3089} INFO - Sync 2 DAGs
[2026-05-08T13:41:52.342+0000] {logging_mixin.py:188} INFO - [2026-05-08T13:41:52.342+0000] {dag.py:3947} INFO - Setting next_dagrun for example_external_task_marker_child to None, run_after=None
[2026-05-08T13:41:52.345+0000] {logging_mixin.py:188} INFO - [2026-05-08T13:41:52.345+0000] {dag.py:3947} INFO - Setting next_dagrun for example_external_task_marker_parent to None, run_after=None
[2026-05-08T13:41:52.356+0000] {processor.py:183} INFO - Processing /home/airflow/.local/lib/python3.12/site-packages/airflow/example_dags/example_external_task_marker_dag.py took 0.054 seconds
[2026-05-08T13:42:22.598+0000] {processor.py:161} INFO - Started process (PID=764) to work on /home/airflow/.local/lib/python3.12/site-packages/airflow/example_dags/example_external_task_marker_dag.py
[2026-05-08T13:42:22.599+0000] {processor.py:830} INFO - Processing file /home/airflow/.local/lib/python3.12/site-packages/airflow/example_dags/example_external_task_marker_dag.py for tasks to queue
[2026-05-08T13:42:22.600+0000] {logging_mixin.py:188} INFO - [2026-05-08T13:42:22.600+0000] {dagbag.py:545} INFO - Filling up the DagBag from /home/airflow/.local/lib/python3.12/site-packages/airflow/example_dags/example_external_task_marker_dag.py
[2026-05-08T13:42:22.605+0000] {processor.py:840} INFO - DAG(s) 'example_external_task_marker_child', 'example_external_task_marker_parent' retrieved from /home/airflow/.local/lib/python3.12/site-packages/airflow/example_dags/example_external_task_marker_dag.py
[2026-05-08T13:42:22.623+0000] {logging_mixin.py:188} INFO - [2026-05-08T13:42:22.622+0000] {dag.py:3089} INFO - Sync 2 DAGs
[2026-05-08T13:42:22.632+0000] {logging_mixin.py:188} INFO - [2026-05-08T13:42:22.632+0000] {dag.py:3947} INFO - Setting next_dagrun for example_external_task_marker_child to None, run_after=None
[2026-05-08T13:42:22.635+0000] {logging_mixin.py:188} INFO - [2026-05-08T13:42:22.635+0000] {dag.py:3947} INFO - Setting next_dagrun for example_external_task_marker_parent to None, run_after=None
[2026-05-08T13:42:22.646+0000] {processor.py:183} INFO - Processing /home/airflow/.local/lib/python3.12/site-packages/airflow/example_dags/example_external_task_marker_dag.py took 0.053 seconds
[2026-05-08T13:42:52.865+0000] {processor.py:161} INFO - Started process (PID=822) to work on /home/airflow/.local/lib/python3.12/site-packages/airflow/example_dags/example_external_task_marker_dag.py
[2026-05-08T13:42:52.866+0000] {processor.py:830} INFO - Processing file /home/airflow/.local/lib/python3.12/site-packages/airflow/example_dags/example_external_task_marker_dag.py for tasks to queue
[2026-05-08T13:42:52.867+0000] {logging_mixin.py:188} INFO - [2026-05-08T13:42:52.867+0000] {dagbag.py:545} INFO - Filling up the DagBag from /home/airflow/.local/lib/python3.12/site-packages/airflow/example_dags/example_external_task_marker_dag.py
[2026-05-08T13:42:52.873+0000] {processor.py:840} INFO - DAG(s) 'example_external_task_marker_child', 'example_external_task_marker_parent' retrieved from /home/airflow/.local/lib/python3.12/site-packages/airflow/example_dags/example_external_task_marker_dag.py
[2026-05-08T13:42:52.891+0000] {logging_mixin.py:188} INFO - [2026-05-08T13:42:52.891+0000] {dag.py:3089} INFO - Sync 2 DAGs
[2026-05-08T13:42:52.900+0000] {logging_mixin.py:188} INFO - [2026-05-08T13:42:52.900+0000] {dag.py:3947} INFO - Setting next_dagrun for example_external_task_marker_child to None, run_after=None
[2026-05-08T13:42:52.903+0000] {logging_mixin.py:188} INFO - [2026-05-08T13:42:52.903+0000] {dag.py:3947} INFO - Setting next_dagrun for example_external_task_marker_parent to None, run_after=None
[2026-05-08T13:42:52.914+0000] {processor.py:183} INFO - Processing /home/airflow/.local/lib/python3.12/site-packages/airflow/example_dags/example_external_task_marker_dag.py took 0.054 seconds
[2026-05-08T13:43:23.283+0000] {processor.py:161} INFO - Started process (PID=880) to work on /home/airflow/.local/lib/python3.12/site-packages/airflow/example_dags/example_external_task_marker_dag.py
[2026-05-08T13:43:23.284+0000] {processor.py:830} INFO - Processing file /home/airflow/.local/lib/python3.12/site-packages/airflow/example_dags/example_external_task_marker_dag.py for tasks to queue
[2026-05-08T13:43:23.285+0000] {logging_mixin.py:188} INFO - [2026-05-08T13:43:23.285+0000] {dagbag.py:545} INFO - Filling up the DagBag from /home/airflow/.local/lib/python3.12/site-packages/airflow/example_dags/example_external_task_marker_dag.py
[2026-05-08T13:43:23.290+0000] {processor.py:840} INFO - DAG(s) 'example_external_task_marker_child', 'example_external_task_marker_parent' retrieved from /home/airflow/.local/lib/python3.12/site-packages/airflow/example_dags/example_external_task_marker_dag.py
[2026-05-08T13:43:23.308+0000] {logging_mixin.py:188} INFO - [2026-05-08T13:43:23.308+0000] {dag.py:3089} INFO - Sync 2 DAGs
[2026-05-08T13:43:23.317+0000] {logging_mixin.py:188} INFO - [2026-05-08T13:43:23.317+0000] {dag.py:3947} INFO - Setting next_dagrun for example_external_task_marker_child to None, run_after=None
[2026-05-08T13:43:23.320+0000] {logging_mixin.py:188} INFO - [2026-05-08T13:43:23.320+0000] {dag.py:3947} INFO - Setting next_dagrun for example_external_task_marker_parent to None, run_after=None
[2026-05-08T13:43:23.331+0000] {processor.py:183} INFO - Processing /home/airflow/.local/lib/python3.12/site-packages/airflow/example_dags/example_external_task_marker_dag.py took 0.053 seconds
[2026-05-08T13:43:53.876+0000] {processor.py:161} INFO - Started process (PID=938) to work on /home/airflow/.local/lib/python3.12/site-packages/airflow/example_dags/example_external_task_marker_dag.py
[2026-05-08T13:43:53.877+0000] {processor.py:830} INFO - Processing file /home/airflow/.local/lib/python3.12/site-packages/airflow/example_dags/example_external_task_marker_dag.py for tasks to queue
[2026-05-08T13:43:53.879+0000] {logging_mixin.py:188} INFO - [2026-05-08T13:43:53.879+0000] {dagbag.py:545} INFO - Filling up the DagBag from /home/airflow/.local/lib/python3.12/site-packages/airflow/example_dags/example_external_task_marker_dag.py
[2026-05-08T13:43:53.887+0000] {processor.py:840} INFO - DAG(s) 'example_external_task_marker_child', 'example_external_task_marker_parent' retrieved from /home/airflow/.local/lib/python3.12/site-packages/airflow/example_dags/example_external_task_marker_dag.py
[2026-05-08T13:43:53.919+0000] {logging_mixin.py:188} INFO - [2026-05-08T13:43:53.919+0000] {dag.py:3089} INFO - Sync 2 DAGs
[2026-05-08T13:43:53.934+0000] {logging_mixin.py:188} INFO - [2026-05-08T13:43:53.934+0000] {dag.py:3947} INFO - Setting next_dagrun for example_external_task_marker_child to None, run_after=None
[2026-05-08T13:43:53.939+0000] {logging_mixin.py:188} INFO - [2026-05-08T13:43:53.939+0000] {dag.py:3947} INFO - Setting next_dagrun for example_external_task_marker_parent to None, run_after=None
[2026-05-08T13:43:53.966+0000] {processor.py:183} INFO - Processing /home/airflow/.local/lib/python3.12/site-packages/airflow/example_dags/example_external_task_marker_dag.py took 0.098 seconds
[2026-05-08T17:11:48.171+0000] {processor.py:161} INFO - Started process (PID=92) to work on /home/airflow/.local/lib/python3.12/site-packages/airflow/example_dags/example_external_task_marker_dag.py
[2026-05-08T17:11:48.171+0000] {processor.py:830} INFO - Processing file /home/airflow/.local/lib/python3.12/site-packages/airflow/example_dags/example_external_task_marker_dag.py for tasks to queue
[2026-05-08T17:11:48.173+0000] {logging_mixin.py:188} INFO - [2026-05-08T17:11:48.173+0000] {dagbag.py:545} INFO - Filling up the DagBag from /home/airflow/.local/lib/python3.12/site-packages/airflow/example_dags/example_external_task_marker_dag.py
[2026-05-08T17:11:48.180+0000] {processor.py:840} INFO - DAG(s) 'example_external_task_marker_child', 'example_external_task_marker_parent' retrieved from /home/airflow/.local/lib/python3.12/site-packages/airflow/example_dags/example_external_task_marker_dag.py
[2026-05-08T17:11:48.271+0000] {logging_mixin.py:188} INFO - [2026-05-08T17:11:48.271+0000] {override.py:1858} INFO - Created Permission View: can delete on DAG:example_external_task_marker_child
[2026-05-08T17:11:48.279+0000] {logging_mixin.py:188} INFO - [2026-05-08T17:11:48.279+0000] {override.py:1858} INFO - Created Permission View: can read on DAG:example_external_task_marker_child
[2026-05-08T17:11:48.284+0000] {logging_mixin.py:188} INFO - [2026-05-08T17:11:48.284+0000] {override.py:1858} INFO - Created Permission View: can edit on DAG:example_external_task_marker_child
[2026-05-08T17:11:48.294+0000] {logging_mixin.py:188} INFO - [2026-05-08T17:11:48.293+0000] {override.py:1858} INFO - Created Permission View: can delete on DAG:example_external_task_marker_parent
[2026-05-08T17:11:48.298+0000] {logging_mixin.py:188} INFO - [2026-05-08T17:11:48.298+0000] {override.py:1858} INFO - Created Permission View: can read on DAG:example_external_task_marker_parent
[2026-05-08T17:11:48.303+0000] {logging_mixin.py:188} INFO - [2026-05-08T17:11:48.303+0000] {override.py:1858} INFO - Created Permission View: can edit on DAG:example_external_task_marker_parent
[2026-05-08T17:11:48.303+0000] {logging_mixin.py:188} INFO - [2026-05-08T17:11:48.303+0000] {dag.py:3089} INFO - Sync 2 DAGs
[2026-05-08T17:11:48.315+0000] {logging_mixin.py:188} INFO - [2026-05-08T17:11:48.315+0000] {dag.py:3111} INFO - Creating ORM DAG for example_external_task_marker_child
[2026-05-08T17:11:48.315+0000] {logging_mixin.py:188} INFO - [2026-05-08T17:11:48.315+0000] {dag.py:3111} INFO - Creating ORM DAG for example_external_task_marker_parent
[2026-05-08T17:11:48.316+0000] {logging_mixin.py:188} INFO - [2026-05-08T17:11:48.316+0000] {dag.py:3947} INFO - Setting next_dagrun for example_external_task_marker_child to None, run_after=None
[2026-05-08T17:11:48.317+0000] {logging_mixin.py:188} INFO - [2026-05-08T17:11:48.317+0000] {dag.py:3947} INFO - Setting next_dagrun for example_external_task_marker_parent to None, run_after=None
[2026-05-08T17:11:48.331+0000] {processor.py:183} INFO - Processing /home/airflow/.local/lib/python3.12/site-packages/airflow/example_dags/example_external_task_marker_dag.py took 0.167 seconds
[2026-05-08T17:12:18.417+0000] {processor.py:161} INFO - Started process (PID=150) to work on /home/airflow/.local/lib/python3.12/site-packages/airflow/example_dags/example_external_task_marker_dag.py
[2026-05-08T17:12:18.418+0000] {processor.py:830} INFO - Processing file /home/airflow/.local/lib/python3.12/site-packages/airflow/example_dags/example_external_task_marker_dag.py for tasks to queue
[2026-05-08T17:12:18.420+0000] {logging_mixin.py:188} INFO - [2026-05-08T17:12:18.419+0000] {dagbag.py:545} INFO - Filling up the DagBag from /home/airflow/.local/lib/python3.12/site-packages/airflow/example_dags/example_external_task_marker_dag.py
[2026-05-08T17:12:18.425+0000] {processor.py:840} INFO - DAG(s) 'example_external_task_marker_parent', 'example_external_task_marker_child' retrieved from /home/airflow/.local/lib/python3.12/site-packages/airflow/example_dags/example_external_task_marker_dag.py
[2026-05-08T17:12:18.443+0000] {logging_mixin.py:188} INFO - [2026-05-08T17:12:18.443+0000] {dag.py:3089} INFO - Sync 2 DAGs
[2026-05-08T17:12:18.453+0000] {logging_mixin.py:188} INFO - [2026-05-08T17:12:18.453+0000] {dag.py:3947} INFO - Setting next_dagrun for example_external_task_marker_child to None, run_after=None
[2026-05-08T17:12:18.456+0000] {logging_mixin.py:188} INFO - [2026-05-08T17:12:18.456+0000] {dag.py:3947} INFO - Setting next_dagrun for example_external_task_marker_parent to None, run_after=None
[2026-05-08T17:12:18.469+0000] {processor.py:183} INFO - Processing /home/airflow/.local/lib/python3.12/site-packages/airflow/example_dags/example_external_task_marker_dag.py took 0.058 seconds
[2026-05-08T17:12:48.673+0000] {processor.py:161} INFO - Started process (PID=208) to work on /home/airflow/.local/lib/python3.12/site-packages/airflow/example_dags/example_external_task_marker_dag.py
[2026-05-08T17:12:48.674+0000] {processor.py:830} INFO - Processing file /home/airflow/.local/lib/python3.12/site-packages/airflow/example_dags/example_external_task_marker_dag.py for tasks to queue
[2026-05-08T17:12:48.676+0000] {logging_mixin.py:188} INFO - [2026-05-08T17:12:48.675+0000] {dagbag.py:545} INFO - Filling up the DagBag from /home/airflow/.local/lib/python3.12/site-packages/airflow/example_dags/example_external_task_marker_dag.py
[2026-05-08T17:12:48.681+0000] {processor.py:840} INFO - DAG(s) 'example_external_task_marker_child', 'example_external_task_marker_parent' retrieved from /home/airflow/.local/lib/python3.12/site-packages/airflow/example_dags/example_external_task_marker_dag.py
[2026-05-08T17:12:48.701+0000] {logging_mixin.py:188} INFO - [2026-05-08T17:12:48.701+0000] {dag.py:3089} INFO - Sync 2 DAGs
[2026-05-08T17:12:48.712+0000] {logging_mixin.py:188} INFO - [2026-05-08T17:12:48.712+0000] {dag.py:3947} INFO - Setting next_dagrun for example_external_task_marker_child to None, run_after=None
[2026-05-08T17:12:48.715+0000] {logging_mixin.py:188} INFO - [2026-05-08T17:12:48.715+0000] {dag.py:3947} INFO - Setting next_dagrun for example_external_task_marker_parent to None, run_after=None
[2026-05-08T17:12:48.729+0000] {processor.py:183} INFO - Processing /home/airflow/.local/lib/python3.12/site-packages/airflow/example_dags/example_external_task_marker_dag.py took 0.062 seconds
[2026-05-08T17:13:19.138+0000] {processor.py:161} INFO - Started process (PID=266) to work on /home/airflow/.local/lib/python3.12/site-packages/airflow/example_dags/example_external_task_marker_dag.py
[2026-05-08T17:13:19.139+0000] {processor.py:830} INFO - Processing file /home/airflow/.local/lib/python3.12/site-packages/airflow/example_dags/example_external_task_marker_dag.py for tasks to queue
[2026-05-08T17:13:19.141+0000] {logging_mixin.py:188} INFO - [2026-05-08T17:13:19.141+0000] {dagbag.py:545} INFO - Filling up the DagBag from /home/airflow/.local/lib/python3.12/site-packages/airflow/example_dags/example_external_task_marker_dag.py
[2026-05-08T17:13:19.147+0000] {processor.py:840} INFO - DAG(s) 'example_external_task_marker_parent', 'example_external_task_marker_child' retrieved from /home/airflow/.local/lib/python3.12/site-packages/airflow/example_dags/example_external_task_marker_dag.py
[2026-05-08T17:13:19.167+0000] {logging_mixin.py:188} INFO - [2026-05-08T17:13:19.166+0000] {dag.py:3089} INFO - Sync 2 DAGs
[2026-05-08T17:13:19.177+0000] {logging_mixin.py:188} INFO - [2026-05-08T17:13:19.177+0000] {dag.py:3947} INFO - Setting next_dagrun for example_external_task_marker_child to None, run_after=None
[2026-05-08T17:13:19.181+0000] {logging_mixin.py:188} INFO - [2026-05-08T17:13:19.180+0000] {dag.py:3947} INFO - Setting next_dagrun for example_external_task_marker_parent to None, run_after=None
[2026-05-08T17:13:19.193+0000] {processor.py:183} INFO - Processing /home/airflow/.local/lib/python3.12/site-packages/airflow/example_dags/example_external_task_marker_dag.py took 0.061 seconds
[2026-05-08T17:13:49.349+0000] {processor.py:161} INFO - Started process (PID=324) to work on /home/airflow/.local/lib/python3.12/site-packages/airflow/example_dags/example_external_task_marker_dag.py
[2026-05-08T17:13:49.349+0000] {processor.py:830} INFO - Processing file /home/airflow/.local/lib/python3.12/site-packages/airflow/example_dags/example_external_task_marker_dag.py for tasks to queue
[2026-05-08T17:13:49.351+0000] {logging_mixin.py:188} INFO - [2026-05-08T17:13:49.351+0000] {dagbag.py:545} INFO - Filling up the DagBag from /home/airflow/.local/lib/python3.12/site-packages/airflow/example_dags/example_external_task_marker_dag.py
[2026-05-08T17:13:49.356+0000] {processor.py:840} INFO - DAG(s) 'example_external_task_marker_child', 'example_external_task_marker_parent' retrieved from /home/airflow/.local/lib/python3.12/site-packages/airflow/example_dags/example_external_task_marker_dag.py
[2026-05-08T17:13:49.376+0000] {logging_mixin.py:188} INFO - [2026-05-08T17:13:49.376+0000] {dag.py:3089} INFO - Sync 2 DAGs
[2026-05-08T17:13:49.387+0000] {logging_mixin.py:188} INFO - [2026-05-08T17:13:49.387+0000] {dag.py:3947} INFO - Setting next_dagrun for example_external_task_marker_child to None, run_after=None
[2026-05-08T17:13:49.390+0000] {logging_mixin.py:188} INFO - [2026-05-08T17:13:49.390+0000] {dag.py:3947} INFO - Setting next_dagrun for example_external_task_marker_parent to None, run_after=None
[2026-05-08T17:13:49.402+0000] {processor.py:183} INFO - Processing /home/airflow/.local/lib/python3.12/site-packages/airflow/example_dags/example_external_task_marker_dag.py took 0.060 seconds
[2026-05-08T17:14:19.580+0000] {processor.py:161} INFO - Started process (PID=382) to work on /home/airflow/.local/lib/python3.12/site-packages/airflow/example_dags/example_external_task_marker_dag.py
[2026-05-08T17:14:19.581+0000] {processor.py:830} INFO - Processing file /home/airflow/.local/lib/python3.12/site-packages/airflow/example_dags/example_external_task_marker_dag.py for tasks to queue
[2026-05-08T17:14:19.583+0000] {logging_mixin.py:188} INFO - [2026-05-08T17:14:19.583+0000] {dagbag.py:545} INFO - Filling up the DagBag from /home/airflow/.local/lib/python3.12/site-packages/airflow/example_dags/example_external_task_marker_dag.py
[2026-05-08T17:14:19.589+0000] {processor.py:840} INFO - DAG(s) 'example_external_task_marker_parent', 'example_external_task_marker_child' retrieved from /home/airflow/.local/lib/python3.12/site-packages/airflow/example_dags/example_external_task_marker_dag.py
[2026-05-08T17:14:19.608+0000] {logging_mixin.py:188} INFO - [2026-05-08T17:14:19.608+0000] {dag.py:3089} INFO - Sync 2 DAGs
[2026-05-08T17:14:19.620+0000] {logging_mixin.py:188} INFO - [2026-05-08T17:14:19.619+0000] {dag.py:3947} INFO - Setting next_dagrun for example_external_task_marker_child to None, run_after=None
[2026-05-08T17:14:19.623+0000] {logging_mixin.py:188} INFO - [2026-05-08T17:14:19.622+0000] {dag.py:3947} INFO - Setting next_dagrun for example_external_task_marker_parent to None, run_after=None
[2026-05-08T17:14:19.636+0000] {processor.py:183} INFO - Processing /home/airflow/.local/lib/python3.12/site-packages/airflow/example_dags/example_external_task_marker_dag.py took 0.062 seconds
[2026-05-08T17:14:49.953+0000] {processor.py:161} INFO - Started process (PID=440) to work on /home/airflow/.local/lib/python3.12/site-packages/airflow/example_dags/example_external_task_marker_dag.py
[2026-05-08T17:14:49.953+0000] {processor.py:830} INFO - Processing file /home/airflow/.local/lib/python3.12/site-packages/airflow/example_dags/example_external_task_marker_dag.py for tasks to queue
[2026-05-08T17:14:49.955+0000] {logging_mixin.py:188} INFO - [2026-05-08T17:14:49.955+0000] {dagbag.py:545} INFO - Filling up the DagBag from /home/airflow/.local/lib/python3.12/site-packages/airflow/example_dags/example_external_task_marker_dag.py
[2026-05-08T17:14:49.960+0000] {processor.py:840} INFO - DAG(s) 'example_external_task_marker_parent', 'example_external_task_marker_child' retrieved from /home/airflow/.local/lib/python3.12/site-packages/airflow/example_dags/example_external_task_marker_dag.py
[2026-05-08T17:14:49.980+0000] {logging_mixin.py:188} INFO - [2026-05-08T17:14:49.980+0000] {dag.py:3089} INFO - Sync 2 DAGs
[2026-05-08T17:14:49.991+0000] {logging_mixin.py:188} INFO - [2026-05-08T17:14:49.990+0000] {dag.py:3947} INFO - Setting next_dagrun for example_external_task_marker_child to None, run_after=None
[2026-05-08T17:14:49.994+0000] {logging_mixin.py:188} INFO - [2026-05-08T17:14:49.994+0000] {dag.py:3947} INFO - Setting next_dagrun for example_external_task_marker_parent to None, run_after=None
[2026-05-08T17:14:50.006+0000] {processor.py:183} INFO - Processing /home/airflow/.local/lib/python3.12/site-packages/airflow/example_dags/example_external_task_marker_dag.py took 0.060 seconds
[2026-05-08T17:15:20.218+0000] {processor.py:161} INFO - Started process (PID=498) to work on /home/airflow/.local/lib/python3.12/site-packages/airflow/example_dags/example_external_task_marker_dag.py
[2026-05-08T17:15:20.219+0000] {processor.py:830} INFO - Processing file /home/airflow/.local/lib/python3.12/site-packages/airflow/example_dags/example_external_task_marker_dag.py for tasks to queue
[2026-05-08T17:15:20.221+0000] {logging_mixin.py:188} INFO - [2026-05-08T17:15:20.220+0000] {dagbag.py:545} INFO - Filling up the DagBag from /home/airflow/.local/lib/python3.12/site-packages/airflow/example_dags/example_external_task_marker_dag.py
[2026-05-08T17:15:20.226+0000] {processor.py:840} INFO - DAG(s) 'example_external_task_marker_parent', 'example_external_task_marker_child' retrieved from /home/airflow/.local/lib/python3.12/site-packages/airflow/example_dags/example_external_task_marker_dag.py
[2026-05-08T17:15:20.245+0000] {logging_mixin.py:188} INFO - [2026-05-08T17:15:20.244+0000] {dag.py:3089} INFO - Sync 2 DAGs
[2026-05-08T17:15:20.255+0000] {logging_mixin.py:188} INFO - [2026-05-08T17:15:20.255+0000] {dag.py:3947} INFO - Setting next_dagrun for example_external_task_marker_child to None, run_after=None
[2026-05-08T17:15:20.258+0000] {logging_mixin.py:188} INFO - [2026-05-08T17:15:20.258+0000] {dag.py:3947} INFO - Setting next_dagrun for example_external_task_marker_parent to None, run_after=None
[2026-05-08T17:15:20.270+0000] {processor.py:183} INFO - Processing /home/airflow/.local/lib/python3.12/site-packages/airflow/example_dags/example_external_task_marker_dag.py took 0.059 seconds
[2026-05-08T17:15:51.192+0000] {processor.py:161} INFO - Started process (PID=556) to work on /home/airflow/.local/lib/python3.12/site-packages/airflow/example_dags/example_external_task_marker_dag.py
[2026-05-08T17:15:51.194+0000] {processor.py:830} INFO - Processing file /home/airflow/.local/lib/python3.12/site-packages/airflow/example_dags/example_external_task_marker_dag.py for tasks to queue
[2026-05-08T17:15:51.196+0000] {logging_mixin.py:188} INFO - [2026-05-08T17:15:51.196+0000] {dagbag.py:545} INFO - Filling up the DagBag from /home/airflow/.local/lib/python3.12/site-packages/airflow/example_dags/example_external_task_marker_dag.py
[2026-05-08T17:15:51.203+0000] {processor.py:840} INFO - DAG(s) 'example_external_task_marker_parent', 'example_external_task_marker_child' retrieved from /home/airflow/.local/lib/python3.12/site-packages/airflow/example_dags/example_external_task_marker_dag.py
[2026-05-08T17:15:51.229+0000] {logging_mixin.py:188} INFO - [2026-05-08T17:15:51.228+0000] {dag.py:3089} INFO - Sync 2 DAGs
[2026-05-08T17:15:51.242+0000] {logging_mixin.py:188} INFO - [2026-05-08T17:15:51.242+0000] {dag.py:3947} INFO - Setting next_dagrun for example_external_task_marker_child to None, run_after=None
[2026-05-08T17:15:51.246+0000] {logging_mixin.py:188} INFO - [2026-05-08T17:15:51.246+0000] {dag.py:3947} INFO - Setting next_dagrun for example_external_task_marker_parent to None, run_after=None
[2026-05-08T17:15:51.261+0000] {processor.py:183} INFO - Processing /home/airflow/.local/lib/python3.12/site-packages/airflow/example_dags/example_external_task_marker_dag.py took 0.077 seconds
[2026-05-08T17:16:21.456+0000] {processor.py:161} INFO - Started process (PID=613) to work on /home/airflow/.local/lib/python3.12/site-packages/airflow/example_dags/example_external_task_marker_dag.py
[2026-05-08T17:16:21.457+0000] {processor.py:830} INFO - Processing file /home/airflow/.local/lib/python3.12/site-packages/airflow/example_dags/example_external_task_marker_dag.py for tasks to queue
[2026-05-08T17:16:21.459+0000] {logging_mixin.py:188} INFO - [2026-05-08T17:16:21.458+0000] {dagbag.py:545} INFO - Filling up the DagBag from /home/airflow/.local/lib/python3.12/site-packages/airflow/example_dags/example_external_task_marker_dag.py
[2026-05-08T17:16:21.464+0000] {processor.py:840} INFO - DAG(s) 'example_external_task_marker_child', 'example_external_task_marker_parent' retrieved from /home/airflow/.local/lib/python3.12/site-packages/airflow/example_dags/example_external_task_marker_dag.py
[2026-05-08T17:16:21.483+0000] {logging_mixin.py:188} INFO - [2026-05-08T17:16:21.483+0000] {dag.py:3089} INFO - Sync 2 DAGs
[2026-05-08T17:16:21.494+0000] {logging_mixin.py:188} INFO - [2026-05-08T17:16:21.494+0000] {dag.py:3947} INFO - Setting next_dagrun for example_external_task_marker_child to None, run_after=None
[2026-05-08T17:16:21.497+0000] {logging_mixin.py:188} INFO - [2026-05-08T17:16:21.497+0000] {dag.py:3947} INFO - Setting next_dagrun for example_external_task_marker_parent to None, run_after=None
[2026-05-08T17:16:21.510+0000] {processor.py:183} INFO - Processing /home/airflow/.local/lib/python3.12/site-packages/airflow/example_dags/example_external_task_marker_dag.py took 0.059 seconds
[2026-05-08T17:16:51.740+0000] {processor.py:161} INFO - Started process (PID=671) to work on /home/airflow/.local/lib/python3.12/site-packages/airflow/example_dags/example_external_task_marker_dag.py
[2026-05-08T17:16:51.741+0000] {processor.py:830} INFO - Processing file /home/airflow/.local/lib/python3.12/site-packages/airflow/example_dags/example_external_task_marker_dag.py for tasks to queue
[2026-05-08T17:16:51.742+0000] {logging_mixin.py:188} INFO - [2026-05-08T17:16:51.742+0000] {dagbag.py:545} INFO - Filling up the DagBag from /home/airflow/.local/lib/python3.12/site-packages/airflow/example_dags/example_external_task_marker_dag.py
[2026-05-08T17:16:51.748+0000] {processor.py:840} INFO - DAG(s) 'example_external_task_marker_parent', 'example_external_task_marker_child' retrieved from /home/airflow/.local/lib/python3.12/site-packages/airflow/example_dags/example_external_task_marker_dag.py
[2026-05-08T17:16:51.768+0000] {logging_mixin.py:188} INFO - [2026-05-08T17:16:51.768+0000] {dag.py:3089} INFO - Sync 2 DAGs
[2026-05-08T17:16:51.779+0000] {logging_mixin.py:188} INFO - [2026-05-08T17:16:51.779+0000] {dag.py:3947} INFO - Setting next_dagrun for example_external_task_marker_child to None, run_after=None
[2026-05-08T17:16:51.782+0000] {logging_mixin.py:188} INFO - [2026-05-08T17:16:51.782+0000] {dag.py:3947} INFO - Setting next_dagrun for example_external_task_marker_parent to None, run_after=None
[2026-05-08T17:16:51.795+0000] {processor.py:183} INFO - Processing /home/airflow/.local/lib/python3.12/site-packages/airflow/example_dags/example_external_task_marker_dag.py took 0.062 seconds
[2026-05-08T17:17:22.125+0000] {processor.py:161} INFO - Started process (PID=729) to work on /home/airflow/.local/lib/python3.12/site-packages/airflow/example_dags/example_external_task_marker_dag.py
[2026-05-08T17:17:22.126+0000] {processor.py:830} INFO - Processing file /home/airflow/.local/lib/python3.12/site-packages/airflow/example_dags/example_external_task_marker_dag.py for tasks to queue
[2026-05-08T17:17:22.128+0000] {logging_mixin.py:188} INFO - [2026-05-08T17:17:22.128+0000] {dagbag.py:545} INFO - Filling up the DagBag from /home/airflow/.local/lib/python3.12/site-packages/airflow/example_dags/example_external_task_marker_dag.py
[2026-05-08T17:17:22.133+0000] {processor.py:840} INFO - DAG(s) 'example_external_task_marker_child', 'example_external_task_marker_parent' retrieved from /home/airflow/.local/lib/python3.12/site-packages/airflow/example_dags/example_external_task_marker_dag.py
[2026-05-08T17:17:22.153+0000] {logging_mixin.py:188} INFO - [2026-05-08T17:17:22.153+0000] {dag.py:3089} INFO - Sync 2 DAGs
[2026-05-08T17:17:22.164+0000] {logging_mixin.py:188} INFO - [2026-05-08T17:17:22.164+0000] {dag.py:3947} INFO - Setting next_dagrun for example_external_task_marker_child to None, run_after=None
[2026-05-08T17:17:22.168+0000] {logging_mixin.py:188} INFO - [2026-05-08T17:17:22.168+0000] {dag.py:3947} INFO - Setting next_dagrun for example_external_task_marker_parent to None, run_after=None
[2026-05-08T17:17:22.180+0000] {processor.py:183} INFO - Processing /home/airflow/.local/lib/python3.12/site-packages/airflow/example_dags/example_external_task_marker_dag.py took 0.061 seconds
