[2026-05-08T11:45:08.765+0000] {processor.py:161} INFO - Started process (PID=79) to work on /home/airflow/.local/lib/python3.12/site-packages/airflow/example_dags/example_sensors.py
[2026-05-08T11:45:08.766+0000] {processor.py:830} INFO - Processing file /home/airflow/.local/lib/python3.12/site-packages/airflow/example_dags/example_sensors.py for tasks to queue
[2026-05-08T11:45:08.768+0000] {logging_mixin.py:188} INFO - [2026-05-08T11:45:08.767+0000] {dagbag.py:545} INFO - Filling up the DagBag from /home/airflow/.local/lib/python3.12/site-packages/airflow/example_dags/example_sensors.py
[2026-05-08T11:45:08.778+0000] {processor.py:840} INFO - DAG(s) 'example_sensors' retrieved from /home/airflow/.local/lib/python3.12/site-packages/airflow/example_dags/example_sensors.py
[2026-05-08T11:45:08.792+0000] {logging_mixin.py:188} INFO - [2026-05-08T11:45:08.792+0000] {dag.py:3089} INFO - Sync 1 DAGs
[2026-05-08T11:45:08.829+0000] {logging_mixin.py:188} INFO - [2026-05-08T11:45:08.829+0000] {dag.py:3947} INFO - Setting next_dagrun for example_sensors to None, run_after=None
[2026-05-08T11:45:08.860+0000] {processor.py:183} INFO - Processing /home/airflow/.local/lib/python3.12/site-packages/airflow/example_dags/example_sensors.py took 0.100 seconds
[2026-05-08T11:45:40.278+0000] {processor.py:161} INFO - Started process (PID=137) to work on /home/airflow/.local/lib/python3.12/site-packages/airflow/example_dags/example_sensors.py
[2026-05-08T11:45:40.279+0000] {processor.py:830} INFO - Processing file /home/airflow/.local/lib/python3.12/site-packages/airflow/example_dags/example_sensors.py for tasks to queue
[2026-05-08T11:45:40.281+0000] {logging_mixin.py:188} INFO - [2026-05-08T11:45:40.281+0000] {dagbag.py:545} INFO - Filling up the DagBag from /home/airflow/.local/lib/python3.12/site-packages/airflow/example_dags/example_sensors.py
[2026-05-08T11:45:40.288+0000] {processor.py:840} INFO - DAG(s) 'example_sensors' retrieved from /home/airflow/.local/lib/python3.12/site-packages/airflow/example_dags/example_sensors.py
[2026-05-08T11:45:40.389+0000] {logging_mixin.py:188} INFO - [2026-05-08T11:45:40.389+0000] {dag.py:3089} INFO - Sync 1 DAGs
[2026-05-08T11:45:40.401+0000] {logging_mixin.py:188} INFO - [2026-05-08T11:45:40.401+0000] {dag.py:3947} INFO - Setting next_dagrun for example_sensors to None, run_after=None
[2026-05-08T11:45:40.419+0000] {processor.py:183} INFO - Processing /home/airflow/.local/lib/python3.12/site-packages/airflow/example_dags/example_sensors.py took 0.146 seconds
[2026-05-08T11:46:10.751+0000] {processor.py:161} INFO - Started process (PID=195) to work on /home/airflow/.local/lib/python3.12/site-packages/airflow/example_dags/example_sensors.py
[2026-05-08T11:46:10.753+0000] {processor.py:830} INFO - Processing file /home/airflow/.local/lib/python3.12/site-packages/airflow/example_dags/example_sensors.py for tasks to queue
[2026-05-08T11:46:10.755+0000] {logging_mixin.py:188} INFO - [2026-05-08T11:46:10.755+0000] {dagbag.py:545} INFO - Filling up the DagBag from /home/airflow/.local/lib/python3.12/site-packages/airflow/example_dags/example_sensors.py
[2026-05-08T11:46:10.765+0000] {processor.py:840} INFO - DAG(s) 'example_sensors' retrieved from /home/airflow/.local/lib/python3.12/site-packages/airflow/example_dags/example_sensors.py
[2026-05-08T11:46:10.792+0000] {logging_mixin.py:188} INFO - [2026-05-08T11:46:10.792+0000] {dag.py:3089} INFO - Sync 1 DAGs
[2026-05-08T11:46:10.806+0000] {logging_mixin.py:188} INFO - [2026-05-08T11:46:10.805+0000] {dag.py:3947} INFO - Setting next_dagrun for example_sensors to None, run_after=None
[2026-05-08T11:46:10.829+0000] {processor.py:183} INFO - Processing /home/airflow/.local/lib/python3.12/site-packages/airflow/example_dags/example_sensors.py took 0.084 seconds
[2026-05-08T11:46:40.931+0000] {processor.py:161} INFO - Started process (PID=253) to work on /home/airflow/.local/lib/python3.12/site-packages/airflow/example_dags/example_sensors.py
[2026-05-08T11:46:40.932+0000] {processor.py:830} INFO - Processing file /home/airflow/.local/lib/python3.12/site-packages/airflow/example_dags/example_sensors.py for tasks to queue
[2026-05-08T11:46:40.935+0000] {logging_mixin.py:188} INFO - [2026-05-08T11:46:40.935+0000] {dagbag.py:545} INFO - Filling up the DagBag from /home/airflow/.local/lib/python3.12/site-packages/airflow/example_dags/example_sensors.py
[2026-05-08T11:46:40.944+0000] {processor.py:840} INFO - DAG(s) 'example_sensors' retrieved from /home/airflow/.local/lib/python3.12/site-packages/airflow/example_dags/example_sensors.py
[2026-05-08T11:46:40.971+0000] {logging_mixin.py:188} INFO - [2026-05-08T11:46:40.971+0000] {dag.py:3089} INFO - Sync 1 DAGs
[2026-05-08T11:46:40.983+0000] {logging_mixin.py:188} INFO - [2026-05-08T11:46:40.983+0000] {dag.py:3947} INFO - Setting next_dagrun for example_sensors to None, run_after=None
[2026-05-08T11:46:41.003+0000] {processor.py:183} INFO - Processing /home/airflow/.local/lib/python3.12/site-packages/airflow/example_dags/example_sensors.py took 0.078 seconds
[2026-05-08T11:47:11.382+0000] {processor.py:161} INFO - Started process (PID=311) to work on /home/airflow/.local/lib/python3.12/site-packages/airflow/example_dags/example_sensors.py
[2026-05-08T11:47:11.384+0000] {processor.py:830} INFO - Processing file /home/airflow/.local/lib/python3.12/site-packages/airflow/example_dags/example_sensors.py for tasks to queue
[2026-05-08T11:47:11.387+0000] {logging_mixin.py:188} INFO - [2026-05-08T11:47:11.386+0000] {dagbag.py:545} INFO - Filling up the DagBag from /home/airflow/.local/lib/python3.12/site-packages/airflow/example_dags/example_sensors.py
[2026-05-08T11:47:11.394+0000] {processor.py:840} INFO - DAG(s) 'example_sensors' retrieved from /home/airflow/.local/lib/python3.12/site-packages/airflow/example_dags/example_sensors.py
[2026-05-08T11:47:11.421+0000] {logging_mixin.py:188} INFO - [2026-05-08T11:47:11.420+0000] {dag.py:3089} INFO - Sync 1 DAGs
[2026-05-08T11:47:11.431+0000] {logging_mixin.py:188} INFO - [2026-05-08T11:47:11.431+0000] {dag.py:3947} INFO - Setting next_dagrun for example_sensors to None, run_after=None
[2026-05-08T11:47:11.448+0000] {processor.py:183} INFO - Processing /home/airflow/.local/lib/python3.12/site-packages/airflow/example_dags/example_sensors.py took 0.072 seconds
[2026-05-08T11:47:42.156+0000] {processor.py:161} INFO - Started process (PID=369) to work on /home/airflow/.local/lib/python3.12/site-packages/airflow/example_dags/example_sensors.py
[2026-05-08T11:47:42.157+0000] {processor.py:830} INFO - Processing file /home/airflow/.local/lib/python3.12/site-packages/airflow/example_dags/example_sensors.py for tasks to queue
[2026-05-08T11:47:42.160+0000] {logging_mixin.py:188} INFO - [2026-05-08T11:47:42.159+0000] {dagbag.py:545} INFO - Filling up the DagBag from /home/airflow/.local/lib/python3.12/site-packages/airflow/example_dags/example_sensors.py
[2026-05-08T11:47:42.168+0000] {processor.py:840} INFO - DAG(s) 'example_sensors' retrieved from /home/airflow/.local/lib/python3.12/site-packages/airflow/example_dags/example_sensors.py
[2026-05-08T11:47:42.196+0000] {logging_mixin.py:188} INFO - [2026-05-08T11:47:42.196+0000] {dag.py:3089} INFO - Sync 1 DAGs
[2026-05-08T11:47:42.208+0000] {logging_mixin.py:188} INFO - [2026-05-08T11:47:42.207+0000] {dag.py:3947} INFO - Setting next_dagrun for example_sensors to None, run_after=None
[2026-05-08T11:47:42.224+0000] {processor.py:183} INFO - Processing /home/airflow/.local/lib/python3.12/site-packages/airflow/example_dags/example_sensors.py took 0.074 seconds
[2026-05-08T11:48:12.386+0000] {processor.py:161} INFO - Started process (PID=427) to work on /home/airflow/.local/lib/python3.12/site-packages/airflow/example_dags/example_sensors.py
[2026-05-08T11:48:12.388+0000] {processor.py:830} INFO - Processing file /home/airflow/.local/lib/python3.12/site-packages/airflow/example_dags/example_sensors.py for tasks to queue
[2026-05-08T11:48:12.390+0000] {logging_mixin.py:188} INFO - [2026-05-08T11:48:12.390+0000] {dagbag.py:545} INFO - Filling up the DagBag from /home/airflow/.local/lib/python3.12/site-packages/airflow/example_dags/example_sensors.py
[2026-05-08T11:48:12.398+0000] {processor.py:840} INFO - DAG(s) 'example_sensors' retrieved from /home/airflow/.local/lib/python3.12/site-packages/airflow/example_dags/example_sensors.py
[2026-05-08T11:48:12.425+0000] {logging_mixin.py:188} INFO - [2026-05-08T11:48:12.425+0000] {dag.py:3089} INFO - Sync 1 DAGs
[2026-05-08T11:48:12.438+0000] {logging_mixin.py:188} INFO - [2026-05-08T11:48:12.438+0000] {dag.py:3947} INFO - Setting next_dagrun for example_sensors to None, run_after=None
[2026-05-08T11:48:12.457+0000] {processor.py:183} INFO - Processing /home/airflow/.local/lib/python3.12/site-packages/airflow/example_dags/example_sensors.py took 0.077 seconds
[2026-05-08T11:48:42.666+0000] {processor.py:161} INFO - Started process (PID=485) to work on /home/airflow/.local/lib/python3.12/site-packages/airflow/example_dags/example_sensors.py
[2026-05-08T11:48:42.667+0000] {processor.py:830} INFO - Processing file /home/airflow/.local/lib/python3.12/site-packages/airflow/example_dags/example_sensors.py for tasks to queue
[2026-05-08T11:48:42.671+0000] {logging_mixin.py:188} INFO - [2026-05-08T11:48:42.670+0000] {dagbag.py:545} INFO - Filling up the DagBag from /home/airflow/.local/lib/python3.12/site-packages/airflow/example_dags/example_sensors.py
[2026-05-08T11:48:42.681+0000] {processor.py:840} INFO - DAG(s) 'example_sensors' retrieved from /home/airflow/.local/lib/python3.12/site-packages/airflow/example_dags/example_sensors.py
[2026-05-08T11:48:42.719+0000] {logging_mixin.py:188} INFO - [2026-05-08T11:48:42.719+0000] {dag.py:3089} INFO - Sync 1 DAGs
[2026-05-08T11:48:42.740+0000] {logging_mixin.py:188} INFO - [2026-05-08T11:48:42.740+0000] {dag.py:3947} INFO - Setting next_dagrun for example_sensors to None, run_after=None
[2026-05-08T11:48:42.761+0000] {processor.py:183} INFO - Processing /home/airflow/.local/lib/python3.12/site-packages/airflow/example_dags/example_sensors.py took 0.102 seconds
[2026-05-08T11:49:12.861+0000] {processor.py:161} INFO - Started process (PID=543) to work on /home/airflow/.local/lib/python3.12/site-packages/airflow/example_dags/example_sensors.py
[2026-05-08T11:49:12.862+0000] {processor.py:830} INFO - Processing file /home/airflow/.local/lib/python3.12/site-packages/airflow/example_dags/example_sensors.py for tasks to queue
[2026-05-08T11:49:12.864+0000] {logging_mixin.py:188} INFO - [2026-05-08T11:49:12.864+0000] {dagbag.py:545} INFO - Filling up the DagBag from /home/airflow/.local/lib/python3.12/site-packages/airflow/example_dags/example_sensors.py
[2026-05-08T11:49:12.871+0000] {processor.py:840} INFO - DAG(s) 'example_sensors' retrieved from /home/airflow/.local/lib/python3.12/site-packages/airflow/example_dags/example_sensors.py
[2026-05-08T11:49:12.893+0000] {logging_mixin.py:188} INFO - [2026-05-08T11:49:12.892+0000] {dag.py:3089} INFO - Sync 1 DAGs
[2026-05-08T11:49:12.904+0000] {logging_mixin.py:188} INFO - [2026-05-08T11:49:12.904+0000] {dag.py:3947} INFO - Setting next_dagrun for example_sensors to None, run_after=None
[2026-05-08T11:49:12.920+0000] {processor.py:183} INFO - Processing /home/airflow/.local/lib/python3.12/site-packages/airflow/example_dags/example_sensors.py took 0.065 seconds
[2026-05-08T11:49:43.230+0000] {processor.py:161} INFO - Started process (PID=601) to work on /home/airflow/.local/lib/python3.12/site-packages/airflow/example_dags/example_sensors.py
[2026-05-08T11:49:43.232+0000] {processor.py:830} INFO - Processing file /home/airflow/.local/lib/python3.12/site-packages/airflow/example_dags/example_sensors.py for tasks to queue
[2026-05-08T11:49:43.234+0000] {logging_mixin.py:188} INFO - [2026-05-08T11:49:43.234+0000] {dagbag.py:545} INFO - Filling up the DagBag from /home/airflow/.local/lib/python3.12/site-packages/airflow/example_dags/example_sensors.py
[2026-05-08T11:49:43.243+0000] {processor.py:840} INFO - DAG(s) 'example_sensors' retrieved from /home/airflow/.local/lib/python3.12/site-packages/airflow/example_dags/example_sensors.py
[2026-05-08T11:49:43.257+0000] {logging_mixin.py:188} INFO - [2026-05-08T11:49:43.257+0000] {dag.py:3089} INFO - Sync 1 DAGs
[2026-05-08T11:49:43.270+0000] {logging_mixin.py:188} INFO - [2026-05-08T11:49:43.270+0000] {dag.py:3947} INFO - Setting next_dagrun for example_sensors to None, run_after=None
[2026-05-08T11:49:43.290+0000] {processor.py:183} INFO - Processing /home/airflow/.local/lib/python3.12/site-packages/airflow/example_dags/example_sensors.py took 0.066 seconds
[2026-05-08T11:50:14.271+0000] {processor.py:161} INFO - Started process (PID=659) to work on /home/airflow/.local/lib/python3.12/site-packages/airflow/example_dags/example_sensors.py
[2026-05-08T11:50:14.272+0000] {processor.py:830} INFO - Processing file /home/airflow/.local/lib/python3.12/site-packages/airflow/example_dags/example_sensors.py for tasks to queue
[2026-05-08T11:50:14.273+0000] {logging_mixin.py:188} INFO - [2026-05-08T11:50:14.273+0000] {dagbag.py:545} INFO - Filling up the DagBag from /home/airflow/.local/lib/python3.12/site-packages/airflow/example_dags/example_sensors.py
[2026-05-08T11:50:14.280+0000] {processor.py:840} INFO - DAG(s) 'example_sensors' retrieved from /home/airflow/.local/lib/python3.12/site-packages/airflow/example_dags/example_sensors.py
[2026-05-08T11:50:14.361+0000] {logging_mixin.py:188} INFO - [2026-05-08T11:50:14.361+0000] {dag.py:3089} INFO - Sync 1 DAGs
[2026-05-08T11:50:14.368+0000] {logging_mixin.py:188} INFO - [2026-05-08T11:50:14.368+0000] {dag.py:3947} INFO - Setting next_dagrun for example_sensors to None, run_after=None
[2026-05-08T11:50:14.383+0000] {processor.py:183} INFO - Processing /home/airflow/.local/lib/python3.12/site-packages/airflow/example_dags/example_sensors.py took 0.117 seconds
[2026-05-08T11:50:45.134+0000] {processor.py:161} INFO - Started process (PID=717) to work on /home/airflow/.local/lib/python3.12/site-packages/airflow/example_dags/example_sensors.py
[2026-05-08T11:50:45.135+0000] {processor.py:830} INFO - Processing file /home/airflow/.local/lib/python3.12/site-packages/airflow/example_dags/example_sensors.py for tasks to queue
[2026-05-08T11:50:45.137+0000] {logging_mixin.py:188} INFO - [2026-05-08T11:50:45.137+0000] {dagbag.py:545} INFO - Filling up the DagBag from /home/airflow/.local/lib/python3.12/site-packages/airflow/example_dags/example_sensors.py
[2026-05-08T11:50:45.145+0000] {processor.py:840} INFO - DAG(s) 'example_sensors' retrieved from /home/airflow/.local/lib/python3.12/site-packages/airflow/example_dags/example_sensors.py
[2026-05-08T11:50:45.170+0000] {logging_mixin.py:188} INFO - [2026-05-08T11:50:45.170+0000] {dag.py:3089} INFO - Sync 1 DAGs
[2026-05-08T11:50:45.182+0000] {logging_mixin.py:188} INFO - [2026-05-08T11:50:45.182+0000] {dag.py:3947} INFO - Setting next_dagrun for example_sensors to None, run_after=None
[2026-05-08T11:50:45.202+0000] {processor.py:183} INFO - Processing /home/airflow/.local/lib/python3.12/site-packages/airflow/example_dags/example_sensors.py took 0.073 seconds
[2026-05-08T11:51:15.498+0000] {processor.py:161} INFO - Started process (PID=775) to work on /home/airflow/.local/lib/python3.12/site-packages/airflow/example_dags/example_sensors.py
[2026-05-08T11:51:15.499+0000] {processor.py:830} INFO - Processing file /home/airflow/.local/lib/python3.12/site-packages/airflow/example_dags/example_sensors.py for tasks to queue
[2026-05-08T11:51:15.501+0000] {logging_mixin.py:188} INFO - [2026-05-08T11:51:15.501+0000] {dagbag.py:545} INFO - Filling up the DagBag from /home/airflow/.local/lib/python3.12/site-packages/airflow/example_dags/example_sensors.py
[2026-05-08T11:51:15.510+0000] {processor.py:840} INFO - DAG(s) 'example_sensors' retrieved from /home/airflow/.local/lib/python3.12/site-packages/airflow/example_dags/example_sensors.py
[2026-05-08T11:51:15.534+0000] {logging_mixin.py:188} INFO - [2026-05-08T11:51:15.534+0000] {dag.py:3089} INFO - Sync 1 DAGs
[2026-05-08T11:51:15.545+0000] {logging_mixin.py:188} INFO - [2026-05-08T11:51:15.545+0000] {dag.py:3947} INFO - Setting next_dagrun for example_sensors to None, run_after=None
[2026-05-08T11:51:15.562+0000] {processor.py:183} INFO - Processing /home/airflow/.local/lib/python3.12/site-packages/airflow/example_dags/example_sensors.py took 0.070 seconds
[2026-05-08T11:51:46.781+0000] {processor.py:161} INFO - Started process (PID=833) to work on /home/airflow/.local/lib/python3.12/site-packages/airflow/example_dags/example_sensors.py
[2026-05-08T11:51:46.782+0000] {processor.py:830} INFO - Processing file /home/airflow/.local/lib/python3.12/site-packages/airflow/example_dags/example_sensors.py for tasks to queue
[2026-05-08T11:51:46.784+0000] {logging_mixin.py:188} INFO - [2026-05-08T11:51:46.784+0000] {dagbag.py:545} INFO - Filling up the DagBag from /home/airflow/.local/lib/python3.12/site-packages/airflow/example_dags/example_sensors.py
[2026-05-08T11:51:46.791+0000] {processor.py:840} INFO - DAG(s) 'example_sensors' retrieved from /home/airflow/.local/lib/python3.12/site-packages/airflow/example_dags/example_sensors.py
[2026-05-08T11:51:46.813+0000] {logging_mixin.py:188} INFO - [2026-05-08T11:51:46.813+0000] {dag.py:3089} INFO - Sync 1 DAGs
[2026-05-08T11:51:46.824+0000] {logging_mixin.py:188} INFO - [2026-05-08T11:51:46.823+0000] {dag.py:3947} INFO - Setting next_dagrun for example_sensors to None, run_after=None
[2026-05-08T11:51:46.838+0000] {processor.py:183} INFO - Processing /home/airflow/.local/lib/python3.12/site-packages/airflow/example_dags/example_sensors.py took 0.062 seconds
[2026-05-08T11:52:18.161+0000] {processor.py:161} INFO - Started process (PID=891) to work on /home/airflow/.local/lib/python3.12/site-packages/airflow/example_dags/example_sensors.py
[2026-05-08T11:52:18.162+0000] {processor.py:830} INFO - Processing file /home/airflow/.local/lib/python3.12/site-packages/airflow/example_dags/example_sensors.py for tasks to queue
[2026-05-08T11:52:18.164+0000] {logging_mixin.py:188} INFO - [2026-05-08T11:52:18.164+0000] {dagbag.py:545} INFO - Filling up the DagBag from /home/airflow/.local/lib/python3.12/site-packages/airflow/example_dags/example_sensors.py
[2026-05-08T11:52:18.173+0000] {processor.py:840} INFO - DAG(s) 'example_sensors' retrieved from /home/airflow/.local/lib/python3.12/site-packages/airflow/example_dags/example_sensors.py
[2026-05-08T11:52:18.205+0000] {logging_mixin.py:188} INFO - [2026-05-08T11:52:18.205+0000] {dag.py:3089} INFO - Sync 1 DAGs
[2026-05-08T11:52:18.221+0000] {logging_mixin.py:188} INFO - [2026-05-08T11:52:18.220+0000] {dag.py:3947} INFO - Setting next_dagrun for example_sensors to None, run_after=None
[2026-05-08T11:52:18.242+0000] {processor.py:183} INFO - Processing /home/airflow/.local/lib/python3.12/site-packages/airflow/example_dags/example_sensors.py took 0.089 seconds
[2026-05-08T11:52:48.776+0000] {processor.py:161} INFO - Started process (PID=949) to work on /home/airflow/.local/lib/python3.12/site-packages/airflow/example_dags/example_sensors.py
[2026-05-08T11:52:48.777+0000] {processor.py:830} INFO - Processing file /home/airflow/.local/lib/python3.12/site-packages/airflow/example_dags/example_sensors.py for tasks to queue
[2026-05-08T11:52:48.779+0000] {logging_mixin.py:188} INFO - [2026-05-08T11:52:48.779+0000] {dagbag.py:545} INFO - Filling up the DagBag from /home/airflow/.local/lib/python3.12/site-packages/airflow/example_dags/example_sensors.py
[2026-05-08T11:52:48.785+0000] {processor.py:840} INFO - DAG(s) 'example_sensors' retrieved from /home/airflow/.local/lib/python3.12/site-packages/airflow/example_dags/example_sensors.py
[2026-05-08T11:52:48.806+0000] {logging_mixin.py:188} INFO - [2026-05-08T11:52:48.806+0000] {dag.py:3089} INFO - Sync 1 DAGs
[2026-05-08T11:52:48.816+0000] {logging_mixin.py:188} INFO - [2026-05-08T11:52:48.816+0000] {dag.py:3947} INFO - Setting next_dagrun for example_sensors to None, run_after=None
[2026-05-08T11:52:48.830+0000] {processor.py:183} INFO - Processing /home/airflow/.local/lib/python3.12/site-packages/airflow/example_dags/example_sensors.py took 0.058 seconds
[2026-05-08T11:53:19.641+0000] {processor.py:161} INFO - Started process (PID=1007) to work on /home/airflow/.local/lib/python3.12/site-packages/airflow/example_dags/example_sensors.py
[2026-05-08T11:53:19.642+0000] {processor.py:830} INFO - Processing file /home/airflow/.local/lib/python3.12/site-packages/airflow/example_dags/example_sensors.py for tasks to queue
[2026-05-08T11:53:19.644+0000] {logging_mixin.py:188} INFO - [2026-05-08T11:53:19.644+0000] {dagbag.py:545} INFO - Filling up the DagBag from /home/airflow/.local/lib/python3.12/site-packages/airflow/example_dags/example_sensors.py
[2026-05-08T11:53:19.650+0000] {processor.py:840} INFO - DAG(s) 'example_sensors' retrieved from /home/airflow/.local/lib/python3.12/site-packages/airflow/example_dags/example_sensors.py
[2026-05-08T11:53:19.670+0000] {logging_mixin.py:188} INFO - [2026-05-08T11:53:19.670+0000] {dag.py:3089} INFO - Sync 1 DAGs
[2026-05-08T11:53:19.680+0000] {logging_mixin.py:188} INFO - [2026-05-08T11:53:19.680+0000] {dag.py:3947} INFO - Setting next_dagrun for example_sensors to None, run_after=None
[2026-05-08T11:53:19.693+0000] {processor.py:183} INFO - Processing /home/airflow/.local/lib/python3.12/site-packages/airflow/example_dags/example_sensors.py took 0.056 seconds
[2026-05-08T11:53:50.826+0000] {processor.py:161} INFO - Started process (PID=1065) to work on /home/airflow/.local/lib/python3.12/site-packages/airflow/example_dags/example_sensors.py
[2026-05-08T11:53:50.828+0000] {processor.py:830} INFO - Processing file /home/airflow/.local/lib/python3.12/site-packages/airflow/example_dags/example_sensors.py for tasks to queue
[2026-05-08T11:53:50.830+0000] {logging_mixin.py:188} INFO - [2026-05-08T11:53:50.830+0000] {dagbag.py:545} INFO - Filling up the DagBag from /home/airflow/.local/lib/python3.12/site-packages/airflow/example_dags/example_sensors.py
[2026-05-08T11:53:50.839+0000] {processor.py:840} INFO - DAG(s) 'example_sensors' retrieved from /home/airflow/.local/lib/python3.12/site-packages/airflow/example_dags/example_sensors.py
[2026-05-08T11:53:50.867+0000] {logging_mixin.py:188} INFO - [2026-05-08T11:53:50.867+0000] {dag.py:3089} INFO - Sync 1 DAGs
[2026-05-08T11:53:50.881+0000] {logging_mixin.py:188} INFO - [2026-05-08T11:53:50.881+0000] {dag.py:3947} INFO - Setting next_dagrun for example_sensors to None, run_after=None
[2026-05-08T11:53:50.900+0000] {processor.py:183} INFO - Processing /home/airflow/.local/lib/python3.12/site-packages/airflow/example_dags/example_sensors.py took 0.080 seconds
[2026-05-08T11:54:21.165+0000] {processor.py:161} INFO - Started process (PID=1123) to work on /home/airflow/.local/lib/python3.12/site-packages/airflow/example_dags/example_sensors.py
[2026-05-08T11:54:21.167+0000] {processor.py:830} INFO - Processing file /home/airflow/.local/lib/python3.12/site-packages/airflow/example_dags/example_sensors.py for tasks to queue
[2026-05-08T11:54:21.170+0000] {logging_mixin.py:188} INFO - [2026-05-08T11:54:21.169+0000] {dagbag.py:545} INFO - Filling up the DagBag from /home/airflow/.local/lib/python3.12/site-packages/airflow/example_dags/example_sensors.py
[2026-05-08T11:54:21.179+0000] {processor.py:840} INFO - DAG(s) 'example_sensors' retrieved from /home/airflow/.local/lib/python3.12/site-packages/airflow/example_dags/example_sensors.py
[2026-05-08T11:54:21.202+0000] {logging_mixin.py:188} INFO - [2026-05-08T11:54:21.202+0000] {dag.py:3089} INFO - Sync 1 DAGs
[2026-05-08T11:54:21.213+0000] {logging_mixin.py:188} INFO - [2026-05-08T11:54:21.213+0000] {dag.py:3947} INFO - Setting next_dagrun for example_sensors to None, run_after=None
[2026-05-08T11:54:21.233+0000] {processor.py:183} INFO - Processing /home/airflow/.local/lib/python3.12/site-packages/airflow/example_dags/example_sensors.py took 0.074 seconds
[2026-05-08T11:54:52.303+0000] {processor.py:161} INFO - Started process (PID=1181) to work on /home/airflow/.local/lib/python3.12/site-packages/airflow/example_dags/example_sensors.py
[2026-05-08T11:54:52.304+0000] {processor.py:830} INFO - Processing file /home/airflow/.local/lib/python3.12/site-packages/airflow/example_dags/example_sensors.py for tasks to queue
[2026-05-08T11:54:52.310+0000] {logging_mixin.py:188} INFO - [2026-05-08T11:54:52.309+0000] {dagbag.py:545} INFO - Filling up the DagBag from /home/airflow/.local/lib/python3.12/site-packages/airflow/example_dags/example_sensors.py
[2026-05-08T11:54:52.317+0000] {processor.py:840} INFO - DAG(s) 'example_sensors' retrieved from /home/airflow/.local/lib/python3.12/site-packages/airflow/example_dags/example_sensors.py
[2026-05-08T11:54:52.338+0000] {logging_mixin.py:188} INFO - [2026-05-08T11:54:52.338+0000] {dag.py:3089} INFO - Sync 1 DAGs
[2026-05-08T11:54:52.349+0000] {logging_mixin.py:188} INFO - [2026-05-08T11:54:52.349+0000] {dag.py:3947} INFO - Setting next_dagrun for example_sensors to None, run_after=None
[2026-05-08T11:54:52.370+0000] {processor.py:183} INFO - Processing /home/airflow/.local/lib/python3.12/site-packages/airflow/example_dags/example_sensors.py took 0.072 seconds
[2026-05-08T11:55:23.126+0000] {processor.py:161} INFO - Started process (PID=1239) to work on /home/airflow/.local/lib/python3.12/site-packages/airflow/example_dags/example_sensors.py
[2026-05-08T11:55:23.127+0000] {processor.py:830} INFO - Processing file /home/airflow/.local/lib/python3.12/site-packages/airflow/example_dags/example_sensors.py for tasks to queue
[2026-05-08T11:55:23.128+0000] {logging_mixin.py:188} INFO - [2026-05-08T11:55:23.128+0000] {dagbag.py:545} INFO - Filling up the DagBag from /home/airflow/.local/lib/python3.12/site-packages/airflow/example_dags/example_sensors.py
[2026-05-08T11:55:23.138+0000] {processor.py:840} INFO - DAG(s) 'example_sensors' retrieved from /home/airflow/.local/lib/python3.12/site-packages/airflow/example_dags/example_sensors.py
[2026-05-08T11:55:23.166+0000] {logging_mixin.py:188} INFO - [2026-05-08T11:55:23.166+0000] {dag.py:3089} INFO - Sync 1 DAGs
[2026-05-08T11:55:23.181+0000] {logging_mixin.py:188} INFO - [2026-05-08T11:55:23.180+0000] {dag.py:3947} INFO - Setting next_dagrun for example_sensors to None, run_after=None
[2026-05-08T11:55:23.201+0000] {processor.py:183} INFO - Processing /home/airflow/.local/lib/python3.12/site-packages/airflow/example_dags/example_sensors.py took 0.081 seconds
[2026-05-08T11:55:53.297+0000] {processor.py:161} INFO - Started process (PID=1297) to work on /home/airflow/.local/lib/python3.12/site-packages/airflow/example_dags/example_sensors.py
[2026-05-08T11:55:53.298+0000] {processor.py:830} INFO - Processing file /home/airflow/.local/lib/python3.12/site-packages/airflow/example_dags/example_sensors.py for tasks to queue
[2026-05-08T11:55:53.300+0000] {logging_mixin.py:188} INFO - [2026-05-08T11:55:53.300+0000] {dagbag.py:545} INFO - Filling up the DagBag from /home/airflow/.local/lib/python3.12/site-packages/airflow/example_dags/example_sensors.py
[2026-05-08T11:55:53.307+0000] {processor.py:840} INFO - DAG(s) 'example_sensors' retrieved from /home/airflow/.local/lib/python3.12/site-packages/airflow/example_dags/example_sensors.py
[2026-05-08T11:55:53.329+0000] {logging_mixin.py:188} INFO - [2026-05-08T11:55:53.328+0000] {dag.py:3089} INFO - Sync 1 DAGs
[2026-05-08T11:55:53.341+0000] {logging_mixin.py:188} INFO - [2026-05-08T11:55:53.341+0000] {dag.py:3947} INFO - Setting next_dagrun for example_sensors to None, run_after=None
[2026-05-08T11:55:53.357+0000] {processor.py:183} INFO - Processing /home/airflow/.local/lib/python3.12/site-packages/airflow/example_dags/example_sensors.py took 0.065 seconds
[2026-05-08T11:56:23.592+0000] {processor.py:161} INFO - Started process (PID=1355) to work on /home/airflow/.local/lib/python3.12/site-packages/airflow/example_dags/example_sensors.py
[2026-05-08T11:56:23.594+0000] {processor.py:830} INFO - Processing file /home/airflow/.local/lib/python3.12/site-packages/airflow/example_dags/example_sensors.py for tasks to queue
[2026-05-08T11:56:23.597+0000] {logging_mixin.py:188} INFO - [2026-05-08T11:56:23.596+0000] {dagbag.py:545} INFO - Filling up the DagBag from /home/airflow/.local/lib/python3.12/site-packages/airflow/example_dags/example_sensors.py
[2026-05-08T11:56:23.608+0000] {processor.py:840} INFO - DAG(s) 'example_sensors' retrieved from /home/airflow/.local/lib/python3.12/site-packages/airflow/example_dags/example_sensors.py
[2026-05-08T11:56:23.641+0000] {logging_mixin.py:188} INFO - [2026-05-08T11:56:23.641+0000] {dag.py:3089} INFO - Sync 1 DAGs
[2026-05-08T11:56:23.658+0000] {logging_mixin.py:188} INFO - [2026-05-08T11:56:23.658+0000] {dag.py:3947} INFO - Setting next_dagrun for example_sensors to None, run_after=None
[2026-05-08T11:56:23.685+0000] {processor.py:183} INFO - Processing /home/airflow/.local/lib/python3.12/site-packages/airflow/example_dags/example_sensors.py took 0.101 seconds
[2026-05-08T11:56:54.024+0000] {processor.py:161} INFO - Started process (PID=1413) to work on /home/airflow/.local/lib/python3.12/site-packages/airflow/example_dags/example_sensors.py
[2026-05-08T11:56:54.025+0000] {processor.py:830} INFO - Processing file /home/airflow/.local/lib/python3.12/site-packages/airflow/example_dags/example_sensors.py for tasks to queue
[2026-05-08T11:56:54.027+0000] {logging_mixin.py:188} INFO - [2026-05-08T11:56:54.027+0000] {dagbag.py:545} INFO - Filling up the DagBag from /home/airflow/.local/lib/python3.12/site-packages/airflow/example_dags/example_sensors.py
[2026-05-08T11:56:54.037+0000] {processor.py:840} INFO - DAG(s) 'example_sensors' retrieved from /home/airflow/.local/lib/python3.12/site-packages/airflow/example_dags/example_sensors.py
[2026-05-08T11:56:54.065+0000] {logging_mixin.py:188} INFO - [2026-05-08T11:56:54.065+0000] {dag.py:3089} INFO - Sync 1 DAGs
[2026-05-08T11:56:54.079+0000] {logging_mixin.py:188} INFO - [2026-05-08T11:56:54.079+0000] {dag.py:3947} INFO - Setting next_dagrun for example_sensors to None, run_after=None
[2026-05-08T11:56:54.099+0000] {processor.py:183} INFO - Processing /home/airflow/.local/lib/python3.12/site-packages/airflow/example_dags/example_sensors.py took 0.082 seconds
[2026-05-08T11:57:24.406+0000] {processor.py:161} INFO - Started process (PID=1470) to work on /home/airflow/.local/lib/python3.12/site-packages/airflow/example_dags/example_sensors.py
[2026-05-08T11:57:24.408+0000] {processor.py:830} INFO - Processing file /home/airflow/.local/lib/python3.12/site-packages/airflow/example_dags/example_sensors.py for tasks to queue
[2026-05-08T11:57:24.410+0000] {logging_mixin.py:188} INFO - [2026-05-08T11:57:24.410+0000] {dagbag.py:545} INFO - Filling up the DagBag from /home/airflow/.local/lib/python3.12/site-packages/airflow/example_dags/example_sensors.py
[2026-05-08T11:57:24.419+0000] {processor.py:840} INFO - DAG(s) 'example_sensors' retrieved from /home/airflow/.local/lib/python3.12/site-packages/airflow/example_dags/example_sensors.py
[2026-05-08T11:57:24.447+0000] {logging_mixin.py:188} INFO - [2026-05-08T11:57:24.446+0000] {dag.py:3089} INFO - Sync 1 DAGs
[2026-05-08T11:57:24.459+0000] {logging_mixin.py:188} INFO - [2026-05-08T11:57:24.459+0000] {dag.py:3947} INFO - Setting next_dagrun for example_sensors to None, run_after=None
[2026-05-08T11:57:24.479+0000] {processor.py:183} INFO - Processing /home/airflow/.local/lib/python3.12/site-packages/airflow/example_dags/example_sensors.py took 0.080 seconds
[2026-05-08T11:57:54.587+0000] {processor.py:161} INFO - Started process (PID=1528) to work on /home/airflow/.local/lib/python3.12/site-packages/airflow/example_dags/example_sensors.py
[2026-05-08T11:57:54.588+0000] {processor.py:830} INFO - Processing file /home/airflow/.local/lib/python3.12/site-packages/airflow/example_dags/example_sensors.py for tasks to queue
[2026-05-08T11:57:54.591+0000] {logging_mixin.py:188} INFO - [2026-05-08T11:57:54.590+0000] {dagbag.py:545} INFO - Filling up the DagBag from /home/airflow/.local/lib/python3.12/site-packages/airflow/example_dags/example_sensors.py
[2026-05-08T11:57:54.599+0000] {processor.py:840} INFO - DAG(s) 'example_sensors' retrieved from /home/airflow/.local/lib/python3.12/site-packages/airflow/example_dags/example_sensors.py
[2026-05-08T11:57:54.627+0000] {logging_mixin.py:188} INFO - [2026-05-08T11:57:54.626+0000] {dag.py:3089} INFO - Sync 1 DAGs
[2026-05-08T11:57:54.640+0000] {logging_mixin.py:188} INFO - [2026-05-08T11:57:54.640+0000] {dag.py:3947} INFO - Setting next_dagrun for example_sensors to None, run_after=None
[2026-05-08T11:57:54.660+0000] {processor.py:183} INFO - Processing /home/airflow/.local/lib/python3.12/site-packages/airflow/example_dags/example_sensors.py took 0.080 seconds
[2026-05-08T11:58:25.523+0000] {processor.py:161} INFO - Started process (PID=1586) to work on /home/airflow/.local/lib/python3.12/site-packages/airflow/example_dags/example_sensors.py
[2026-05-08T11:58:25.525+0000] {processor.py:830} INFO - Processing file /home/airflow/.local/lib/python3.12/site-packages/airflow/example_dags/example_sensors.py for tasks to queue
[2026-05-08T11:58:25.527+0000] {logging_mixin.py:188} INFO - [2026-05-08T11:58:25.526+0000] {dagbag.py:545} INFO - Filling up the DagBag from /home/airflow/.local/lib/python3.12/site-packages/airflow/example_dags/example_sensors.py
[2026-05-08T11:58:25.536+0000] {processor.py:840} INFO - DAG(s) 'example_sensors' retrieved from /home/airflow/.local/lib/python3.12/site-packages/airflow/example_dags/example_sensors.py
[2026-05-08T11:58:25.563+0000] {logging_mixin.py:188} INFO - [2026-05-08T11:58:25.563+0000] {dag.py:3089} INFO - Sync 1 DAGs
[2026-05-08T11:58:25.574+0000] {logging_mixin.py:188} INFO - [2026-05-08T11:58:25.574+0000] {dag.py:3947} INFO - Setting next_dagrun for example_sensors to None, run_after=None
[2026-05-08T11:58:25.593+0000] {processor.py:183} INFO - Processing /home/airflow/.local/lib/python3.12/site-packages/airflow/example_dags/example_sensors.py took 0.076 seconds
[2026-05-08T11:58:56.012+0000] {processor.py:161} INFO - Started process (PID=1644) to work on /home/airflow/.local/lib/python3.12/site-packages/airflow/example_dags/example_sensors.py
[2026-05-08T11:58:56.013+0000] {processor.py:830} INFO - Processing file /home/airflow/.local/lib/python3.12/site-packages/airflow/example_dags/example_sensors.py for tasks to queue
[2026-05-08T11:58:56.015+0000] {logging_mixin.py:188} INFO - [2026-05-08T11:58:56.015+0000] {dagbag.py:545} INFO - Filling up the DagBag from /home/airflow/.local/lib/python3.12/site-packages/airflow/example_dags/example_sensors.py
[2026-05-08T11:58:56.024+0000] {processor.py:840} INFO - DAG(s) 'example_sensors' retrieved from /home/airflow/.local/lib/python3.12/site-packages/airflow/example_dags/example_sensors.py
[2026-05-08T11:58:56.050+0000] {logging_mixin.py:188} INFO - [2026-05-08T11:58:56.050+0000] {dag.py:3089} INFO - Sync 1 DAGs
[2026-05-08T11:58:56.064+0000] {logging_mixin.py:188} INFO - [2026-05-08T11:58:56.064+0000] {dag.py:3947} INFO - Setting next_dagrun for example_sensors to None, run_after=None
[2026-05-08T11:58:56.084+0000] {processor.py:183} INFO - Processing /home/airflow/.local/lib/python3.12/site-packages/airflow/example_dags/example_sensors.py took 0.079 seconds
[2026-05-08T11:59:26.401+0000] {processor.py:161} INFO - Started process (PID=1702) to work on /home/airflow/.local/lib/python3.12/site-packages/airflow/example_dags/example_sensors.py
[2026-05-08T11:59:26.403+0000] {processor.py:830} INFO - Processing file /home/airflow/.local/lib/python3.12/site-packages/airflow/example_dags/example_sensors.py for tasks to queue
[2026-05-08T11:59:26.406+0000] {logging_mixin.py:188} INFO - [2026-05-08T11:59:26.406+0000] {dagbag.py:545} INFO - Filling up the DagBag from /home/airflow/.local/lib/python3.12/site-packages/airflow/example_dags/example_sensors.py
[2026-05-08T11:59:26.418+0000] {processor.py:840} INFO - DAG(s) 'example_sensors' retrieved from /home/airflow/.local/lib/python3.12/site-packages/airflow/example_dags/example_sensors.py
[2026-05-08T11:59:26.452+0000] {logging_mixin.py:188} INFO - [2026-05-08T11:59:26.451+0000] {dag.py:3089} INFO - Sync 1 DAGs
[2026-05-08T11:59:26.467+0000] {logging_mixin.py:188} INFO - [2026-05-08T11:59:26.467+0000] {dag.py:3947} INFO - Setting next_dagrun for example_sensors to None, run_after=None
[2026-05-08T11:59:26.490+0000] {processor.py:183} INFO - Processing /home/airflow/.local/lib/python3.12/site-packages/airflow/example_dags/example_sensors.py took 0.097 seconds
[2026-05-08T13:36:17.208+0000] {processor.py:161} INFO - Started process (PID=73) to work on /home/airflow/.local/lib/python3.12/site-packages/airflow/example_dags/example_sensors.py
[2026-05-08T13:36:17.210+0000] {processor.py:830} INFO - Processing file /home/airflow/.local/lib/python3.12/site-packages/airflow/example_dags/example_sensors.py for tasks to queue
[2026-05-08T13:36:17.211+0000] {logging_mixin.py:188} INFO - [2026-05-08T13:36:17.211+0000] {dagbag.py:545} INFO - Filling up the DagBag from /home/airflow/.local/lib/python3.12/site-packages/airflow/example_dags/example_sensors.py
[2026-05-08T13:36:17.222+0000] {processor.py:840} INFO - DAG(s) 'example_sensors' retrieved from /home/airflow/.local/lib/python3.12/site-packages/airflow/example_dags/example_sensors.py
[2026-05-08T13:36:17.246+0000] {logging_mixin.py:188} INFO - [2026-05-08T13:36:17.245+0000] {dag.py:3089} INFO - Sync 1 DAGs
[2026-05-08T13:36:17.255+0000] {logging_mixin.py:188} INFO - [2026-05-08T13:36:17.255+0000] {dag.py:3947} INFO - Setting next_dagrun for example_sensors to None, run_after=None
[2026-05-08T13:36:17.274+0000] {processor.py:183} INFO - Processing /home/airflow/.local/lib/python3.12/site-packages/airflow/example_dags/example_sensors.py took 0.071 seconds
[2026-05-08T13:36:48.011+0000] {processor.py:161} INFO - Started process (PID=131) to work on /home/airflow/.local/lib/python3.12/site-packages/airflow/example_dags/example_sensors.py
[2026-05-08T13:36:48.012+0000] {processor.py:830} INFO - Processing file /home/airflow/.local/lib/python3.12/site-packages/airflow/example_dags/example_sensors.py for tasks to queue
[2026-05-08T13:36:48.013+0000] {logging_mixin.py:188} INFO - [2026-05-08T13:36:48.013+0000] {dagbag.py:545} INFO - Filling up the DagBag from /home/airflow/.local/lib/python3.12/site-packages/airflow/example_dags/example_sensors.py
[2026-05-08T13:36:48.023+0000] {processor.py:840} INFO - DAG(s) 'example_sensors' retrieved from /home/airflow/.local/lib/python3.12/site-packages/airflow/example_dags/example_sensors.py
[2026-05-08T13:36:48.053+0000] {logging_mixin.py:188} INFO - [2026-05-08T13:36:48.053+0000] {dag.py:3089} INFO - Sync 1 DAGs
[2026-05-08T13:36:48.065+0000] {logging_mixin.py:188} INFO - [2026-05-08T13:36:48.065+0000] {dag.py:3947} INFO - Setting next_dagrun for example_sensors to None, run_after=None
[2026-05-08T13:36:48.088+0000] {processor.py:183} INFO - Processing /home/airflow/.local/lib/python3.12/site-packages/airflow/example_dags/example_sensors.py took 0.083 seconds
[2026-05-08T13:37:18.596+0000] {processor.py:161} INFO - Started process (PID=195) to work on /home/airflow/.local/lib/python3.12/site-packages/airflow/example_dags/example_sensors.py
[2026-05-08T13:37:18.597+0000] {processor.py:830} INFO - Processing file /home/airflow/.local/lib/python3.12/site-packages/airflow/example_dags/example_sensors.py for tasks to queue
[2026-05-08T13:37:18.599+0000] {logging_mixin.py:188} INFO - [2026-05-08T13:37:18.598+0000] {dagbag.py:545} INFO - Filling up the DagBag from /home/airflow/.local/lib/python3.12/site-packages/airflow/example_dags/example_sensors.py
[2026-05-08T13:37:18.607+0000] {processor.py:840} INFO - DAG(s) 'example_sensors' retrieved from /home/airflow/.local/lib/python3.12/site-packages/airflow/example_dags/example_sensors.py
[2026-05-08T13:37:18.617+0000] {logging_mixin.py:188} INFO - [2026-05-08T13:37:18.617+0000] {dag.py:3089} INFO - Sync 1 DAGs
[2026-05-08T13:37:18.628+0000] {logging_mixin.py:188} INFO - [2026-05-08T13:37:18.628+0000] {dag.py:3947} INFO - Setting next_dagrun for example_sensors to None, run_after=None
[2026-05-08T13:37:18.645+0000] {processor.py:183} INFO - Processing /home/airflow/.local/lib/python3.12/site-packages/airflow/example_dags/example_sensors.py took 0.055 seconds
[2026-05-08T13:37:49.773+0000] {processor.py:161} INFO - Started process (PID=253) to work on /home/airflow/.local/lib/python3.12/site-packages/airflow/example_dags/example_sensors.py
[2026-05-08T13:37:49.774+0000] {processor.py:830} INFO - Processing file /home/airflow/.local/lib/python3.12/site-packages/airflow/example_dags/example_sensors.py for tasks to queue
[2026-05-08T13:37:49.775+0000] {logging_mixin.py:188} INFO - [2026-05-08T13:37:49.775+0000] {dagbag.py:545} INFO - Filling up the DagBag from /home/airflow/.local/lib/python3.12/site-packages/airflow/example_dags/example_sensors.py
[2026-05-08T13:37:49.782+0000] {processor.py:840} INFO - DAG(s) 'example_sensors' retrieved from /home/airflow/.local/lib/python3.12/site-packages/airflow/example_dags/example_sensors.py
[2026-05-08T13:37:49.863+0000] {logging_mixin.py:188} INFO - [2026-05-08T13:37:49.863+0000] {dag.py:3089} INFO - Sync 1 DAGs
[2026-05-08T13:37:49.871+0000] {logging_mixin.py:188} INFO - [2026-05-08T13:37:49.871+0000] {dag.py:3947} INFO - Setting next_dagrun for example_sensors to None, run_after=None
[2026-05-08T13:37:49.888+0000] {processor.py:183} INFO - Processing /home/airflow/.local/lib/python3.12/site-packages/airflow/example_dags/example_sensors.py took 0.120 seconds
[2026-05-08T13:38:20.270+0000] {processor.py:161} INFO - Started process (PID=311) to work on /home/airflow/.local/lib/python3.12/site-packages/airflow/example_dags/example_sensors.py
[2026-05-08T13:38:20.271+0000] {processor.py:830} INFO - Processing file /home/airflow/.local/lib/python3.12/site-packages/airflow/example_dags/example_sensors.py for tasks to queue
[2026-05-08T13:38:20.273+0000] {logging_mixin.py:188} INFO - [2026-05-08T13:38:20.273+0000] {dagbag.py:545} INFO - Filling up the DagBag from /home/airflow/.local/lib/python3.12/site-packages/airflow/example_dags/example_sensors.py
[2026-05-08T13:38:20.279+0000] {processor.py:840} INFO - DAG(s) 'example_sensors' retrieved from /home/airflow/.local/lib/python3.12/site-packages/airflow/example_dags/example_sensors.py
[2026-05-08T13:38:20.302+0000] {logging_mixin.py:188} INFO - [2026-05-08T13:38:20.302+0000] {dag.py:3089} INFO - Sync 1 DAGs
[2026-05-08T13:38:20.312+0000] {logging_mixin.py:188} INFO - [2026-05-08T13:38:20.311+0000] {dag.py:3947} INFO - Setting next_dagrun for example_sensors to None, run_after=None
[2026-05-08T13:38:20.326+0000] {processor.py:183} INFO - Processing /home/airflow/.local/lib/python3.12/site-packages/airflow/example_dags/example_sensors.py took 0.061 seconds
[2026-05-08T13:38:50.652+0000] {processor.py:161} INFO - Started process (PID=369) to work on /home/airflow/.local/lib/python3.12/site-packages/airflow/example_dags/example_sensors.py
[2026-05-08T13:38:50.653+0000] {processor.py:830} INFO - Processing file /home/airflow/.local/lib/python3.12/site-packages/airflow/example_dags/example_sensors.py for tasks to queue
[2026-05-08T13:38:50.654+0000] {logging_mixin.py:188} INFO - [2026-05-08T13:38:50.654+0000] {dagbag.py:545} INFO - Filling up the DagBag from /home/airflow/.local/lib/python3.12/site-packages/airflow/example_dags/example_sensors.py
[2026-05-08T13:38:50.661+0000] {processor.py:840} INFO - DAG(s) 'example_sensors' retrieved from /home/airflow/.local/lib/python3.12/site-packages/airflow/example_dags/example_sensors.py
[2026-05-08T13:38:50.681+0000] {logging_mixin.py:188} INFO - [2026-05-08T13:38:50.681+0000] {dag.py:3089} INFO - Sync 1 DAGs
[2026-05-08T13:38:50.690+0000] {logging_mixin.py:188} INFO - [2026-05-08T13:38:50.690+0000] {dag.py:3947} INFO - Setting next_dagrun for example_sensors to None, run_after=None
[2026-05-08T13:38:50.704+0000] {processor.py:183} INFO - Processing /home/airflow/.local/lib/python3.12/site-packages/airflow/example_dags/example_sensors.py took 0.056 seconds
[2026-05-08T13:39:21.103+0000] {processor.py:161} INFO - Started process (PID=427) to work on /home/airflow/.local/lib/python3.12/site-packages/airflow/example_dags/example_sensors.py
[2026-05-08T13:39:21.104+0000] {processor.py:830} INFO - Processing file /home/airflow/.local/lib/python3.12/site-packages/airflow/example_dags/example_sensors.py for tasks to queue
[2026-05-08T13:39:21.105+0000] {logging_mixin.py:188} INFO - [2026-05-08T13:39:21.105+0000] {dagbag.py:545} INFO - Filling up the DagBag from /home/airflow/.local/lib/python3.12/site-packages/airflow/example_dags/example_sensors.py
[2026-05-08T13:39:21.112+0000] {processor.py:840} INFO - DAG(s) 'example_sensors' retrieved from /home/airflow/.local/lib/python3.12/site-packages/airflow/example_dags/example_sensors.py
[2026-05-08T13:39:21.131+0000] {logging_mixin.py:188} INFO - [2026-05-08T13:39:21.131+0000] {dag.py:3089} INFO - Sync 1 DAGs
[2026-05-08T13:39:21.140+0000] {logging_mixin.py:188} INFO - [2026-05-08T13:39:21.140+0000] {dag.py:3947} INFO - Setting next_dagrun for example_sensors to None, run_after=None
[2026-05-08T13:39:21.156+0000] {processor.py:183} INFO - Processing /home/airflow/.local/lib/python3.12/site-packages/airflow/example_dags/example_sensors.py took 0.057 seconds
[2026-05-08T13:39:51.599+0000] {processor.py:161} INFO - Started process (PID=485) to work on /home/airflow/.local/lib/python3.12/site-packages/airflow/example_dags/example_sensors.py
[2026-05-08T13:39:51.599+0000] {processor.py:830} INFO - Processing file /home/airflow/.local/lib/python3.12/site-packages/airflow/example_dags/example_sensors.py for tasks to queue
[2026-05-08T13:39:51.601+0000] {logging_mixin.py:188} INFO - [2026-05-08T13:39:51.601+0000] {dagbag.py:545} INFO - Filling up the DagBag from /home/airflow/.local/lib/python3.12/site-packages/airflow/example_dags/example_sensors.py
[2026-05-08T13:39:51.609+0000] {processor.py:840} INFO - DAG(s) 'example_sensors' retrieved from /home/airflow/.local/lib/python3.12/site-packages/airflow/example_dags/example_sensors.py
[2026-05-08T13:39:51.630+0000] {logging_mixin.py:188} INFO - [2026-05-08T13:39:51.630+0000] {dag.py:3089} INFO - Sync 1 DAGs
[2026-05-08T13:39:51.640+0000] {logging_mixin.py:188} INFO - [2026-05-08T13:39:51.640+0000] {dag.py:3947} INFO - Setting next_dagrun for example_sensors to None, run_after=None
[2026-05-08T13:39:51.655+0000] {processor.py:183} INFO - Processing /home/airflow/.local/lib/python3.12/site-packages/airflow/example_dags/example_sensors.py took 0.061 seconds
[2026-05-08T13:40:21.869+0000] {processor.py:161} INFO - Started process (PID=543) to work on /home/airflow/.local/lib/python3.12/site-packages/airflow/example_dags/example_sensors.py
[2026-05-08T13:40:21.870+0000] {processor.py:830} INFO - Processing file /home/airflow/.local/lib/python3.12/site-packages/airflow/example_dags/example_sensors.py for tasks to queue
[2026-05-08T13:40:21.871+0000] {logging_mixin.py:188} INFO - [2026-05-08T13:40:21.871+0000] {dagbag.py:545} INFO - Filling up the DagBag from /home/airflow/.local/lib/python3.12/site-packages/airflow/example_dags/example_sensors.py
[2026-05-08T13:40:21.877+0000] {processor.py:840} INFO - DAG(s) 'example_sensors' retrieved from /home/airflow/.local/lib/python3.12/site-packages/airflow/example_dags/example_sensors.py
[2026-05-08T13:40:21.895+0000] {logging_mixin.py:188} INFO - [2026-05-08T13:40:21.895+0000] {dag.py:3089} INFO - Sync 1 DAGs
[2026-05-08T13:40:21.903+0000] {logging_mixin.py:188} INFO - [2026-05-08T13:40:21.903+0000] {dag.py:3947} INFO - Setting next_dagrun for example_sensors to None, run_after=None
[2026-05-08T13:40:21.915+0000] {processor.py:183} INFO - Processing /home/airflow/.local/lib/python3.12/site-packages/airflow/example_dags/example_sensors.py took 0.051 seconds
[2026-05-08T13:40:52.213+0000] {processor.py:161} INFO - Started process (PID=601) to work on /home/airflow/.local/lib/python3.12/site-packages/airflow/example_dags/example_sensors.py
[2026-05-08T13:40:52.214+0000] {processor.py:830} INFO - Processing file /home/airflow/.local/lib/python3.12/site-packages/airflow/example_dags/example_sensors.py for tasks to queue
[2026-05-08T13:40:52.215+0000] {logging_mixin.py:188} INFO - [2026-05-08T13:40:52.215+0000] {dagbag.py:545} INFO - Filling up the DagBag from /home/airflow/.local/lib/python3.12/site-packages/airflow/example_dags/example_sensors.py
[2026-05-08T13:40:52.221+0000] {processor.py:840} INFO - DAG(s) 'example_sensors' retrieved from /home/airflow/.local/lib/python3.12/site-packages/airflow/example_dags/example_sensors.py
[2026-05-08T13:40:52.239+0000] {logging_mixin.py:188} INFO - [2026-05-08T13:40:52.239+0000] {dag.py:3089} INFO - Sync 1 DAGs
[2026-05-08T13:40:52.247+0000] {logging_mixin.py:188} INFO - [2026-05-08T13:40:52.247+0000] {dag.py:3947} INFO - Setting next_dagrun for example_sensors to None, run_after=None
[2026-05-08T13:40:52.260+0000] {processor.py:183} INFO - Processing /home/airflow/.local/lib/python3.12/site-packages/airflow/example_dags/example_sensors.py took 0.052 seconds
[2026-05-08T13:41:22.473+0000] {processor.py:161} INFO - Started process (PID=659) to work on /home/airflow/.local/lib/python3.12/site-packages/airflow/example_dags/example_sensors.py
[2026-05-08T13:41:22.474+0000] {processor.py:830} INFO - Processing file /home/airflow/.local/lib/python3.12/site-packages/airflow/example_dags/example_sensors.py for tasks to queue
[2026-05-08T13:41:22.475+0000] {logging_mixin.py:188} INFO - [2026-05-08T13:41:22.475+0000] {dagbag.py:545} INFO - Filling up the DagBag from /home/airflow/.local/lib/python3.12/site-packages/airflow/example_dags/example_sensors.py
[2026-05-08T13:41:22.481+0000] {processor.py:840} INFO - DAG(s) 'example_sensors' retrieved from /home/airflow/.local/lib/python3.12/site-packages/airflow/example_dags/example_sensors.py
[2026-05-08T13:41:22.499+0000] {logging_mixin.py:188} INFO - [2026-05-08T13:41:22.499+0000] {dag.py:3089} INFO - Sync 1 DAGs
[2026-05-08T13:41:22.508+0000] {logging_mixin.py:188} INFO - [2026-05-08T13:41:22.508+0000] {dag.py:3947} INFO - Setting next_dagrun for example_sensors to None, run_after=None
[2026-05-08T13:41:22.520+0000] {processor.py:183} INFO - Processing /home/airflow/.local/lib/python3.12/site-packages/airflow/example_dags/example_sensors.py took 0.051 seconds
[2026-05-08T13:41:52.818+0000] {processor.py:161} INFO - Started process (PID=717) to work on /home/airflow/.local/lib/python3.12/site-packages/airflow/example_dags/example_sensors.py
[2026-05-08T13:41:52.819+0000] {processor.py:830} INFO - Processing file /home/airflow/.local/lib/python3.12/site-packages/airflow/example_dags/example_sensors.py for tasks to queue
[2026-05-08T13:41:52.820+0000] {logging_mixin.py:188} INFO - [2026-05-08T13:41:52.820+0000] {dagbag.py:545} INFO - Filling up the DagBag from /home/airflow/.local/lib/python3.12/site-packages/airflow/example_dags/example_sensors.py
[2026-05-08T13:41:52.826+0000] {processor.py:840} INFO - DAG(s) 'example_sensors' retrieved from /home/airflow/.local/lib/python3.12/site-packages/airflow/example_dags/example_sensors.py
[2026-05-08T13:41:52.845+0000] {logging_mixin.py:188} INFO - [2026-05-08T13:41:52.845+0000] {dag.py:3089} INFO - Sync 1 DAGs
[2026-05-08T13:41:52.854+0000] {logging_mixin.py:188} INFO - [2026-05-08T13:41:52.854+0000] {dag.py:3947} INFO - Setting next_dagrun for example_sensors to None, run_after=None
[2026-05-08T13:41:52.867+0000] {processor.py:183} INFO - Processing /home/airflow/.local/lib/python3.12/site-packages/airflow/example_dags/example_sensors.py took 0.053 seconds
[2026-05-08T13:42:23.077+0000] {processor.py:161} INFO - Started process (PID=775) to work on /home/airflow/.local/lib/python3.12/site-packages/airflow/example_dags/example_sensors.py
[2026-05-08T13:42:23.077+0000] {processor.py:830} INFO - Processing file /home/airflow/.local/lib/python3.12/site-packages/airflow/example_dags/example_sensors.py for tasks to queue
[2026-05-08T13:42:23.079+0000] {logging_mixin.py:188} INFO - [2026-05-08T13:42:23.079+0000] {dagbag.py:545} INFO - Filling up the DagBag from /home/airflow/.local/lib/python3.12/site-packages/airflow/example_dags/example_sensors.py
[2026-05-08T13:42:23.085+0000] {processor.py:840} INFO - DAG(s) 'example_sensors' retrieved from /home/airflow/.local/lib/python3.12/site-packages/airflow/example_dags/example_sensors.py
[2026-05-08T13:42:23.104+0000] {logging_mixin.py:188} INFO - [2026-05-08T13:42:23.103+0000] {dag.py:3089} INFO - Sync 1 DAGs
[2026-05-08T13:42:23.112+0000] {logging_mixin.py:188} INFO - [2026-05-08T13:42:23.112+0000] {dag.py:3947} INFO - Setting next_dagrun for example_sensors to None, run_after=None
[2026-05-08T13:42:23.123+0000] {processor.py:183} INFO - Processing /home/airflow/.local/lib/python3.12/site-packages/airflow/example_dags/example_sensors.py took 0.051 seconds
[2026-05-08T13:42:53.349+0000] {processor.py:161} INFO - Started process (PID=833) to work on /home/airflow/.local/lib/python3.12/site-packages/airflow/example_dags/example_sensors.py
[2026-05-08T13:42:53.350+0000] {processor.py:830} INFO - Processing file /home/airflow/.local/lib/python3.12/site-packages/airflow/example_dags/example_sensors.py for tasks to queue
[2026-05-08T13:42:53.351+0000] {logging_mixin.py:188} INFO - [2026-05-08T13:42:53.351+0000] {dagbag.py:545} INFO - Filling up the DagBag from /home/airflow/.local/lib/python3.12/site-packages/airflow/example_dags/example_sensors.py
[2026-05-08T13:42:53.358+0000] {processor.py:840} INFO - DAG(s) 'example_sensors' retrieved from /home/airflow/.local/lib/python3.12/site-packages/airflow/example_dags/example_sensors.py
[2026-05-08T13:42:53.376+0000] {logging_mixin.py:188} INFO - [2026-05-08T13:42:53.375+0000] {dag.py:3089} INFO - Sync 1 DAGs
[2026-05-08T13:42:53.385+0000] {logging_mixin.py:188} INFO - [2026-05-08T13:42:53.384+0000] {dag.py:3947} INFO - Setting next_dagrun for example_sensors to None, run_after=None
[2026-05-08T13:42:53.397+0000] {processor.py:183} INFO - Processing /home/airflow/.local/lib/python3.12/site-packages/airflow/example_dags/example_sensors.py took 0.052 seconds
[2026-05-08T13:43:23.861+0000] {processor.py:161} INFO - Started process (PID=891) to work on /home/airflow/.local/lib/python3.12/site-packages/airflow/example_dags/example_sensors.py
[2026-05-08T13:43:23.862+0000] {processor.py:830} INFO - Processing file /home/airflow/.local/lib/python3.12/site-packages/airflow/example_dags/example_sensors.py for tasks to queue
[2026-05-08T13:43:23.864+0000] {logging_mixin.py:188} INFO - [2026-05-08T13:43:23.863+0000] {dagbag.py:545} INFO - Filling up the DagBag from /home/airflow/.local/lib/python3.12/site-packages/airflow/example_dags/example_sensors.py
[2026-05-08T13:43:23.874+0000] {processor.py:840} INFO - DAG(s) 'example_sensors' retrieved from /home/airflow/.local/lib/python3.12/site-packages/airflow/example_dags/example_sensors.py
[2026-05-08T13:43:23.902+0000] {logging_mixin.py:188} INFO - [2026-05-08T13:43:23.902+0000] {dag.py:3089} INFO - Sync 1 DAGs
[2026-05-08T13:43:23.915+0000] {logging_mixin.py:188} INFO - [2026-05-08T13:43:23.914+0000] {dag.py:3947} INFO - Setting next_dagrun for example_sensors to None, run_after=None
[2026-05-08T13:43:23.933+0000] {processor.py:183} INFO - Processing /home/airflow/.local/lib/python3.12/site-packages/airflow/example_dags/example_sensors.py took 0.078 seconds
[2026-05-08T13:43:54.449+0000] {processor.py:161} INFO - Started process (PID=949) to work on /home/airflow/.local/lib/python3.12/site-packages/airflow/example_dags/example_sensors.py
[2026-05-08T13:43:54.450+0000] {processor.py:830} INFO - Processing file /home/airflow/.local/lib/python3.12/site-packages/airflow/example_dags/example_sensors.py for tasks to queue
[2026-05-08T13:43:54.452+0000] {logging_mixin.py:188} INFO - [2026-05-08T13:43:54.452+0000] {dagbag.py:545} INFO - Filling up the DagBag from /home/airflow/.local/lib/python3.12/site-packages/airflow/example_dags/example_sensors.py
[2026-05-08T13:43:54.458+0000] {processor.py:840} INFO - DAG(s) 'example_sensors' retrieved from /home/airflow/.local/lib/python3.12/site-packages/airflow/example_dags/example_sensors.py
[2026-05-08T13:43:54.477+0000] {logging_mixin.py:188} INFO - [2026-05-08T13:43:54.477+0000] {dag.py:3089} INFO - Sync 1 DAGs
[2026-05-08T13:43:54.485+0000] {logging_mixin.py:188} INFO - [2026-05-08T13:43:54.485+0000] {dag.py:3947} INFO - Setting next_dagrun for example_sensors to None, run_after=None
[2026-05-08T13:43:54.499+0000] {processor.py:183} INFO - Processing /home/airflow/.local/lib/python3.12/site-packages/airflow/example_dags/example_sensors.py took 0.054 seconds
[2026-05-08T17:11:44.470+0000] {processor.py:161} INFO - Started process (PID=59) to work on /home/airflow/.local/lib/python3.12/site-packages/airflow/example_dags/example_sensors.py
[2026-05-08T17:11:44.474+0000] {processor.py:830} INFO - Processing file /home/airflow/.local/lib/python3.12/site-packages/airflow/example_dags/example_sensors.py for tasks to queue
[2026-05-08T17:11:44.475+0000] {logging_mixin.py:188} INFO - [2026-05-08T17:11:44.475+0000] {dagbag.py:545} INFO - Filling up the DagBag from /home/airflow/.local/lib/python3.12/site-packages/airflow/example_dags/example_sensors.py
[2026-05-08T17:11:44.486+0000] {processor.py:840} INFO - DAG(s) 'example_sensors' retrieved from /home/airflow/.local/lib/python3.12/site-packages/airflow/example_dags/example_sensors.py
[2026-05-08T17:11:44.600+0000] {logging_mixin.py:188} INFO - [2026-05-08T17:11:44.599+0000] {override.py:1858} INFO - Created Permission View: can delete on DAG:example_sensors
[2026-05-08T17:11:44.608+0000] {logging_mixin.py:188} INFO - [2026-05-08T17:11:44.607+0000] {override.py:1858} INFO - Created Permission View: can read on DAG:example_sensors
[2026-05-08T17:11:44.612+0000] {logging_mixin.py:188} INFO - [2026-05-08T17:11:44.612+0000] {override.py:1858} INFO - Created Permission View: can edit on DAG:example_sensors
[2026-05-08T17:11:44.612+0000] {logging_mixin.py:188} INFO - [2026-05-08T17:11:44.612+0000] {dag.py:3089} INFO - Sync 1 DAGs
[2026-05-08T17:11:44.620+0000] {logging_mixin.py:188} INFO - [2026-05-08T17:11:44.620+0000] {dag.py:3111} INFO - Creating ORM DAG for example_sensors
[2026-05-08T17:11:44.621+0000] {logging_mixin.py:188} INFO - [2026-05-08T17:11:44.621+0000] {dag.py:3947} INFO - Setting next_dagrun for example_sensors to None, run_after=None
[2026-05-08T17:11:44.633+0000] {processor.py:183} INFO - Processing /home/airflow/.local/lib/python3.12/site-packages/airflow/example_dags/example_sensors.py took 0.169 seconds
[2026-05-08T17:12:15.437+0000] {processor.py:161} INFO - Started process (PID=117) to work on /home/airflow/.local/lib/python3.12/site-packages/airflow/example_dags/example_sensors.py
[2026-05-08T17:12:15.438+0000] {processor.py:830} INFO - Processing file /home/airflow/.local/lib/python3.12/site-packages/airflow/example_dags/example_sensors.py for tasks to queue
[2026-05-08T17:12:15.441+0000] {logging_mixin.py:188} INFO - [2026-05-08T17:12:15.440+0000] {dagbag.py:545} INFO - Filling up the DagBag from /home/airflow/.local/lib/python3.12/site-packages/airflow/example_dags/example_sensors.py
[2026-05-08T17:12:15.450+0000] {processor.py:840} INFO - DAG(s) 'example_sensors' retrieved from /home/airflow/.local/lib/python3.12/site-packages/airflow/example_dags/example_sensors.py
[2026-05-08T17:12:15.475+0000] {logging_mixin.py:188} INFO - [2026-05-08T17:12:15.475+0000] {dag.py:3089} INFO - Sync 1 DAGs
[2026-05-08T17:12:15.487+0000] {logging_mixin.py:188} INFO - [2026-05-08T17:12:15.487+0000] {dag.py:3947} INFO - Setting next_dagrun for example_sensors to None, run_after=None
[2026-05-08T17:12:15.504+0000] {processor.py:183} INFO - Processing /home/airflow/.local/lib/python3.12/site-packages/airflow/example_dags/example_sensors.py took 0.075 seconds
[2026-05-08T17:12:45.638+0000] {processor.py:161} INFO - Started process (PID=175) to work on /home/airflow/.local/lib/python3.12/site-packages/airflow/example_dags/example_sensors.py
[2026-05-08T17:12:45.639+0000] {processor.py:830} INFO - Processing file /home/airflow/.local/lib/python3.12/site-packages/airflow/example_dags/example_sensors.py for tasks to queue
[2026-05-08T17:12:45.641+0000] {logging_mixin.py:188} INFO - [2026-05-08T17:12:45.641+0000] {dagbag.py:545} INFO - Filling up the DagBag from /home/airflow/.local/lib/python3.12/site-packages/airflow/example_dags/example_sensors.py
[2026-05-08T17:12:45.649+0000] {processor.py:840} INFO - DAG(s) 'example_sensors' retrieved from /home/airflow/.local/lib/python3.12/site-packages/airflow/example_dags/example_sensors.py
[2026-05-08T17:12:45.674+0000] {logging_mixin.py:188} INFO - [2026-05-08T17:12:45.674+0000] {dag.py:3089} INFO - Sync 1 DAGs
[2026-05-08T17:12:45.688+0000] {logging_mixin.py:188} INFO - [2026-05-08T17:12:45.688+0000] {dag.py:3947} INFO - Setting next_dagrun for example_sensors to None, run_after=None
[2026-05-08T17:12:45.704+0000] {processor.py:183} INFO - Processing /home/airflow/.local/lib/python3.12/site-packages/airflow/example_dags/example_sensors.py took 0.071 seconds
[2026-05-08T17:13:16.145+0000] {processor.py:161} INFO - Started process (PID=233) to work on /home/airflow/.local/lib/python3.12/site-packages/airflow/example_dags/example_sensors.py
[2026-05-08T17:13:16.146+0000] {processor.py:830} INFO - Processing file /home/airflow/.local/lib/python3.12/site-packages/airflow/example_dags/example_sensors.py for tasks to queue
[2026-05-08T17:13:16.147+0000] {logging_mixin.py:188} INFO - [2026-05-08T17:13:16.147+0000] {dagbag.py:545} INFO - Filling up the DagBag from /home/airflow/.local/lib/python3.12/site-packages/airflow/example_dags/example_sensors.py
[2026-05-08T17:13:16.154+0000] {processor.py:840} INFO - DAG(s) 'example_sensors' retrieved from /home/airflow/.local/lib/python3.12/site-packages/airflow/example_dags/example_sensors.py
[2026-05-08T17:13:16.176+0000] {logging_mixin.py:188} INFO - [2026-05-08T17:13:16.176+0000] {dag.py:3089} INFO - Sync 1 DAGs
[2026-05-08T17:13:16.186+0000] {logging_mixin.py:188} INFO - [2026-05-08T17:13:16.186+0000] {dag.py:3947} INFO - Setting next_dagrun for example_sensors to None, run_after=None
[2026-05-08T17:13:16.202+0000] {processor.py:183} INFO - Processing /home/airflow/.local/lib/python3.12/site-packages/airflow/example_dags/example_sensors.py took 0.063 seconds
[2026-05-08T17:13:46.413+0000] {processor.py:161} INFO - Started process (PID=291) to work on /home/airflow/.local/lib/python3.12/site-packages/airflow/example_dags/example_sensors.py
[2026-05-08T17:13:46.414+0000] {processor.py:830} INFO - Processing file /home/airflow/.local/lib/python3.12/site-packages/airflow/example_dags/example_sensors.py for tasks to queue
[2026-05-08T17:13:46.415+0000] {logging_mixin.py:188} INFO - [2026-05-08T17:13:46.415+0000] {dagbag.py:545} INFO - Filling up the DagBag from /home/airflow/.local/lib/python3.12/site-packages/airflow/example_dags/example_sensors.py
[2026-05-08T17:13:46.423+0000] {processor.py:840} INFO - DAG(s) 'example_sensors' retrieved from /home/airflow/.local/lib/python3.12/site-packages/airflow/example_dags/example_sensors.py
[2026-05-08T17:13:46.446+0000] {logging_mixin.py:188} INFO - [2026-05-08T17:13:46.445+0000] {dag.py:3089} INFO - Sync 1 DAGs
[2026-05-08T17:13:46.459+0000] {logging_mixin.py:188} INFO - [2026-05-08T17:13:46.458+0000] {dag.py:3947} INFO - Setting next_dagrun for example_sensors to None, run_after=None
[2026-05-08T17:13:46.474+0000] {processor.py:183} INFO - Processing /home/airflow/.local/lib/python3.12/site-packages/airflow/example_dags/example_sensors.py took 0.067 seconds
[2026-05-08T17:14:16.612+0000] {processor.py:161} INFO - Started process (PID=349) to work on /home/airflow/.local/lib/python3.12/site-packages/airflow/example_dags/example_sensors.py
[2026-05-08T17:14:16.613+0000] {processor.py:830} INFO - Processing file /home/airflow/.local/lib/python3.12/site-packages/airflow/example_dags/example_sensors.py for tasks to queue
[2026-05-08T17:14:16.614+0000] {logging_mixin.py:188} INFO - [2026-05-08T17:14:16.614+0000] {dagbag.py:545} INFO - Filling up the DagBag from /home/airflow/.local/lib/python3.12/site-packages/airflow/example_dags/example_sensors.py
[2026-05-08T17:14:16.621+0000] {processor.py:840} INFO - DAG(s) 'example_sensors' retrieved from /home/airflow/.local/lib/python3.12/site-packages/airflow/example_dags/example_sensors.py
[2026-05-08T17:14:16.644+0000] {logging_mixin.py:188} INFO - [2026-05-08T17:14:16.644+0000] {dag.py:3089} INFO - Sync 1 DAGs
[2026-05-08T17:14:16.656+0000] {logging_mixin.py:188} INFO - [2026-05-08T17:14:16.656+0000] {dag.py:3947} INFO - Setting next_dagrun for example_sensors to None, run_after=None
[2026-05-08T17:14:16.672+0000] {processor.py:183} INFO - Processing /home/airflow/.local/lib/python3.12/site-packages/airflow/example_dags/example_sensors.py took 0.066 seconds
[2026-05-08T17:14:46.933+0000] {processor.py:161} INFO - Started process (PID=407) to work on /home/airflow/.local/lib/python3.12/site-packages/airflow/example_dags/example_sensors.py
[2026-05-08T17:14:46.934+0000] {processor.py:830} INFO - Processing file /home/airflow/.local/lib/python3.12/site-packages/airflow/example_dags/example_sensors.py for tasks to queue
[2026-05-08T17:14:46.935+0000] {logging_mixin.py:188} INFO - [2026-05-08T17:14:46.935+0000] {dagbag.py:545} INFO - Filling up the DagBag from /home/airflow/.local/lib/python3.12/site-packages/airflow/example_dags/example_sensors.py
[2026-05-08T17:14:46.943+0000] {processor.py:840} INFO - DAG(s) 'example_sensors' retrieved from /home/airflow/.local/lib/python3.12/site-packages/airflow/example_dags/example_sensors.py
[2026-05-08T17:14:46.967+0000] {logging_mixin.py:188} INFO - [2026-05-08T17:14:46.967+0000] {dag.py:3089} INFO - Sync 1 DAGs
[2026-05-08T17:14:46.980+0000] {logging_mixin.py:188} INFO - [2026-05-08T17:14:46.980+0000] {dag.py:3947} INFO - Setting next_dagrun for example_sensors to None, run_after=None
[2026-05-08T17:14:46.996+0000] {processor.py:183} INFO - Processing /home/airflow/.local/lib/python3.12/site-packages/airflow/example_dags/example_sensors.py took 0.068 seconds
[2026-05-08T17:15:17.435+0000] {processor.py:161} INFO - Started process (PID=465) to work on /home/airflow/.local/lib/python3.12/site-packages/airflow/example_dags/example_sensors.py
[2026-05-08T17:15:17.435+0000] {processor.py:830} INFO - Processing file /home/airflow/.local/lib/python3.12/site-packages/airflow/example_dags/example_sensors.py for tasks to queue
[2026-05-08T17:15:17.437+0000] {logging_mixin.py:188} INFO - [2026-05-08T17:15:17.437+0000] {dagbag.py:545} INFO - Filling up the DagBag from /home/airflow/.local/lib/python3.12/site-packages/airflow/example_dags/example_sensors.py
[2026-05-08T17:15:17.444+0000] {processor.py:840} INFO - DAG(s) 'example_sensors' retrieved from /home/airflow/.local/lib/python3.12/site-packages/airflow/example_dags/example_sensors.py
[2026-05-08T17:15:17.466+0000] {logging_mixin.py:188} INFO - [2026-05-08T17:15:17.466+0000] {dag.py:3089} INFO - Sync 1 DAGs
[2026-05-08T17:15:17.477+0000] {logging_mixin.py:188} INFO - [2026-05-08T17:15:17.476+0000] {dag.py:3947} INFO - Setting next_dagrun for example_sensors to None, run_after=None
[2026-05-08T17:15:17.491+0000] {processor.py:183} INFO - Processing /home/airflow/.local/lib/python3.12/site-packages/airflow/example_dags/example_sensors.py took 0.062 seconds
[2026-05-08T17:15:48.146+0000] {processor.py:161} INFO - Started process (PID=523) to work on /home/airflow/.local/lib/python3.12/site-packages/airflow/example_dags/example_sensors.py
[2026-05-08T17:15:48.147+0000] {processor.py:830} INFO - Processing file /home/airflow/.local/lib/python3.12/site-packages/airflow/example_dags/example_sensors.py for tasks to queue
[2026-05-08T17:15:48.149+0000] {logging_mixin.py:188} INFO - [2026-05-08T17:15:48.149+0000] {dagbag.py:545} INFO - Filling up the DagBag from /home/airflow/.local/lib/python3.12/site-packages/airflow/example_dags/example_sensors.py
[2026-05-08T17:15:48.156+0000] {processor.py:840} INFO - DAG(s) 'example_sensors' retrieved from /home/airflow/.local/lib/python3.12/site-packages/airflow/example_dags/example_sensors.py
[2026-05-08T17:15:48.179+0000] {logging_mixin.py:188} INFO - [2026-05-08T17:15:48.179+0000] {dag.py:3089} INFO - Sync 1 DAGs
[2026-05-08T17:15:48.189+0000] {logging_mixin.py:188} INFO - [2026-05-08T17:15:48.188+0000] {dag.py:3947} INFO - Setting next_dagrun for example_sensors to None, run_after=None
[2026-05-08T17:15:48.204+0000] {processor.py:183} INFO - Processing /home/airflow/.local/lib/python3.12/site-packages/airflow/example_dags/example_sensors.py took 0.063 seconds
[2026-05-08T17:16:18.542+0000] {processor.py:161} INFO - Started process (PID=581) to work on /home/airflow/.local/lib/python3.12/site-packages/airflow/example_dags/example_sensors.py
[2026-05-08T17:16:18.542+0000] {processor.py:830} INFO - Processing file /home/airflow/.local/lib/python3.12/site-packages/airflow/example_dags/example_sensors.py for tasks to queue
[2026-05-08T17:16:18.544+0000] {logging_mixin.py:188} INFO - [2026-05-08T17:16:18.544+0000] {dagbag.py:545} INFO - Filling up the DagBag from /home/airflow/.local/lib/python3.12/site-packages/airflow/example_dags/example_sensors.py
[2026-05-08T17:16:18.551+0000] {processor.py:840} INFO - DAG(s) 'example_sensors' retrieved from /home/airflow/.local/lib/python3.12/site-packages/airflow/example_dags/example_sensors.py
[2026-05-08T17:16:18.573+0000] {logging_mixin.py:188} INFO - [2026-05-08T17:16:18.573+0000] {dag.py:3089} INFO - Sync 1 DAGs
[2026-05-08T17:16:18.584+0000] {logging_mixin.py:188} INFO - [2026-05-08T17:16:18.583+0000] {dag.py:3947} INFO - Setting next_dagrun for example_sensors to None, run_after=None
[2026-05-08T17:16:18.597+0000] {processor.py:183} INFO - Processing /home/airflow/.local/lib/python3.12/site-packages/airflow/example_dags/example_sensors.py took 0.062 seconds
[2026-05-08T17:16:49.024+0000] {processor.py:161} INFO - Started process (PID=639) to work on /home/airflow/.local/lib/python3.12/site-packages/airflow/example_dags/example_sensors.py
[2026-05-08T17:16:49.025+0000] {processor.py:830} INFO - Processing file /home/airflow/.local/lib/python3.12/site-packages/airflow/example_dags/example_sensors.py for tasks to queue
[2026-05-08T17:16:49.026+0000] {logging_mixin.py:188} INFO - [2026-05-08T17:16:49.026+0000] {dagbag.py:545} INFO - Filling up the DagBag from /home/airflow/.local/lib/python3.12/site-packages/airflow/example_dags/example_sensors.py
[2026-05-08T17:16:49.034+0000] {processor.py:840} INFO - DAG(s) 'example_sensors' retrieved from /home/airflow/.local/lib/python3.12/site-packages/airflow/example_dags/example_sensors.py
[2026-05-08T17:16:49.055+0000] {logging_mixin.py:188} INFO - [2026-05-08T17:16:49.055+0000] {dag.py:3089} INFO - Sync 1 DAGs
[2026-05-08T17:16:49.065+0000] {logging_mixin.py:188} INFO - [2026-05-08T17:16:49.065+0000] {dag.py:3947} INFO - Setting next_dagrun for example_sensors to None, run_after=None
[2026-05-08T17:16:49.080+0000] {processor.py:183} INFO - Processing /home/airflow/.local/lib/python3.12/site-packages/airflow/example_dags/example_sensors.py took 0.063 seconds
[2026-05-08T17:17:19.450+0000] {processor.py:161} INFO - Started process (PID=697) to work on /home/airflow/.local/lib/python3.12/site-packages/airflow/example_dags/example_sensors.py
[2026-05-08T17:17:19.451+0000] {processor.py:830} INFO - Processing file /home/airflow/.local/lib/python3.12/site-packages/airflow/example_dags/example_sensors.py for tasks to queue
[2026-05-08T17:17:19.453+0000] {logging_mixin.py:188} INFO - [2026-05-08T17:17:19.452+0000] {dagbag.py:545} INFO - Filling up the DagBag from /home/airflow/.local/lib/python3.12/site-packages/airflow/example_dags/example_sensors.py
[2026-05-08T17:17:19.460+0000] {processor.py:840} INFO - DAG(s) 'example_sensors' retrieved from /home/airflow/.local/lib/python3.12/site-packages/airflow/example_dags/example_sensors.py
[2026-05-08T17:17:19.482+0000] {logging_mixin.py:188} INFO - [2026-05-08T17:17:19.481+0000] {dag.py:3089} INFO - Sync 1 DAGs
[2026-05-08T17:17:19.492+0000] {logging_mixin.py:188} INFO - [2026-05-08T17:17:19.492+0000] {dag.py:3947} INFO - Setting next_dagrun for example_sensors to None, run_after=None
[2026-05-08T17:17:19.507+0000] {processor.py:183} INFO - Processing /home/airflow/.local/lib/python3.12/site-packages/airflow/example_dags/example_sensors.py took 0.062 seconds
