[2026-05-08T11:45:08.134+0000] {processor.py:161} INFO - Started process (PID=69) to work on /home/airflow/.local/lib/python3.12/site-packages/airflow/example_dags/example_python_operator.py
[2026-05-08T11:45:08.135+0000] {processor.py:830} INFO - Processing file /home/airflow/.local/lib/python3.12/site-packages/airflow/example_dags/example_python_operator.py for tasks to queue
[2026-05-08T11:45:08.137+0000] {logging_mixin.py:188} INFO - [2026-05-08T11:45:08.137+0000] {dagbag.py:545} INFO - Filling up the DagBag from /home/airflow/.local/lib/python3.12/site-packages/airflow/example_dags/example_python_operator.py
[2026-05-08T11:45:08.150+0000] {processor.py:840} INFO - DAG(s) 'example_python_operator' retrieved from /home/airflow/.local/lib/python3.12/site-packages/airflow/example_dags/example_python_operator.py
[2026-05-08T11:45:08.163+0000] {logging_mixin.py:188} INFO - [2026-05-08T11:45:08.163+0000] {dag.py:3089} INFO - Sync 1 DAGs
[2026-05-08T11:45:08.174+0000] {logging_mixin.py:188} INFO - [2026-05-08T11:45:08.174+0000] {dag.py:3947} INFO - Setting next_dagrun for example_python_operator to None, run_after=None
[2026-05-08T11:45:08.193+0000] {processor.py:183} INFO - Processing /home/airflow/.local/lib/python3.12/site-packages/airflow/example_dags/example_python_operator.py took 0.063 seconds
[2026-05-08T11:45:39.455+0000] {processor.py:161} INFO - Started process (PID=127) to work on /home/airflow/.local/lib/python3.12/site-packages/airflow/example_dags/example_python_operator.py
[2026-05-08T11:45:39.456+0000] {processor.py:830} INFO - Processing file /home/airflow/.local/lib/python3.12/site-packages/airflow/example_dags/example_python_operator.py for tasks to queue
[2026-05-08T11:45:39.458+0000] {logging_mixin.py:188} INFO - [2026-05-08T11:45:39.458+0000] {dagbag.py:545} INFO - Filling up the DagBag from /home/airflow/.local/lib/python3.12/site-packages/airflow/example_dags/example_python_operator.py
[2026-05-08T11:45:39.468+0000] {processor.py:840} INFO - DAG(s) 'example_python_operator' retrieved from /home/airflow/.local/lib/python3.12/site-packages/airflow/example_dags/example_python_operator.py
[2026-05-08T11:45:39.549+0000] {logging_mixin.py:188} INFO - [2026-05-08T11:45:39.549+0000] {dag.py:3089} INFO - Sync 1 DAGs
[2026-05-08T11:45:39.559+0000] {logging_mixin.py:188} INFO - [2026-05-08T11:45:39.559+0000] {dag.py:3947} INFO - Setting next_dagrun for example_python_operator to None, run_after=None
[2026-05-08T11:45:39.577+0000] {processor.py:183} INFO - Processing /home/airflow/.local/lib/python3.12/site-packages/airflow/example_dags/example_python_operator.py took 0.127 seconds
[2026-05-08T11:46:10.018+0000] {processor.py:161} INFO - Started process (PID=185) to work on /home/airflow/.local/lib/python3.12/site-packages/airflow/example_dags/example_python_operator.py
[2026-05-08T11:46:10.019+0000] {processor.py:830} INFO - Processing file /home/airflow/.local/lib/python3.12/site-packages/airflow/example_dags/example_python_operator.py for tasks to queue
[2026-05-08T11:46:10.021+0000] {logging_mixin.py:188} INFO - [2026-05-08T11:46:10.021+0000] {dagbag.py:545} INFO - Filling up the DagBag from /home/airflow/.local/lib/python3.12/site-packages/airflow/example_dags/example_python_operator.py
[2026-05-08T11:46:10.032+0000] {processor.py:840} INFO - DAG(s) 'example_python_operator' retrieved from /home/airflow/.local/lib/python3.12/site-packages/airflow/example_dags/example_python_operator.py
[2026-05-08T11:46:10.055+0000] {logging_mixin.py:188} INFO - [2026-05-08T11:46:10.054+0000] {dag.py:3089} INFO - Sync 1 DAGs
[2026-05-08T11:46:10.066+0000] {logging_mixin.py:188} INFO - [2026-05-08T11:46:10.066+0000] {dag.py:3947} INFO - Setting next_dagrun for example_python_operator to None, run_after=None
[2026-05-08T11:46:10.083+0000] {processor.py:183} INFO - Processing /home/airflow/.local/lib/python3.12/site-packages/airflow/example_dags/example_python_operator.py took 0.071 seconds
[2026-05-08T11:46:40.262+0000] {processor.py:161} INFO - Started process (PID=243) to work on /home/airflow/.local/lib/python3.12/site-packages/airflow/example_dags/example_python_operator.py
[2026-05-08T11:46:40.263+0000] {processor.py:830} INFO - Processing file /home/airflow/.local/lib/python3.12/site-packages/airflow/example_dags/example_python_operator.py for tasks to queue
[2026-05-08T11:46:40.266+0000] {logging_mixin.py:188} INFO - [2026-05-08T11:46:40.265+0000] {dagbag.py:545} INFO - Filling up the DagBag from /home/airflow/.local/lib/python3.12/site-packages/airflow/example_dags/example_python_operator.py
[2026-05-08T11:46:40.278+0000] {processor.py:840} INFO - DAG(s) 'example_python_operator' retrieved from /home/airflow/.local/lib/python3.12/site-packages/airflow/example_dags/example_python_operator.py
[2026-05-08T11:46:40.304+0000] {logging_mixin.py:188} INFO - [2026-05-08T11:46:40.304+0000] {dag.py:3089} INFO - Sync 1 DAGs
[2026-05-08T11:46:40.318+0000] {logging_mixin.py:188} INFO - [2026-05-08T11:46:40.317+0000] {dag.py:3947} INFO - Setting next_dagrun for example_python_operator to None, run_after=None
[2026-05-08T11:46:40.337+0000] {processor.py:183} INFO - Processing /home/airflow/.local/lib/python3.12/site-packages/airflow/example_dags/example_python_operator.py took 0.082 seconds
[2026-05-08T11:47:10.761+0000] {processor.py:161} INFO - Started process (PID=301) to work on /home/airflow/.local/lib/python3.12/site-packages/airflow/example_dags/example_python_operator.py
[2026-05-08T11:47:10.762+0000] {processor.py:830} INFO - Processing file /home/airflow/.local/lib/python3.12/site-packages/airflow/example_dags/example_python_operator.py for tasks to queue
[2026-05-08T11:47:10.764+0000] {logging_mixin.py:188} INFO - [2026-05-08T11:47:10.764+0000] {dagbag.py:545} INFO - Filling up the DagBag from /home/airflow/.local/lib/python3.12/site-packages/airflow/example_dags/example_python_operator.py
[2026-05-08T11:47:10.775+0000] {processor.py:840} INFO - DAG(s) 'example_python_operator' retrieved from /home/airflow/.local/lib/python3.12/site-packages/airflow/example_dags/example_python_operator.py
[2026-05-08T11:47:10.798+0000] {logging_mixin.py:188} INFO - [2026-05-08T11:47:10.798+0000] {dag.py:3089} INFO - Sync 1 DAGs
[2026-05-08T11:47:10.813+0000] {logging_mixin.py:188} INFO - [2026-05-08T11:47:10.812+0000] {dag.py:3947} INFO - Setting next_dagrun for example_python_operator to None, run_after=None
[2026-05-08T11:47:10.831+0000] {processor.py:183} INFO - Processing /home/airflow/.local/lib/python3.12/site-packages/airflow/example_dags/example_python_operator.py took 0.076 seconds
[2026-05-08T11:47:41.452+0000] {processor.py:161} INFO - Started process (PID=359) to work on /home/airflow/.local/lib/python3.12/site-packages/airflow/example_dags/example_python_operator.py
[2026-05-08T11:47:41.453+0000] {processor.py:830} INFO - Processing file /home/airflow/.local/lib/python3.12/site-packages/airflow/example_dags/example_python_operator.py for tasks to queue
[2026-05-08T11:47:41.458+0000] {logging_mixin.py:188} INFO - [2026-05-08T11:47:41.457+0000] {dagbag.py:545} INFO - Filling up the DagBag from /home/airflow/.local/lib/python3.12/site-packages/airflow/example_dags/example_python_operator.py
[2026-05-08T11:47:41.468+0000] {processor.py:840} INFO - DAG(s) 'example_python_operator' retrieved from /home/airflow/.local/lib/python3.12/site-packages/airflow/example_dags/example_python_operator.py
[2026-05-08T11:47:41.496+0000] {logging_mixin.py:188} INFO - [2026-05-08T11:47:41.496+0000] {dag.py:3089} INFO - Sync 1 DAGs
[2026-05-08T11:47:41.509+0000] {logging_mixin.py:188} INFO - [2026-05-08T11:47:41.509+0000] {dag.py:3947} INFO - Setting next_dagrun for example_python_operator to None, run_after=None
[2026-05-08T11:47:41.527+0000] {processor.py:183} INFO - Processing /home/airflow/.local/lib/python3.12/site-packages/airflow/example_dags/example_python_operator.py took 0.082 seconds
[2026-05-08T11:48:11.804+0000] {processor.py:161} INFO - Started process (PID=417) to work on /home/airflow/.local/lib/python3.12/site-packages/airflow/example_dags/example_python_operator.py
[2026-05-08T11:48:11.805+0000] {processor.py:830} INFO - Processing file /home/airflow/.local/lib/python3.12/site-packages/airflow/example_dags/example_python_operator.py for tasks to queue
[2026-05-08T11:48:11.807+0000] {logging_mixin.py:188} INFO - [2026-05-08T11:48:11.807+0000] {dagbag.py:545} INFO - Filling up the DagBag from /home/airflow/.local/lib/python3.12/site-packages/airflow/example_dags/example_python_operator.py
[2026-05-08T11:48:11.819+0000] {processor.py:840} INFO - DAG(s) 'example_python_operator' retrieved from /home/airflow/.local/lib/python3.12/site-packages/airflow/example_dags/example_python_operator.py
[2026-05-08T11:48:11.842+0000] {logging_mixin.py:188} INFO - [2026-05-08T11:48:11.842+0000] {dag.py:3089} INFO - Sync 1 DAGs
[2026-05-08T11:48:11.855+0000] {logging_mixin.py:188} INFO - [2026-05-08T11:48:11.855+0000] {dag.py:3947} INFO - Setting next_dagrun for example_python_operator to None, run_after=None
[2026-05-08T11:48:11.872+0000] {processor.py:183} INFO - Processing /home/airflow/.local/lib/python3.12/site-packages/airflow/example_dags/example_python_operator.py took 0.074 seconds
[2026-05-08T11:48:42.014+0000] {processor.py:161} INFO - Started process (PID=475) to work on /home/airflow/.local/lib/python3.12/site-packages/airflow/example_dags/example_python_operator.py
[2026-05-08T11:48:42.015+0000] {processor.py:830} INFO - Processing file /home/airflow/.local/lib/python3.12/site-packages/airflow/example_dags/example_python_operator.py for tasks to queue
[2026-05-08T11:48:42.018+0000] {logging_mixin.py:188} INFO - [2026-05-08T11:48:42.017+0000] {dagbag.py:545} INFO - Filling up the DagBag from /home/airflow/.local/lib/python3.12/site-packages/airflow/example_dags/example_python_operator.py
[2026-05-08T11:48:42.028+0000] {processor.py:840} INFO - DAG(s) 'example_python_operator' retrieved from /home/airflow/.local/lib/python3.12/site-packages/airflow/example_dags/example_python_operator.py
[2026-05-08T11:48:42.054+0000] {logging_mixin.py:188} INFO - [2026-05-08T11:48:42.054+0000] {dag.py:3089} INFO - Sync 1 DAGs
[2026-05-08T11:48:42.066+0000] {logging_mixin.py:188} INFO - [2026-05-08T11:48:42.066+0000] {dag.py:3947} INFO - Setting next_dagrun for example_python_operator to None, run_after=None
[2026-05-08T11:48:42.084+0000] {processor.py:183} INFO - Processing /home/airflow/.local/lib/python3.12/site-packages/airflow/example_dags/example_python_operator.py took 0.077 seconds
[2026-05-08T11:49:12.347+0000] {processor.py:161} INFO - Started process (PID=533) to work on /home/airflow/.local/lib/python3.12/site-packages/airflow/example_dags/example_python_operator.py
[2026-05-08T11:49:12.348+0000] {processor.py:830} INFO - Processing file /home/airflow/.local/lib/python3.12/site-packages/airflow/example_dags/example_python_operator.py for tasks to queue
[2026-05-08T11:49:12.350+0000] {logging_mixin.py:188} INFO - [2026-05-08T11:49:12.350+0000] {dagbag.py:545} INFO - Filling up the DagBag from /home/airflow/.local/lib/python3.12/site-packages/airflow/example_dags/example_python_operator.py
[2026-05-08T11:49:12.358+0000] {processor.py:840} INFO - DAG(s) 'example_python_operator' retrieved from /home/airflow/.local/lib/python3.12/site-packages/airflow/example_dags/example_python_operator.py
[2026-05-08T11:49:12.378+0000] {logging_mixin.py:188} INFO - [2026-05-08T11:49:12.378+0000] {dag.py:3089} INFO - Sync 1 DAGs
[2026-05-08T11:49:12.388+0000] {logging_mixin.py:188} INFO - [2026-05-08T11:49:12.388+0000] {dag.py:3947} INFO - Setting next_dagrun for example_python_operator to None, run_after=None
[2026-05-08T11:49:12.403+0000] {processor.py:183} INFO - Processing /home/airflow/.local/lib/python3.12/site-packages/airflow/example_dags/example_python_operator.py took 0.060 seconds
[2026-05-08T11:49:42.658+0000] {processor.py:161} INFO - Started process (PID=591) to work on /home/airflow/.local/lib/python3.12/site-packages/airflow/example_dags/example_python_operator.py
[2026-05-08T11:49:42.659+0000] {processor.py:830} INFO - Processing file /home/airflow/.local/lib/python3.12/site-packages/airflow/example_dags/example_python_operator.py for tasks to queue
[2026-05-08T11:49:42.661+0000] {logging_mixin.py:188} INFO - [2026-05-08T11:49:42.661+0000] {dagbag.py:545} INFO - Filling up the DagBag from /home/airflow/.local/lib/python3.12/site-packages/airflow/example_dags/example_python_operator.py
[2026-05-08T11:49:42.674+0000] {processor.py:840} INFO - DAG(s) 'example_python_operator' retrieved from /home/airflow/.local/lib/python3.12/site-packages/airflow/example_dags/example_python_operator.py
[2026-05-08T11:49:42.689+0000] {logging_mixin.py:188} INFO - [2026-05-08T11:49:42.688+0000] {dag.py:3089} INFO - Sync 1 DAGs
[2026-05-08T11:49:42.702+0000] {logging_mixin.py:188} INFO - [2026-05-08T11:49:42.701+0000] {dag.py:3947} INFO - Setting next_dagrun for example_python_operator to None, run_after=None
[2026-05-08T11:49:42.720+0000] {processor.py:183} INFO - Processing /home/airflow/.local/lib/python3.12/site-packages/airflow/example_dags/example_python_operator.py took 0.070 seconds
[2026-05-08T11:50:13.469+0000] {processor.py:161} INFO - Started process (PID=649) to work on /home/airflow/.local/lib/python3.12/site-packages/airflow/example_dags/example_python_operator.py
[2026-05-08T11:50:13.470+0000] {processor.py:830} INFO - Processing file /home/airflow/.local/lib/python3.12/site-packages/airflow/example_dags/example_python_operator.py for tasks to queue
[2026-05-08T11:50:13.471+0000] {logging_mixin.py:188} INFO - [2026-05-08T11:50:13.471+0000] {dagbag.py:545} INFO - Filling up the DagBag from /home/airflow/.local/lib/python3.12/site-packages/airflow/example_dags/example_python_operator.py
[2026-05-08T11:50:13.480+0000] {processor.py:840} INFO - DAG(s) 'example_python_operator' retrieved from /home/airflow/.local/lib/python3.12/site-packages/airflow/example_dags/example_python_operator.py
[2026-05-08T11:50:13.560+0000] {logging_mixin.py:188} INFO - [2026-05-08T11:50:13.560+0000] {dag.py:3089} INFO - Sync 1 DAGs
[2026-05-08T11:50:13.567+0000] {logging_mixin.py:188} INFO - [2026-05-08T11:50:13.567+0000] {dag.py:3947} INFO - Setting next_dagrun for example_python_operator to None, run_after=None
[2026-05-08T11:50:13.585+0000] {processor.py:183} INFO - Processing /home/airflow/.local/lib/python3.12/site-packages/airflow/example_dags/example_python_operator.py took 0.121 seconds
[2026-05-08T11:50:44.431+0000] {processor.py:161} INFO - Started process (PID=707) to work on /home/airflow/.local/lib/python3.12/site-packages/airflow/example_dags/example_python_operator.py
[2026-05-08T11:50:44.432+0000] {processor.py:830} INFO - Processing file /home/airflow/.local/lib/python3.12/site-packages/airflow/example_dags/example_python_operator.py for tasks to queue
[2026-05-08T11:50:44.435+0000] {logging_mixin.py:188} INFO - [2026-05-08T11:50:44.434+0000] {dagbag.py:545} INFO - Filling up the DagBag from /home/airflow/.local/lib/python3.12/site-packages/airflow/example_dags/example_python_operator.py
[2026-05-08T11:50:44.450+0000] {processor.py:840} INFO - DAG(s) 'example_python_operator' retrieved from /home/airflow/.local/lib/python3.12/site-packages/airflow/example_dags/example_python_operator.py
[2026-05-08T11:50:44.482+0000] {logging_mixin.py:188} INFO - [2026-05-08T11:50:44.482+0000] {dag.py:3089} INFO - Sync 1 DAGs
[2026-05-08T11:50:44.501+0000] {logging_mixin.py:188} INFO - [2026-05-08T11:50:44.501+0000] {dag.py:3947} INFO - Setting next_dagrun for example_python_operator to None, run_after=None
[2026-05-08T11:50:44.523+0000] {processor.py:183} INFO - Processing /home/airflow/.local/lib/python3.12/site-packages/airflow/example_dags/example_python_operator.py took 0.100 seconds
[2026-05-08T11:51:14.852+0000] {processor.py:161} INFO - Started process (PID=765) to work on /home/airflow/.local/lib/python3.12/site-packages/airflow/example_dags/example_python_operator.py
[2026-05-08T11:51:14.853+0000] {processor.py:830} INFO - Processing file /home/airflow/.local/lib/python3.12/site-packages/airflow/example_dags/example_python_operator.py for tasks to queue
[2026-05-08T11:51:14.856+0000] {logging_mixin.py:188} INFO - [2026-05-08T11:51:14.855+0000] {dagbag.py:545} INFO - Filling up the DagBag from /home/airflow/.local/lib/python3.12/site-packages/airflow/example_dags/example_python_operator.py
[2026-05-08T11:51:14.866+0000] {processor.py:840} INFO - DAG(s) 'example_python_operator' retrieved from /home/airflow/.local/lib/python3.12/site-packages/airflow/example_dags/example_python_operator.py
[2026-05-08T11:51:14.891+0000] {logging_mixin.py:188} INFO - [2026-05-08T11:51:14.891+0000] {dag.py:3089} INFO - Sync 1 DAGs
[2026-05-08T11:51:14.904+0000] {logging_mixin.py:188} INFO - [2026-05-08T11:51:14.903+0000] {dag.py:3947} INFO - Setting next_dagrun for example_python_operator to None, run_after=None
[2026-05-08T11:51:14.922+0000] {processor.py:183} INFO - Processing /home/airflow/.local/lib/python3.12/site-packages/airflow/example_dags/example_python_operator.py took 0.076 seconds
[2026-05-08T11:51:46.151+0000] {processor.py:161} INFO - Started process (PID=823) to work on /home/airflow/.local/lib/python3.12/site-packages/airflow/example_dags/example_python_operator.py
[2026-05-08T11:51:46.152+0000] {processor.py:830} INFO - Processing file /home/airflow/.local/lib/python3.12/site-packages/airflow/example_dags/example_python_operator.py for tasks to queue
[2026-05-08T11:51:46.155+0000] {logging_mixin.py:188} INFO - [2026-05-08T11:51:46.155+0000] {dagbag.py:545} INFO - Filling up the DagBag from /home/airflow/.local/lib/python3.12/site-packages/airflow/example_dags/example_python_operator.py
[2026-05-08T11:51:46.170+0000] {processor.py:840} INFO - DAG(s) 'example_python_operator' retrieved from /home/airflow/.local/lib/python3.12/site-packages/airflow/example_dags/example_python_operator.py
[2026-05-08T11:51:46.201+0000] {logging_mixin.py:188} INFO - [2026-05-08T11:51:46.201+0000] {dag.py:3089} INFO - Sync 1 DAGs
[2026-05-08T11:51:46.216+0000] {logging_mixin.py:188} INFO - [2026-05-08T11:51:46.215+0000] {dag.py:3947} INFO - Setting next_dagrun for example_python_operator to None, run_after=None
[2026-05-08T11:51:46.239+0000] {processor.py:183} INFO - Processing /home/airflow/.local/lib/python3.12/site-packages/airflow/example_dags/example_python_operator.py took 0.096 seconds
[2026-05-08T11:52:17.216+0000] {processor.py:161} INFO - Started process (PID=881) to work on /home/airflow/.local/lib/python3.12/site-packages/airflow/example_dags/example_python_operator.py
[2026-05-08T11:52:17.218+0000] {processor.py:830} INFO - Processing file /home/airflow/.local/lib/python3.12/site-packages/airflow/example_dags/example_python_operator.py for tasks to queue
[2026-05-08T11:52:17.222+0000] {logging_mixin.py:188} INFO - [2026-05-08T11:52:17.221+0000] {dagbag.py:545} INFO - Filling up the DagBag from /home/airflow/.local/lib/python3.12/site-packages/airflow/example_dags/example_python_operator.py
[2026-05-08T11:52:17.239+0000] {processor.py:840} INFO - DAG(s) 'example_python_operator' retrieved from /home/airflow/.local/lib/python3.12/site-packages/airflow/example_dags/example_python_operator.py
[2026-05-08T11:52:17.275+0000] {logging_mixin.py:188} INFO - [2026-05-08T11:52:17.275+0000] {dag.py:3089} INFO - Sync 1 DAGs
[2026-05-08T11:52:17.292+0000] {logging_mixin.py:188} INFO - [2026-05-08T11:52:17.292+0000] {dag.py:3947} INFO - Setting next_dagrun for example_python_operator to None, run_after=None
[2026-05-08T11:52:17.315+0000] {processor.py:183} INFO - Processing /home/airflow/.local/lib/python3.12/site-packages/airflow/example_dags/example_python_operator.py took 0.110 seconds
[2026-05-08T11:52:47.622+0000] {processor.py:161} INFO - Started process (PID=938) to work on /home/airflow/.local/lib/python3.12/site-packages/airflow/example_dags/example_python_operator.py
[2026-05-08T11:52:47.623+0000] {processor.py:830} INFO - Processing file /home/airflow/.local/lib/python3.12/site-packages/airflow/example_dags/example_python_operator.py for tasks to queue
[2026-05-08T11:52:47.626+0000] {logging_mixin.py:188} INFO - [2026-05-08T11:52:47.626+0000] {dagbag.py:545} INFO - Filling up the DagBag from /home/airflow/.local/lib/python3.12/site-packages/airflow/example_dags/example_python_operator.py
[2026-05-08T11:52:47.641+0000] {processor.py:840} INFO - DAG(s) 'example_python_operator' retrieved from /home/airflow/.local/lib/python3.12/site-packages/airflow/example_dags/example_python_operator.py
[2026-05-08T11:52:47.665+0000] {logging_mixin.py:188} INFO - [2026-05-08T11:52:47.664+0000] {dag.py:3089} INFO - Sync 1 DAGs
[2026-05-08T11:52:47.681+0000] {logging_mixin.py:188} INFO - [2026-05-08T11:52:47.681+0000] {dag.py:3947} INFO - Setting next_dagrun for example_python_operator to None, run_after=None
[2026-05-08T11:52:47.711+0000] {processor.py:183} INFO - Processing /home/airflow/.local/lib/python3.12/site-packages/airflow/example_dags/example_python_operator.py took 0.096 seconds
[2026-05-08T11:53:18.530+0000] {processor.py:161} INFO - Started process (PID=996) to work on /home/airflow/.local/lib/python3.12/site-packages/airflow/example_dags/example_python_operator.py
[2026-05-08T11:53:18.531+0000] {processor.py:830} INFO - Processing file /home/airflow/.local/lib/python3.12/site-packages/airflow/example_dags/example_python_operator.py for tasks to queue
[2026-05-08T11:53:18.534+0000] {logging_mixin.py:188} INFO - [2026-05-08T11:53:18.534+0000] {dagbag.py:545} INFO - Filling up the DagBag from /home/airflow/.local/lib/python3.12/site-packages/airflow/example_dags/example_python_operator.py
[2026-05-08T11:53:18.546+0000] {processor.py:840} INFO - DAG(s) 'example_python_operator' retrieved from /home/airflow/.local/lib/python3.12/site-packages/airflow/example_dags/example_python_operator.py
[2026-05-08T11:53:18.572+0000] {logging_mixin.py:188} INFO - [2026-05-08T11:53:18.572+0000] {dag.py:3089} INFO - Sync 1 DAGs
[2026-05-08T11:53:18.591+0000] {logging_mixin.py:188} INFO - [2026-05-08T11:53:18.591+0000] {dag.py:3947} INFO - Setting next_dagrun for example_python_operator to None, run_after=None
[2026-05-08T11:53:18.617+0000] {processor.py:183} INFO - Processing /home/airflow/.local/lib/python3.12/site-packages/airflow/example_dags/example_python_operator.py took 0.096 seconds
[2026-05-08T11:53:48.826+0000] {processor.py:161} INFO - Started process (PID=1054) to work on /home/airflow/.local/lib/python3.12/site-packages/airflow/example_dags/example_python_operator.py
[2026-05-08T11:53:48.827+0000] {processor.py:830} INFO - Processing file /home/airflow/.local/lib/python3.12/site-packages/airflow/example_dags/example_python_operator.py for tasks to queue
[2026-05-08T11:53:48.829+0000] {logging_mixin.py:188} INFO - [2026-05-08T11:53:48.829+0000] {dagbag.py:545} INFO - Filling up the DagBag from /home/airflow/.local/lib/python3.12/site-packages/airflow/example_dags/example_python_operator.py
[2026-05-08T11:53:48.839+0000] {processor.py:840} INFO - DAG(s) 'example_python_operator' retrieved from /home/airflow/.local/lib/python3.12/site-packages/airflow/example_dags/example_python_operator.py
[2026-05-08T11:53:48.860+0000] {logging_mixin.py:188} INFO - [2026-05-08T11:53:48.860+0000] {dag.py:3089} INFO - Sync 1 DAGs
[2026-05-08T11:53:48.872+0000] {logging_mixin.py:188} INFO - [2026-05-08T11:53:48.872+0000] {dag.py:3947} INFO - Setting next_dagrun for example_python_operator to None, run_after=None
[2026-05-08T11:53:48.890+0000] {processor.py:183} INFO - Processing /home/airflow/.local/lib/python3.12/site-packages/airflow/example_dags/example_python_operator.py took 0.068 seconds
[2026-05-08T11:54:19.278+0000] {processor.py:161} INFO - Started process (PID=1112) to work on /home/airflow/.local/lib/python3.12/site-packages/airflow/example_dags/example_python_operator.py
[2026-05-08T11:54:19.280+0000] {processor.py:830} INFO - Processing file /home/airflow/.local/lib/python3.12/site-packages/airflow/example_dags/example_python_operator.py for tasks to queue
[2026-05-08T11:54:19.282+0000] {logging_mixin.py:188} INFO - [2026-05-08T11:54:19.282+0000] {dagbag.py:545} INFO - Filling up the DagBag from /home/airflow/.local/lib/python3.12/site-packages/airflow/example_dags/example_python_operator.py
[2026-05-08T11:54:19.297+0000] {processor.py:840} INFO - DAG(s) 'example_python_operator' retrieved from /home/airflow/.local/lib/python3.12/site-packages/airflow/example_dags/example_python_operator.py
[2026-05-08T11:54:19.328+0000] {logging_mixin.py:188} INFO - [2026-05-08T11:54:19.327+0000] {dag.py:3089} INFO - Sync 1 DAGs
[2026-05-08T11:54:19.341+0000] {logging_mixin.py:188} INFO - [2026-05-08T11:54:19.340+0000] {dag.py:3947} INFO - Setting next_dagrun for example_python_operator to None, run_after=None
[2026-05-08T11:54:19.363+0000] {processor.py:183} INFO - Processing /home/airflow/.local/lib/python3.12/site-packages/airflow/example_dags/example_python_operator.py took 0.091 seconds
[2026-05-08T11:54:50.232+0000] {processor.py:161} INFO - Started process (PID=1170) to work on /home/airflow/.local/lib/python3.12/site-packages/airflow/example_dags/example_python_operator.py
[2026-05-08T11:54:50.233+0000] {processor.py:830} INFO - Processing file /home/airflow/.local/lib/python3.12/site-packages/airflow/example_dags/example_python_operator.py for tasks to queue
[2026-05-08T11:54:50.235+0000] {logging_mixin.py:188} INFO - [2026-05-08T11:54:50.235+0000] {dagbag.py:545} INFO - Filling up the DagBag from /home/airflow/.local/lib/python3.12/site-packages/airflow/example_dags/example_python_operator.py
[2026-05-08T11:54:50.248+0000] {processor.py:840} INFO - DAG(s) 'example_python_operator' retrieved from /home/airflow/.local/lib/python3.12/site-packages/airflow/example_dags/example_python_operator.py
[2026-05-08T11:54:50.282+0000] {logging_mixin.py:188} INFO - [2026-05-08T11:54:50.282+0000] {dag.py:3089} INFO - Sync 1 DAGs
[2026-05-08T11:54:50.298+0000] {logging_mixin.py:188} INFO - [2026-05-08T11:54:50.298+0000] {dag.py:3947} INFO - Setting next_dagrun for example_python_operator to None, run_after=None
[2026-05-08T11:54:50.321+0000] {processor.py:183} INFO - Processing /home/airflow/.local/lib/python3.12/site-packages/airflow/example_dags/example_python_operator.py took 0.098 seconds
[2026-05-08T11:55:20.380+0000] {processor.py:161} INFO - Started process (PID=1228) to work on /home/airflow/.local/lib/python3.12/site-packages/airflow/example_dags/example_python_operator.py
[2026-05-08T11:55:20.381+0000] {processor.py:830} INFO - Processing file /home/airflow/.local/lib/python3.12/site-packages/airflow/example_dags/example_python_operator.py for tasks to queue
[2026-05-08T11:55:20.383+0000] {logging_mixin.py:188} INFO - [2026-05-08T11:55:20.382+0000] {dagbag.py:545} INFO - Filling up the DagBag from /home/airflow/.local/lib/python3.12/site-packages/airflow/example_dags/example_python_operator.py
[2026-05-08T11:55:20.391+0000] {processor.py:840} INFO - DAG(s) 'example_python_operator' retrieved from /home/airflow/.local/lib/python3.12/site-packages/airflow/example_dags/example_python_operator.py
[2026-05-08T11:55:20.410+0000] {logging_mixin.py:188} INFO - [2026-05-08T11:55:20.410+0000] {dag.py:3089} INFO - Sync 1 DAGs
[2026-05-08T11:55:20.422+0000] {logging_mixin.py:188} INFO - [2026-05-08T11:55:20.421+0000] {dag.py:3947} INFO - Setting next_dagrun for example_python_operator to None, run_after=None
[2026-05-08T11:55:20.439+0000] {processor.py:183} INFO - Processing /home/airflow/.local/lib/python3.12/site-packages/airflow/example_dags/example_python_operator.py took 0.064 seconds
[2026-05-08T11:55:50.721+0000] {processor.py:161} INFO - Started process (PID=1286) to work on /home/airflow/.local/lib/python3.12/site-packages/airflow/example_dags/example_python_operator.py
[2026-05-08T11:55:50.722+0000] {processor.py:830} INFO - Processing file /home/airflow/.local/lib/python3.12/site-packages/airflow/example_dags/example_python_operator.py for tasks to queue
[2026-05-08T11:55:50.723+0000] {logging_mixin.py:188} INFO - [2026-05-08T11:55:50.723+0000] {dagbag.py:545} INFO - Filling up the DagBag from /home/airflow/.local/lib/python3.12/site-packages/airflow/example_dags/example_python_operator.py
[2026-05-08T11:55:50.732+0000] {processor.py:840} INFO - DAG(s) 'example_python_operator' retrieved from /home/airflow/.local/lib/python3.12/site-packages/airflow/example_dags/example_python_operator.py
[2026-05-08T11:55:50.752+0000] {logging_mixin.py:188} INFO - [2026-05-08T11:55:50.752+0000] {dag.py:3089} INFO - Sync 1 DAGs
[2026-05-08T11:55:50.763+0000] {logging_mixin.py:188} INFO - [2026-05-08T11:55:50.763+0000] {dag.py:3947} INFO - Setting next_dagrun for example_python_operator to None, run_after=None
[2026-05-08T11:55:50.780+0000] {processor.py:183} INFO - Processing /home/airflow/.local/lib/python3.12/site-packages/airflow/example_dags/example_python_operator.py took 0.064 seconds
[2026-05-08T11:56:21.717+0000] {processor.py:161} INFO - Started process (PID=1344) to work on /home/airflow/.local/lib/python3.12/site-packages/airflow/example_dags/example_python_operator.py
[2026-05-08T11:56:21.719+0000] {processor.py:830} INFO - Processing file /home/airflow/.local/lib/python3.12/site-packages/airflow/example_dags/example_python_operator.py for tasks to queue
[2026-05-08T11:56:21.722+0000] {logging_mixin.py:188} INFO - [2026-05-08T11:56:21.721+0000] {dagbag.py:545} INFO - Filling up the DagBag from /home/airflow/.local/lib/python3.12/site-packages/airflow/example_dags/example_python_operator.py
[2026-05-08T11:56:21.732+0000] {processor.py:840} INFO - DAG(s) 'example_python_operator' retrieved from /home/airflow/.local/lib/python3.12/site-packages/airflow/example_dags/example_python_operator.py
[2026-05-08T11:56:21.758+0000] {logging_mixin.py:188} INFO - [2026-05-08T11:56:21.758+0000] {dag.py:3089} INFO - Sync 1 DAGs
[2026-05-08T11:56:21.772+0000] {logging_mixin.py:188} INFO - [2026-05-08T11:56:21.771+0000] {dag.py:3947} INFO - Setting next_dagrun for example_python_operator to None, run_after=None
[2026-05-08T11:56:21.789+0000] {processor.py:183} INFO - Processing /home/airflow/.local/lib/python3.12/site-packages/airflow/example_dags/example_python_operator.py took 0.079 seconds
[2026-05-08T11:56:52.236+0000] {processor.py:161} INFO - Started process (PID=1402) to work on /home/airflow/.local/lib/python3.12/site-packages/airflow/example_dags/example_python_operator.py
[2026-05-08T11:56:52.238+0000] {processor.py:830} INFO - Processing file /home/airflow/.local/lib/python3.12/site-packages/airflow/example_dags/example_python_operator.py for tasks to queue
[2026-05-08T11:56:52.241+0000] {logging_mixin.py:188} INFO - [2026-05-08T11:56:52.240+0000] {dagbag.py:545} INFO - Filling up the DagBag from /home/airflow/.local/lib/python3.12/site-packages/airflow/example_dags/example_python_operator.py
[2026-05-08T11:56:52.256+0000] {processor.py:840} INFO - DAG(s) 'example_python_operator' retrieved from /home/airflow/.local/lib/python3.12/site-packages/airflow/example_dags/example_python_operator.py
[2026-05-08T11:56:52.290+0000] {logging_mixin.py:188} INFO - [2026-05-08T11:56:52.290+0000] {dag.py:3089} INFO - Sync 1 DAGs
[2026-05-08T11:56:52.310+0000] {logging_mixin.py:188} INFO - [2026-05-08T11:56:52.309+0000] {dag.py:3947} INFO - Setting next_dagrun for example_python_operator to None, run_after=None
[2026-05-08T11:56:52.340+0000] {processor.py:183} INFO - Processing /home/airflow/.local/lib/python3.12/site-packages/airflow/example_dags/example_python_operator.py took 0.111 seconds
[2026-05-08T11:57:22.605+0000] {processor.py:161} INFO - Started process (PID=1460) to work on /home/airflow/.local/lib/python3.12/site-packages/airflow/example_dags/example_python_operator.py
[2026-05-08T11:57:22.607+0000] {processor.py:830} INFO - Processing file /home/airflow/.local/lib/python3.12/site-packages/airflow/example_dags/example_python_operator.py for tasks to queue
[2026-05-08T11:57:22.610+0000] {logging_mixin.py:188} INFO - [2026-05-08T11:57:22.609+0000] {dagbag.py:545} INFO - Filling up the DagBag from /home/airflow/.local/lib/python3.12/site-packages/airflow/example_dags/example_python_operator.py
[2026-05-08T11:57:22.624+0000] {processor.py:840} INFO - DAG(s) 'example_python_operator' retrieved from /home/airflow/.local/lib/python3.12/site-packages/airflow/example_dags/example_python_operator.py
[2026-05-08T11:57:22.657+0000] {logging_mixin.py:188} INFO - [2026-05-08T11:57:22.657+0000] {dag.py:3089} INFO - Sync 1 DAGs
[2026-05-08T11:57:22.674+0000] {logging_mixin.py:188} INFO - [2026-05-08T11:57:22.673+0000] {dag.py:3947} INFO - Setting next_dagrun for example_python_operator to None, run_after=None
[2026-05-08T11:57:22.694+0000] {processor.py:183} INFO - Processing /home/airflow/.local/lib/python3.12/site-packages/airflow/example_dags/example_python_operator.py took 0.097 seconds
[2026-05-08T11:57:52.762+0000] {processor.py:161} INFO - Started process (PID=1518) to work on /home/airflow/.local/lib/python3.12/site-packages/airflow/example_dags/example_python_operator.py
[2026-05-08T11:57:52.763+0000] {processor.py:830} INFO - Processing file /home/airflow/.local/lib/python3.12/site-packages/airflow/example_dags/example_python_operator.py for tasks to queue
[2026-05-08T11:57:52.765+0000] {logging_mixin.py:188} INFO - [2026-05-08T11:57:52.765+0000] {dagbag.py:545} INFO - Filling up the DagBag from /home/airflow/.local/lib/python3.12/site-packages/airflow/example_dags/example_python_operator.py
[2026-05-08T11:57:52.775+0000] {processor.py:840} INFO - DAG(s) 'example_python_operator' retrieved from /home/airflow/.local/lib/python3.12/site-packages/airflow/example_dags/example_python_operator.py
[2026-05-08T11:57:52.798+0000] {logging_mixin.py:188} INFO - [2026-05-08T11:57:52.798+0000] {dag.py:3089} INFO - Sync 1 DAGs
[2026-05-08T11:57:52.808+0000] {logging_mixin.py:188} INFO - [2026-05-08T11:57:52.808+0000] {dag.py:3947} INFO - Setting next_dagrun for example_python_operator to None, run_after=None
[2026-05-08T11:57:52.825+0000] {processor.py:183} INFO - Processing /home/airflow/.local/lib/python3.12/site-packages/airflow/example_dags/example_python_operator.py took 0.069 seconds
[2026-05-08T11:58:24.624+0000] {processor.py:161} INFO - Started process (PID=1576) to work on /home/airflow/.local/lib/python3.12/site-packages/airflow/example_dags/example_python_operator.py
[2026-05-08T11:58:24.626+0000] {processor.py:830} INFO - Processing file /home/airflow/.local/lib/python3.12/site-packages/airflow/example_dags/example_python_operator.py for tasks to queue
[2026-05-08T11:58:24.629+0000] {logging_mixin.py:188} INFO - [2026-05-08T11:58:24.628+0000] {dagbag.py:545} INFO - Filling up the DagBag from /home/airflow/.local/lib/python3.12/site-packages/airflow/example_dags/example_python_operator.py
[2026-05-08T11:58:24.644+0000] {processor.py:840} INFO - DAG(s) 'example_python_operator' retrieved from /home/airflow/.local/lib/python3.12/site-packages/airflow/example_dags/example_python_operator.py
[2026-05-08T11:58:24.674+0000] {logging_mixin.py:188} INFO - [2026-05-08T11:58:24.673+0000] {dag.py:3089} INFO - Sync 1 DAGs
[2026-05-08T11:58:24.692+0000] {logging_mixin.py:188} INFO - [2026-05-08T11:58:24.691+0000] {dag.py:3947} INFO - Setting next_dagrun for example_python_operator to None, run_after=None
[2026-05-08T11:58:24.722+0000] {processor.py:183} INFO - Processing /home/airflow/.local/lib/python3.12/site-packages/airflow/example_dags/example_python_operator.py took 0.106 seconds
[2026-05-08T11:58:55.127+0000] {processor.py:161} INFO - Started process (PID=1634) to work on /home/airflow/.local/lib/python3.12/site-packages/airflow/example_dags/example_python_operator.py
[2026-05-08T11:58:55.129+0000] {processor.py:830} INFO - Processing file /home/airflow/.local/lib/python3.12/site-packages/airflow/example_dags/example_python_operator.py for tasks to queue
[2026-05-08T11:58:55.133+0000] {logging_mixin.py:188} INFO - [2026-05-08T11:58:55.132+0000] {dagbag.py:545} INFO - Filling up the DagBag from /home/airflow/.local/lib/python3.12/site-packages/airflow/example_dags/example_python_operator.py
[2026-05-08T11:58:55.147+0000] {processor.py:840} INFO - DAG(s) 'example_python_operator' retrieved from /home/airflow/.local/lib/python3.12/site-packages/airflow/example_dags/example_python_operator.py
[2026-05-08T11:58:55.179+0000] {logging_mixin.py:188} INFO - [2026-05-08T11:58:55.178+0000] {dag.py:3089} INFO - Sync 1 DAGs
[2026-05-08T11:58:55.195+0000] {logging_mixin.py:188} INFO - [2026-05-08T11:58:55.194+0000] {dag.py:3947} INFO - Setting next_dagrun for example_python_operator to None, run_after=None
[2026-05-08T11:58:55.222+0000] {processor.py:183} INFO - Processing /home/airflow/.local/lib/python3.12/site-packages/airflow/example_dags/example_python_operator.py took 0.103 seconds
[2026-05-08T11:59:25.482+0000] {processor.py:161} INFO - Started process (PID=1692) to work on /home/airflow/.local/lib/python3.12/site-packages/airflow/example_dags/example_python_operator.py
[2026-05-08T11:59:25.484+0000] {processor.py:830} INFO - Processing file /home/airflow/.local/lib/python3.12/site-packages/airflow/example_dags/example_python_operator.py for tasks to queue
[2026-05-08T11:59:25.487+0000] {logging_mixin.py:188} INFO - [2026-05-08T11:59:25.487+0000] {dagbag.py:545} INFO - Filling up the DagBag from /home/airflow/.local/lib/python3.12/site-packages/airflow/example_dags/example_python_operator.py
[2026-05-08T11:59:25.502+0000] {processor.py:840} INFO - DAG(s) 'example_python_operator' retrieved from /home/airflow/.local/lib/python3.12/site-packages/airflow/example_dags/example_python_operator.py
[2026-05-08T11:59:25.535+0000] {logging_mixin.py:188} INFO - [2026-05-08T11:59:25.535+0000] {dag.py:3089} INFO - Sync 1 DAGs
[2026-05-08T11:59:25.552+0000] {logging_mixin.py:188} INFO - [2026-05-08T11:59:25.552+0000] {dag.py:3947} INFO - Setting next_dagrun for example_python_operator to None, run_after=None
[2026-05-08T11:59:25.578+0000] {processor.py:183} INFO - Processing /home/airflow/.local/lib/python3.12/site-packages/airflow/example_dags/example_python_operator.py took 0.104 seconds
[2026-05-08T13:36:16.495+0000] {processor.py:161} INFO - Started process (PID=63) to work on /home/airflow/.local/lib/python3.12/site-packages/airflow/example_dags/example_python_operator.py
[2026-05-08T13:36:16.496+0000] {processor.py:830} INFO - Processing file /home/airflow/.local/lib/python3.12/site-packages/airflow/example_dags/example_python_operator.py for tasks to queue
[2026-05-08T13:36:16.499+0000] {logging_mixin.py:188} INFO - [2026-05-08T13:36:16.498+0000] {dagbag.py:545} INFO - Filling up the DagBag from /home/airflow/.local/lib/python3.12/site-packages/airflow/example_dags/example_python_operator.py
[2026-05-08T13:36:16.514+0000] {processor.py:840} INFO - DAG(s) 'example_python_operator' retrieved from /home/airflow/.local/lib/python3.12/site-packages/airflow/example_dags/example_python_operator.py
[2026-05-08T13:36:16.624+0000] {logging_mixin.py:188} INFO - [2026-05-08T13:36:16.623+0000] {dag.py:3089} INFO - Sync 1 DAGs
[2026-05-08T13:36:16.634+0000] {logging_mixin.py:188} INFO - [2026-05-08T13:36:16.634+0000] {dag.py:3947} INFO - Setting next_dagrun for example_python_operator to None, run_after=None
[2026-05-08T13:36:16.654+0000] {processor.py:183} INFO - Processing /home/airflow/.local/lib/python3.12/site-packages/airflow/example_dags/example_python_operator.py took 0.167 seconds
[2026-05-08T13:36:47.496+0000] {processor.py:161} INFO - Started process (PID=121) to work on /home/airflow/.local/lib/python3.12/site-packages/airflow/example_dags/example_python_operator.py
[2026-05-08T13:36:47.497+0000] {processor.py:830} INFO - Processing file /home/airflow/.local/lib/python3.12/site-packages/airflow/example_dags/example_python_operator.py for tasks to queue
[2026-05-08T13:36:47.499+0000] {logging_mixin.py:188} INFO - [2026-05-08T13:36:47.498+0000] {dagbag.py:545} INFO - Filling up the DagBag from /home/airflow/.local/lib/python3.12/site-packages/airflow/example_dags/example_python_operator.py
[2026-05-08T13:36:47.510+0000] {processor.py:840} INFO - DAG(s) 'example_python_operator' retrieved from /home/airflow/.local/lib/python3.12/site-packages/airflow/example_dags/example_python_operator.py
[2026-05-08T13:36:47.531+0000] {logging_mixin.py:188} INFO - [2026-05-08T13:36:47.531+0000] {dag.py:3089} INFO - Sync 1 DAGs
[2026-05-08T13:36:47.541+0000] {logging_mixin.py:188} INFO - [2026-05-08T13:36:47.541+0000] {dag.py:3947} INFO - Setting next_dagrun for example_python_operator to None, run_after=None
[2026-05-08T13:36:47.555+0000] {processor.py:183} INFO - Processing /home/airflow/.local/lib/python3.12/site-packages/airflow/example_dags/example_python_operator.py took 0.064 seconds
[2026-05-08T13:37:18.031+0000] {processor.py:161} INFO - Started process (PID=179) to work on /home/airflow/.local/lib/python3.12/site-packages/airflow/example_dags/example_python_operator.py
[2026-05-08T13:37:18.032+0000] {processor.py:830} INFO - Processing file /home/airflow/.local/lib/python3.12/site-packages/airflow/example_dags/example_python_operator.py for tasks to queue
[2026-05-08T13:37:18.033+0000] {logging_mixin.py:188} INFO - [2026-05-08T13:37:18.033+0000] {dagbag.py:545} INFO - Filling up the DagBag from /home/airflow/.local/lib/python3.12/site-packages/airflow/example_dags/example_python_operator.py
[2026-05-08T13:37:18.041+0000] {processor.py:840} INFO - DAG(s) 'example_python_operator' retrieved from /home/airflow/.local/lib/python3.12/site-packages/airflow/example_dags/example_python_operator.py
[2026-05-08T13:37:18.054+0000] {logging_mixin.py:188} INFO - [2026-05-08T13:37:18.053+0000] {dag.py:3089} INFO - Sync 1 DAGs
[2026-05-08T13:37:18.066+0000] {logging_mixin.py:188} INFO - [2026-05-08T13:37:18.066+0000] {dag.py:3947} INFO - Setting next_dagrun for example_python_operator to None, run_after=None
[2026-05-08T13:37:18.083+0000] {processor.py:183} INFO - Processing /home/airflow/.local/lib/python3.12/site-packages/airflow/example_dags/example_python_operator.py took 0.059 seconds
[2026-05-08T13:37:48.943+0000] {processor.py:161} INFO - Started process (PID=243) to work on /home/airflow/.local/lib/python3.12/site-packages/airflow/example_dags/example_python_operator.py
[2026-05-08T13:37:48.944+0000] {processor.py:830} INFO - Processing file /home/airflow/.local/lib/python3.12/site-packages/airflow/example_dags/example_python_operator.py for tasks to queue
[2026-05-08T13:37:48.945+0000] {logging_mixin.py:188} INFO - [2026-05-08T13:37:48.945+0000] {dagbag.py:545} INFO - Filling up the DagBag from /home/airflow/.local/lib/python3.12/site-packages/airflow/example_dags/example_python_operator.py
[2026-05-08T13:37:48.953+0000] {processor.py:840} INFO - DAG(s) 'example_python_operator' retrieved from /home/airflow/.local/lib/python3.12/site-packages/airflow/example_dags/example_python_operator.py
[2026-05-08T13:37:49.028+0000] {logging_mixin.py:188} INFO - [2026-05-08T13:37:49.027+0000] {dag.py:3089} INFO - Sync 1 DAGs
[2026-05-08T13:37:49.035+0000] {logging_mixin.py:188} INFO - [2026-05-08T13:37:49.034+0000] {dag.py:3947} INFO - Setting next_dagrun for example_python_operator to None, run_after=None
[2026-05-08T13:37:49.048+0000] {processor.py:183} INFO - Processing /home/airflow/.local/lib/python3.12/site-packages/airflow/example_dags/example_python_operator.py took 0.109 seconds
[2026-05-08T13:38:19.777+0000] {processor.py:161} INFO - Started process (PID=301) to work on /home/airflow/.local/lib/python3.12/site-packages/airflow/example_dags/example_python_operator.py
[2026-05-08T13:38:19.777+0000] {processor.py:830} INFO - Processing file /home/airflow/.local/lib/python3.12/site-packages/airflow/example_dags/example_python_operator.py for tasks to queue
[2026-05-08T13:38:19.779+0000] {logging_mixin.py:188} INFO - [2026-05-08T13:38:19.779+0000] {dagbag.py:545} INFO - Filling up the DagBag from /home/airflow/.local/lib/python3.12/site-packages/airflow/example_dags/example_python_operator.py
[2026-05-08T13:38:19.788+0000] {processor.py:840} INFO - DAG(s) 'example_python_operator' retrieved from /home/airflow/.local/lib/python3.12/site-packages/airflow/example_dags/example_python_operator.py
[2026-05-08T13:38:19.807+0000] {logging_mixin.py:188} INFO - [2026-05-08T13:38:19.807+0000] {dag.py:3089} INFO - Sync 1 DAGs
[2026-05-08T13:38:19.819+0000] {logging_mixin.py:188} INFO - [2026-05-08T13:38:19.819+0000] {dag.py:3947} INFO - Setting next_dagrun for example_python_operator to None, run_after=None
[2026-05-08T13:38:19.835+0000] {processor.py:183} INFO - Processing /home/airflow/.local/lib/python3.12/site-packages/airflow/example_dags/example_python_operator.py took 0.063 seconds
[2026-05-08T13:38:50.155+0000] {processor.py:161} INFO - Started process (PID=359) to work on /home/airflow/.local/lib/python3.12/site-packages/airflow/example_dags/example_python_operator.py
[2026-05-08T13:38:50.156+0000] {processor.py:830} INFO - Processing file /home/airflow/.local/lib/python3.12/site-packages/airflow/example_dags/example_python_operator.py for tasks to queue
[2026-05-08T13:38:50.158+0000] {logging_mixin.py:188} INFO - [2026-05-08T13:38:50.157+0000] {dagbag.py:545} INFO - Filling up the DagBag from /home/airflow/.local/lib/python3.12/site-packages/airflow/example_dags/example_python_operator.py
[2026-05-08T13:38:50.167+0000] {processor.py:840} INFO - DAG(s) 'example_python_operator' retrieved from /home/airflow/.local/lib/python3.12/site-packages/airflow/example_dags/example_python_operator.py
[2026-05-08T13:38:50.186+0000] {logging_mixin.py:188} INFO - [2026-05-08T13:38:50.186+0000] {dag.py:3089} INFO - Sync 1 DAGs
[2026-05-08T13:38:50.196+0000] {logging_mixin.py:188} INFO - [2026-05-08T13:38:50.196+0000] {dag.py:3947} INFO - Setting next_dagrun for example_python_operator to None, run_after=None
[2026-05-08T13:38:50.211+0000] {processor.py:183} INFO - Processing /home/airflow/.local/lib/python3.12/site-packages/airflow/example_dags/example_python_operator.py took 0.062 seconds
[2026-05-08T13:39:20.656+0000] {processor.py:161} INFO - Started process (PID=417) to work on /home/airflow/.local/lib/python3.12/site-packages/airflow/example_dags/example_python_operator.py
[2026-05-08T13:39:20.657+0000] {processor.py:830} INFO - Processing file /home/airflow/.local/lib/python3.12/site-packages/airflow/example_dags/example_python_operator.py for tasks to queue
[2026-05-08T13:39:20.658+0000] {logging_mixin.py:188} INFO - [2026-05-08T13:39:20.658+0000] {dagbag.py:545} INFO - Filling up the DagBag from /home/airflow/.local/lib/python3.12/site-packages/airflow/example_dags/example_python_operator.py
[2026-05-08T13:39:20.667+0000] {processor.py:840} INFO - DAG(s) 'example_python_operator' retrieved from /home/airflow/.local/lib/python3.12/site-packages/airflow/example_dags/example_python_operator.py
[2026-05-08T13:39:20.685+0000] {logging_mixin.py:188} INFO - [2026-05-08T13:39:20.684+0000] {dag.py:3089} INFO - Sync 1 DAGs
[2026-05-08T13:39:20.694+0000] {logging_mixin.py:188} INFO - [2026-05-08T13:39:20.693+0000] {dag.py:3947} INFO - Setting next_dagrun for example_python_operator to None, run_after=None
[2026-05-08T13:39:20.709+0000] {processor.py:183} INFO - Processing /home/airflow/.local/lib/python3.12/site-packages/airflow/example_dags/example_python_operator.py took 0.058 seconds
[2026-05-08T13:39:51.138+0000] {processor.py:161} INFO - Started process (PID=475) to work on /home/airflow/.local/lib/python3.12/site-packages/airflow/example_dags/example_python_operator.py
[2026-05-08T13:39:51.139+0000] {processor.py:830} INFO - Processing file /home/airflow/.local/lib/python3.12/site-packages/airflow/example_dags/example_python_operator.py for tasks to queue
[2026-05-08T13:39:51.141+0000] {logging_mixin.py:188} INFO - [2026-05-08T13:39:51.141+0000] {dagbag.py:545} INFO - Filling up the DagBag from /home/airflow/.local/lib/python3.12/site-packages/airflow/example_dags/example_python_operator.py
[2026-05-08T13:39:51.149+0000] {processor.py:840} INFO - DAG(s) 'example_python_operator' retrieved from /home/airflow/.local/lib/python3.12/site-packages/airflow/example_dags/example_python_operator.py
[2026-05-08T13:39:51.168+0000] {logging_mixin.py:188} INFO - [2026-05-08T13:39:51.168+0000] {dag.py:3089} INFO - Sync 1 DAGs
[2026-05-08T13:39:51.179+0000] {logging_mixin.py:188} INFO - [2026-05-08T13:39:51.178+0000] {dag.py:3947} INFO - Setting next_dagrun for example_python_operator to None, run_after=None
[2026-05-08T13:39:51.193+0000] {processor.py:183} INFO - Processing /home/airflow/.local/lib/python3.12/site-packages/airflow/example_dags/example_python_operator.py took 0.060 seconds
[2026-05-08T13:40:21.449+0000] {processor.py:161} INFO - Started process (PID=533) to work on /home/airflow/.local/lib/python3.12/site-packages/airflow/example_dags/example_python_operator.py
[2026-05-08T13:40:21.450+0000] {processor.py:830} INFO - Processing file /home/airflow/.local/lib/python3.12/site-packages/airflow/example_dags/example_python_operator.py for tasks to queue
[2026-05-08T13:40:21.452+0000] {logging_mixin.py:188} INFO - [2026-05-08T13:40:21.451+0000] {dagbag.py:545} INFO - Filling up the DagBag from /home/airflow/.local/lib/python3.12/site-packages/airflow/example_dags/example_python_operator.py
[2026-05-08T13:40:21.460+0000] {processor.py:840} INFO - DAG(s) 'example_python_operator' retrieved from /home/airflow/.local/lib/python3.12/site-packages/airflow/example_dags/example_python_operator.py
[2026-05-08T13:40:21.477+0000] {logging_mixin.py:188} INFO - [2026-05-08T13:40:21.477+0000] {dag.py:3089} INFO - Sync 1 DAGs
[2026-05-08T13:40:21.485+0000] {logging_mixin.py:188} INFO - [2026-05-08T13:40:21.485+0000] {dag.py:3947} INFO - Setting next_dagrun for example_python_operator to None, run_after=None
[2026-05-08T13:40:21.498+0000] {processor.py:183} INFO - Processing /home/airflow/.local/lib/python3.12/site-packages/airflow/example_dags/example_python_operator.py took 0.053 seconds
[2026-05-08T13:40:51.765+0000] {processor.py:161} INFO - Started process (PID=591) to work on /home/airflow/.local/lib/python3.12/site-packages/airflow/example_dags/example_python_operator.py
[2026-05-08T13:40:51.766+0000] {processor.py:830} INFO - Processing file /home/airflow/.local/lib/python3.12/site-packages/airflow/example_dags/example_python_operator.py for tasks to queue
[2026-05-08T13:40:51.767+0000] {logging_mixin.py:188} INFO - [2026-05-08T13:40:51.767+0000] {dagbag.py:545} INFO - Filling up the DagBag from /home/airflow/.local/lib/python3.12/site-packages/airflow/example_dags/example_python_operator.py
[2026-05-08T13:40:51.775+0000] {processor.py:840} INFO - DAG(s) 'example_python_operator' retrieved from /home/airflow/.local/lib/python3.12/site-packages/airflow/example_dags/example_python_operator.py
[2026-05-08T13:40:51.792+0000] {logging_mixin.py:188} INFO - [2026-05-08T13:40:51.792+0000] {dag.py:3089} INFO - Sync 1 DAGs
[2026-05-08T13:40:51.804+0000] {logging_mixin.py:188} INFO - [2026-05-08T13:40:51.804+0000] {dag.py:3947} INFO - Setting next_dagrun for example_python_operator to None, run_after=None
[2026-05-08T13:40:51.817+0000] {processor.py:183} INFO - Processing /home/airflow/.local/lib/python3.12/site-packages/airflow/example_dags/example_python_operator.py took 0.056 seconds
[2026-05-08T13:41:22.020+0000] {processor.py:161} INFO - Started process (PID=649) to work on /home/airflow/.local/lib/python3.12/site-packages/airflow/example_dags/example_python_operator.py
[2026-05-08T13:41:22.021+0000] {processor.py:830} INFO - Processing file /home/airflow/.local/lib/python3.12/site-packages/airflow/example_dags/example_python_operator.py for tasks to queue
[2026-05-08T13:41:22.023+0000] {logging_mixin.py:188} INFO - [2026-05-08T13:41:22.023+0000] {dagbag.py:545} INFO - Filling up the DagBag from /home/airflow/.local/lib/python3.12/site-packages/airflow/example_dags/example_python_operator.py
[2026-05-08T13:41:22.034+0000] {processor.py:840} INFO - DAG(s) 'example_python_operator' retrieved from /home/airflow/.local/lib/python3.12/site-packages/airflow/example_dags/example_python_operator.py
[2026-05-08T13:41:22.052+0000] {logging_mixin.py:188} INFO - [2026-05-08T13:41:22.052+0000] {dag.py:3089} INFO - Sync 1 DAGs
[2026-05-08T13:41:22.061+0000] {logging_mixin.py:188} INFO - [2026-05-08T13:41:22.061+0000] {dag.py:3947} INFO - Setting next_dagrun for example_python_operator to None, run_after=None
[2026-05-08T13:41:22.074+0000] {processor.py:183} INFO - Processing /home/airflow/.local/lib/python3.12/site-packages/airflow/example_dags/example_python_operator.py took 0.058 seconds
[2026-05-08T13:41:52.350+0000] {processor.py:161} INFO - Started process (PID=707) to work on /home/airflow/.local/lib/python3.12/site-packages/airflow/example_dags/example_python_operator.py
[2026-05-08T13:41:52.351+0000] {processor.py:830} INFO - Processing file /home/airflow/.local/lib/python3.12/site-packages/airflow/example_dags/example_python_operator.py for tasks to queue
[2026-05-08T13:41:52.353+0000] {logging_mixin.py:188} INFO - [2026-05-08T13:41:52.352+0000] {dagbag.py:545} INFO - Filling up the DagBag from /home/airflow/.local/lib/python3.12/site-packages/airflow/example_dags/example_python_operator.py
[2026-05-08T13:41:52.361+0000] {processor.py:840} INFO - DAG(s) 'example_python_operator' retrieved from /home/airflow/.local/lib/python3.12/site-packages/airflow/example_dags/example_python_operator.py
[2026-05-08T13:41:52.377+0000] {logging_mixin.py:188} INFO - [2026-05-08T13:41:52.377+0000] {dag.py:3089} INFO - Sync 1 DAGs
[2026-05-08T13:41:52.386+0000] {logging_mixin.py:188} INFO - [2026-05-08T13:41:52.386+0000] {dag.py:3947} INFO - Setting next_dagrun for example_python_operator to None, run_after=None
[2026-05-08T13:41:52.400+0000] {processor.py:183} INFO - Processing /home/airflow/.local/lib/python3.12/site-packages/airflow/example_dags/example_python_operator.py took 0.054 seconds
[2026-05-08T13:42:22.642+0000] {processor.py:161} INFO - Started process (PID=765) to work on /home/airflow/.local/lib/python3.12/site-packages/airflow/example_dags/example_python_operator.py
[2026-05-08T13:42:22.643+0000] {processor.py:830} INFO - Processing file /home/airflow/.local/lib/python3.12/site-packages/airflow/example_dags/example_python_operator.py for tasks to queue
[2026-05-08T13:42:22.645+0000] {logging_mixin.py:188} INFO - [2026-05-08T13:42:22.644+0000] {dagbag.py:545} INFO - Filling up the DagBag from /home/airflow/.local/lib/python3.12/site-packages/airflow/example_dags/example_python_operator.py
[2026-05-08T13:42:22.653+0000] {processor.py:840} INFO - DAG(s) 'example_python_operator' retrieved from /home/airflow/.local/lib/python3.12/site-packages/airflow/example_dags/example_python_operator.py
[2026-05-08T13:42:22.671+0000] {logging_mixin.py:188} INFO - [2026-05-08T13:42:22.671+0000] {dag.py:3089} INFO - Sync 1 DAGs
[2026-05-08T13:42:22.683+0000] {logging_mixin.py:188} INFO - [2026-05-08T13:42:22.682+0000] {dag.py:3947} INFO - Setting next_dagrun for example_python_operator to None, run_after=None
[2026-05-08T13:42:22.695+0000] {processor.py:183} INFO - Processing /home/airflow/.local/lib/python3.12/site-packages/airflow/example_dags/example_python_operator.py took 0.058 seconds
[2026-05-08T13:42:52.900+0000] {processor.py:161} INFO - Started process (PID=823) to work on /home/airflow/.local/lib/python3.12/site-packages/airflow/example_dags/example_python_operator.py
[2026-05-08T13:42:52.901+0000] {processor.py:830} INFO - Processing file /home/airflow/.local/lib/python3.12/site-packages/airflow/example_dags/example_python_operator.py for tasks to queue
[2026-05-08T13:42:52.903+0000] {logging_mixin.py:188} INFO - [2026-05-08T13:42:52.902+0000] {dagbag.py:545} INFO - Filling up the DagBag from /home/airflow/.local/lib/python3.12/site-packages/airflow/example_dags/example_python_operator.py
[2026-05-08T13:42:52.911+0000] {processor.py:840} INFO - DAG(s) 'example_python_operator' retrieved from /home/airflow/.local/lib/python3.12/site-packages/airflow/example_dags/example_python_operator.py
[2026-05-08T13:42:52.929+0000] {logging_mixin.py:188} INFO - [2026-05-08T13:42:52.928+0000] {dag.py:3089} INFO - Sync 1 DAGs
[2026-05-08T13:42:52.938+0000] {logging_mixin.py:188} INFO - [2026-05-08T13:42:52.938+0000] {dag.py:3947} INFO - Setting next_dagrun for example_python_operator to None, run_after=None
[2026-05-08T13:42:52.951+0000] {processor.py:183} INFO - Processing /home/airflow/.local/lib/python3.12/site-packages/airflow/example_dags/example_python_operator.py took 0.055 seconds
[2026-05-08T13:43:23.356+0000] {processor.py:161} INFO - Started process (PID=881) to work on /home/airflow/.local/lib/python3.12/site-packages/airflow/example_dags/example_python_operator.py
[2026-05-08T13:43:23.357+0000] {processor.py:830} INFO - Processing file /home/airflow/.local/lib/python3.12/site-packages/airflow/example_dags/example_python_operator.py for tasks to queue
[2026-05-08T13:43:23.359+0000] {logging_mixin.py:188} INFO - [2026-05-08T13:43:23.358+0000] {dagbag.py:545} INFO - Filling up the DagBag from /home/airflow/.local/lib/python3.12/site-packages/airflow/example_dags/example_python_operator.py
[2026-05-08T13:43:23.366+0000] {processor.py:840} INFO - DAG(s) 'example_python_operator' retrieved from /home/airflow/.local/lib/python3.12/site-packages/airflow/example_dags/example_python_operator.py
[2026-05-08T13:43:23.383+0000] {logging_mixin.py:188} INFO - [2026-05-08T13:43:23.383+0000] {dag.py:3089} INFO - Sync 1 DAGs
[2026-05-08T13:43:23.391+0000] {logging_mixin.py:188} INFO - [2026-05-08T13:43:23.391+0000] {dag.py:3947} INFO - Setting next_dagrun for example_python_operator to None, run_after=None
[2026-05-08T13:43:23.403+0000] {processor.py:183} INFO - Processing /home/airflow/.local/lib/python3.12/site-packages/airflow/example_dags/example_python_operator.py took 0.052 seconds
[2026-05-08T13:43:53.992+0000] {processor.py:161} INFO - Started process (PID=939) to work on /home/airflow/.local/lib/python3.12/site-packages/airflow/example_dags/example_python_operator.py
[2026-05-08T13:43:53.993+0000] {processor.py:830} INFO - Processing file /home/airflow/.local/lib/python3.12/site-packages/airflow/example_dags/example_python_operator.py for tasks to queue
[2026-05-08T13:43:53.994+0000] {logging_mixin.py:188} INFO - [2026-05-08T13:43:53.994+0000] {dagbag.py:545} INFO - Filling up the DagBag from /home/airflow/.local/lib/python3.12/site-packages/airflow/example_dags/example_python_operator.py
[2026-05-08T13:43:54.003+0000] {processor.py:840} INFO - DAG(s) 'example_python_operator' retrieved from /home/airflow/.local/lib/python3.12/site-packages/airflow/example_dags/example_python_operator.py
[2026-05-08T13:43:54.022+0000] {logging_mixin.py:188} INFO - [2026-05-08T13:43:54.022+0000] {dag.py:3089} INFO - Sync 1 DAGs
[2026-05-08T13:43:54.035+0000] {logging_mixin.py:188} INFO - [2026-05-08T13:43:54.035+0000] {dag.py:3947} INFO - Setting next_dagrun for example_python_operator to None, run_after=None
[2026-05-08T13:43:54.050+0000] {processor.py:183} INFO - Processing /home/airflow/.local/lib/python3.12/site-packages/airflow/example_dags/example_python_operator.py took 0.063 seconds
[2026-05-08T17:11:45.653+0000] {processor.py:161} INFO - Started process (PID=70) to work on /home/airflow/.local/lib/python3.12/site-packages/airflow/example_dags/example_python_operator.py
[2026-05-08T17:11:45.654+0000] {processor.py:830} INFO - Processing file /home/airflow/.local/lib/python3.12/site-packages/airflow/example_dags/example_python_operator.py for tasks to queue
[2026-05-08T17:11:45.657+0000] {logging_mixin.py:188} INFO - [2026-05-08T17:11:45.657+0000] {dagbag.py:545} INFO - Filling up the DagBag from /home/airflow/.local/lib/python3.12/site-packages/airflow/example_dags/example_python_operator.py
[2026-05-08T17:11:45.666+0000] {processor.py:840} INFO - DAG(s) 'example_python_operator' retrieved from /home/airflow/.local/lib/python3.12/site-packages/airflow/example_dags/example_python_operator.py
[2026-05-08T17:11:45.791+0000] {logging_mixin.py:188} INFO - [2026-05-08T17:11:45.790+0000] {override.py:1858} INFO - Created Permission View: can delete on DAG:example_python_operator
[2026-05-08T17:11:45.802+0000] {logging_mixin.py:188} INFO - [2026-05-08T17:11:45.802+0000] {override.py:1858} INFO - Created Permission View: can read on DAG:example_python_operator
[2026-05-08T17:11:45.809+0000] {logging_mixin.py:188} INFO - [2026-05-08T17:11:45.809+0000] {override.py:1858} INFO - Created Permission View: can edit on DAG:example_python_operator
[2026-05-08T17:11:45.810+0000] {logging_mixin.py:188} INFO - [2026-05-08T17:11:45.809+0000] {dag.py:3089} INFO - Sync 1 DAGs
[2026-05-08T17:11:45.825+0000] {logging_mixin.py:188} INFO - [2026-05-08T17:11:45.824+0000] {dag.py:3111} INFO - Creating ORM DAG for example_python_operator
[2026-05-08T17:11:45.826+0000] {logging_mixin.py:188} INFO - [2026-05-08T17:11:45.826+0000] {dag.py:3947} INFO - Setting next_dagrun for example_python_operator to None, run_after=None
[2026-05-08T17:11:45.846+0000] {processor.py:183} INFO - Processing /home/airflow/.local/lib/python3.12/site-packages/airflow/example_dags/example_python_operator.py took 0.200 seconds
[2026-05-08T17:12:16.121+0000] {processor.py:161} INFO - Started process (PID=128) to work on /home/airflow/.local/lib/python3.12/site-packages/airflow/example_dags/example_python_operator.py
[2026-05-08T17:12:16.122+0000] {processor.py:830} INFO - Processing file /home/airflow/.local/lib/python3.12/site-packages/airflow/example_dags/example_python_operator.py for tasks to queue
[2026-05-08T17:12:16.124+0000] {logging_mixin.py:188} INFO - [2026-05-08T17:12:16.124+0000] {dagbag.py:545} INFO - Filling up the DagBag from /home/airflow/.local/lib/python3.12/site-packages/airflow/example_dags/example_python_operator.py
[2026-05-08T17:12:16.133+0000] {processor.py:840} INFO - DAG(s) 'example_python_operator' retrieved from /home/airflow/.local/lib/python3.12/site-packages/airflow/example_dags/example_python_operator.py
[2026-05-08T17:12:16.154+0000] {logging_mixin.py:188} INFO - [2026-05-08T17:12:16.154+0000] {dag.py:3089} INFO - Sync 1 DAGs
[2026-05-08T17:12:16.165+0000] {logging_mixin.py:188} INFO - [2026-05-08T17:12:16.165+0000] {dag.py:3947} INFO - Setting next_dagrun for example_python_operator to None, run_after=None
[2026-05-08T17:12:16.179+0000] {processor.py:183} INFO - Processing /home/airflow/.local/lib/python3.12/site-packages/airflow/example_dags/example_python_operator.py took 0.064 seconds
[2026-05-08T17:12:46.273+0000] {processor.py:161} INFO - Started process (PID=186) to work on /home/airflow/.local/lib/python3.12/site-packages/airflow/example_dags/example_python_operator.py
[2026-05-08T17:12:46.274+0000] {processor.py:830} INFO - Processing file /home/airflow/.local/lib/python3.12/site-packages/airflow/example_dags/example_python_operator.py for tasks to queue
[2026-05-08T17:12:46.276+0000] {logging_mixin.py:188} INFO - [2026-05-08T17:12:46.275+0000] {dagbag.py:545} INFO - Filling up the DagBag from /home/airflow/.local/lib/python3.12/site-packages/airflow/example_dags/example_python_operator.py
[2026-05-08T17:12:46.285+0000] {processor.py:840} INFO - DAG(s) 'example_python_operator' retrieved from /home/airflow/.local/lib/python3.12/site-packages/airflow/example_dags/example_python_operator.py
[2026-05-08T17:12:46.304+0000] {logging_mixin.py:188} INFO - [2026-05-08T17:12:46.304+0000] {dag.py:3089} INFO - Sync 1 DAGs
[2026-05-08T17:12:46.315+0000] {logging_mixin.py:188} INFO - [2026-05-08T17:12:46.315+0000] {dag.py:3947} INFO - Setting next_dagrun for example_python_operator to None, run_after=None
[2026-05-08T17:12:46.328+0000] {processor.py:183} INFO - Processing /home/airflow/.local/lib/python3.12/site-packages/airflow/example_dags/example_python_operator.py took 0.061 seconds
[2026-05-08T17:13:16.790+0000] {processor.py:161} INFO - Started process (PID=244) to work on /home/airflow/.local/lib/python3.12/site-packages/airflow/example_dags/example_python_operator.py
[2026-05-08T17:13:16.790+0000] {processor.py:830} INFO - Processing file /home/airflow/.local/lib/python3.12/site-packages/airflow/example_dags/example_python_operator.py for tasks to queue
[2026-05-08T17:13:16.792+0000] {logging_mixin.py:188} INFO - [2026-05-08T17:13:16.792+0000] {dagbag.py:545} INFO - Filling up the DagBag from /home/airflow/.local/lib/python3.12/site-packages/airflow/example_dags/example_python_operator.py
[2026-05-08T17:13:16.801+0000] {processor.py:840} INFO - DAG(s) 'example_python_operator' retrieved from /home/airflow/.local/lib/python3.12/site-packages/airflow/example_dags/example_python_operator.py
[2026-05-08T17:13:16.823+0000] {logging_mixin.py:188} INFO - [2026-05-08T17:13:16.823+0000] {dag.py:3089} INFO - Sync 1 DAGs
[2026-05-08T17:13:16.833+0000] {logging_mixin.py:188} INFO - [2026-05-08T17:13:16.833+0000] {dag.py:3947} INFO - Setting next_dagrun for example_python_operator to None, run_after=None
[2026-05-08T17:13:16.847+0000] {processor.py:183} INFO - Processing /home/airflow/.local/lib/python3.12/site-packages/airflow/example_dags/example_python_operator.py took 0.063 seconds
[2026-05-08T17:13:47.026+0000] {processor.py:161} INFO - Started process (PID=302) to work on /home/airflow/.local/lib/python3.12/site-packages/airflow/example_dags/example_python_operator.py
[2026-05-08T17:13:47.027+0000] {processor.py:830} INFO - Processing file /home/airflow/.local/lib/python3.12/site-packages/airflow/example_dags/example_python_operator.py for tasks to queue
[2026-05-08T17:13:47.029+0000] {logging_mixin.py:188} INFO - [2026-05-08T17:13:47.029+0000] {dagbag.py:545} INFO - Filling up the DagBag from /home/airflow/.local/lib/python3.12/site-packages/airflow/example_dags/example_python_operator.py
[2026-05-08T17:13:47.038+0000] {processor.py:840} INFO - DAG(s) 'example_python_operator' retrieved from /home/airflow/.local/lib/python3.12/site-packages/airflow/example_dags/example_python_operator.py
[2026-05-08T17:13:47.058+0000] {logging_mixin.py:188} INFO - [2026-05-08T17:13:47.058+0000] {dag.py:3089} INFO - Sync 1 DAGs
[2026-05-08T17:13:47.074+0000] {logging_mixin.py:188} INFO - [2026-05-08T17:13:47.074+0000] {dag.py:3947} INFO - Setting next_dagrun for example_python_operator to None, run_after=None
[2026-05-08T17:13:47.093+0000] {processor.py:183} INFO - Processing /home/airflow/.local/lib/python3.12/site-packages/airflow/example_dags/example_python_operator.py took 0.073 seconds
[2026-05-08T17:14:17.323+0000] {processor.py:161} INFO - Started process (PID=360) to work on /home/airflow/.local/lib/python3.12/site-packages/airflow/example_dags/example_python_operator.py
[2026-05-08T17:14:17.324+0000] {processor.py:830} INFO - Processing file /home/airflow/.local/lib/python3.12/site-packages/airflow/example_dags/example_python_operator.py for tasks to queue
[2026-05-08T17:14:17.325+0000] {logging_mixin.py:188} INFO - [2026-05-08T17:14:17.325+0000] {dagbag.py:545} INFO - Filling up the DagBag from /home/airflow/.local/lib/python3.12/site-packages/airflow/example_dags/example_python_operator.py
[2026-05-08T17:14:17.334+0000] {processor.py:840} INFO - DAG(s) 'example_python_operator' retrieved from /home/airflow/.local/lib/python3.12/site-packages/airflow/example_dags/example_python_operator.py
[2026-05-08T17:14:17.352+0000] {logging_mixin.py:188} INFO - [2026-05-08T17:14:17.352+0000] {dag.py:3089} INFO - Sync 1 DAGs
[2026-05-08T17:14:17.362+0000] {logging_mixin.py:188} INFO - [2026-05-08T17:14:17.361+0000] {dag.py:3947} INFO - Setting next_dagrun for example_python_operator to None, run_after=None
[2026-05-08T17:14:17.375+0000] {processor.py:183} INFO - Processing /home/airflow/.local/lib/python3.12/site-packages/airflow/example_dags/example_python_operator.py took 0.058 seconds
[2026-05-08T17:14:47.648+0000] {processor.py:161} INFO - Started process (PID=418) to work on /home/airflow/.local/lib/python3.12/site-packages/airflow/example_dags/example_python_operator.py
[2026-05-08T17:14:47.649+0000] {processor.py:830} INFO - Processing file /home/airflow/.local/lib/python3.12/site-packages/airflow/example_dags/example_python_operator.py for tasks to queue
[2026-05-08T17:14:47.651+0000] {logging_mixin.py:188} INFO - [2026-05-08T17:14:47.650+0000] {dagbag.py:545} INFO - Filling up the DagBag from /home/airflow/.local/lib/python3.12/site-packages/airflow/example_dags/example_python_operator.py
[2026-05-08T17:14:47.659+0000] {processor.py:840} INFO - DAG(s) 'example_python_operator' retrieved from /home/airflow/.local/lib/python3.12/site-packages/airflow/example_dags/example_python_operator.py
[2026-05-08T17:14:47.677+0000] {logging_mixin.py:188} INFO - [2026-05-08T17:14:47.677+0000] {dag.py:3089} INFO - Sync 1 DAGs
[2026-05-08T17:14:47.687+0000] {logging_mixin.py:188} INFO - [2026-05-08T17:14:47.687+0000] {dag.py:3947} INFO - Setting next_dagrun for example_python_operator to None, run_after=None
[2026-05-08T17:14:47.701+0000] {processor.py:183} INFO - Processing /home/airflow/.local/lib/python3.12/site-packages/airflow/example_dags/example_python_operator.py took 0.058 seconds
[2026-05-08T17:15:18.029+0000] {processor.py:161} INFO - Started process (PID=476) to work on /home/airflow/.local/lib/python3.12/site-packages/airflow/example_dags/example_python_operator.py
[2026-05-08T17:15:18.030+0000] {processor.py:830} INFO - Processing file /home/airflow/.local/lib/python3.12/site-packages/airflow/example_dags/example_python_operator.py for tasks to queue
[2026-05-08T17:15:18.031+0000] {logging_mixin.py:188} INFO - [2026-05-08T17:15:18.031+0000] {dagbag.py:545} INFO - Filling up the DagBag from /home/airflow/.local/lib/python3.12/site-packages/airflow/example_dags/example_python_operator.py
[2026-05-08T17:15:18.040+0000] {processor.py:840} INFO - DAG(s) 'example_python_operator' retrieved from /home/airflow/.local/lib/python3.12/site-packages/airflow/example_dags/example_python_operator.py
[2026-05-08T17:15:18.060+0000] {logging_mixin.py:188} INFO - [2026-05-08T17:15:18.059+0000] {dag.py:3089} INFO - Sync 1 DAGs
[2026-05-08T17:15:18.070+0000] {logging_mixin.py:188} INFO - [2026-05-08T17:15:18.070+0000] {dag.py:3947} INFO - Setting next_dagrun for example_python_operator to None, run_after=None
[2026-05-08T17:15:18.085+0000] {processor.py:183} INFO - Processing /home/airflow/.local/lib/python3.12/site-packages/airflow/example_dags/example_python_operator.py took 0.062 seconds
[2026-05-08T17:15:48.869+0000] {processor.py:161} INFO - Started process (PID=534) to work on /home/airflow/.local/lib/python3.12/site-packages/airflow/example_dags/example_python_operator.py
[2026-05-08T17:15:48.870+0000] {processor.py:830} INFO - Processing file /home/airflow/.local/lib/python3.12/site-packages/airflow/example_dags/example_python_operator.py for tasks to queue
[2026-05-08T17:15:48.871+0000] {logging_mixin.py:188} INFO - [2026-05-08T17:15:48.871+0000] {dagbag.py:545} INFO - Filling up the DagBag from /home/airflow/.local/lib/python3.12/site-packages/airflow/example_dags/example_python_operator.py
[2026-05-08T17:15:48.880+0000] {processor.py:840} INFO - DAG(s) 'example_python_operator' retrieved from /home/airflow/.local/lib/python3.12/site-packages/airflow/example_dags/example_python_operator.py
[2026-05-08T17:15:48.898+0000] {logging_mixin.py:188} INFO - [2026-05-08T17:15:48.898+0000] {dag.py:3089} INFO - Sync 1 DAGs
[2026-05-08T17:15:48.908+0000] {logging_mixin.py:188} INFO - [2026-05-08T17:15:48.908+0000] {dag.py:3947} INFO - Setting next_dagrun for example_python_operator to None, run_after=None
[2026-05-08T17:15:48.922+0000] {processor.py:183} INFO - Processing /home/airflow/.local/lib/python3.12/site-packages/airflow/example_dags/example_python_operator.py took 0.059 seconds
[2026-05-08T17:16:19.187+0000] {processor.py:161} INFO - Started process (PID=592) to work on /home/airflow/.local/lib/python3.12/site-packages/airflow/example_dags/example_python_operator.py
[2026-05-08T17:16:19.188+0000] {processor.py:830} INFO - Processing file /home/airflow/.local/lib/python3.12/site-packages/airflow/example_dags/example_python_operator.py for tasks to queue
[2026-05-08T17:16:19.190+0000] {logging_mixin.py:188} INFO - [2026-05-08T17:16:19.190+0000] {dagbag.py:545} INFO - Filling up the DagBag from /home/airflow/.local/lib/python3.12/site-packages/airflow/example_dags/example_python_operator.py
[2026-05-08T17:16:19.198+0000] {processor.py:840} INFO - DAG(s) 'example_python_operator' retrieved from /home/airflow/.local/lib/python3.12/site-packages/airflow/example_dags/example_python_operator.py
[2026-05-08T17:16:19.218+0000] {logging_mixin.py:188} INFO - [2026-05-08T17:16:19.218+0000] {dag.py:3089} INFO - Sync 1 DAGs
[2026-05-08T17:16:19.230+0000] {logging_mixin.py:188} INFO - [2026-05-08T17:16:19.230+0000] {dag.py:3947} INFO - Setting next_dagrun for example_python_operator to None, run_after=None
[2026-05-08T17:16:19.244+0000] {processor.py:183} INFO - Processing /home/airflow/.local/lib/python3.12/site-packages/airflow/example_dags/example_python_operator.py took 0.063 seconds
[2026-05-08T17:16:49.632+0000] {processor.py:161} INFO - Started process (PID=650) to work on /home/airflow/.local/lib/python3.12/site-packages/airflow/example_dags/example_python_operator.py
[2026-05-08T17:16:49.633+0000] {processor.py:830} INFO - Processing file /home/airflow/.local/lib/python3.12/site-packages/airflow/example_dags/example_python_operator.py for tasks to queue
[2026-05-08T17:16:49.635+0000] {logging_mixin.py:188} INFO - [2026-05-08T17:16:49.634+0000] {dagbag.py:545} INFO - Filling up the DagBag from /home/airflow/.local/lib/python3.12/site-packages/airflow/example_dags/example_python_operator.py
[2026-05-08T17:16:49.644+0000] {processor.py:840} INFO - DAG(s) 'example_python_operator' retrieved from /home/airflow/.local/lib/python3.12/site-packages/airflow/example_dags/example_python_operator.py
[2026-05-08T17:16:49.663+0000] {logging_mixin.py:188} INFO - [2026-05-08T17:16:49.662+0000] {dag.py:3089} INFO - Sync 1 DAGs
[2026-05-08T17:16:49.673+0000] {logging_mixin.py:188} INFO - [2026-05-08T17:16:49.672+0000] {dag.py:3947} INFO - Setting next_dagrun for example_python_operator to None, run_after=None
[2026-05-08T17:16:49.687+0000] {processor.py:183} INFO - Processing /home/airflow/.local/lib/python3.12/site-packages/airflow/example_dags/example_python_operator.py took 0.062 seconds
[2026-05-08T17:17:20.059+0000] {processor.py:161} INFO - Started process (PID=708) to work on /home/airflow/.local/lib/python3.12/site-packages/airflow/example_dags/example_python_operator.py
[2026-05-08T17:17:20.060+0000] {processor.py:830} INFO - Processing file /home/airflow/.local/lib/python3.12/site-packages/airflow/example_dags/example_python_operator.py for tasks to queue
[2026-05-08T17:17:20.062+0000] {logging_mixin.py:188} INFO - [2026-05-08T17:17:20.062+0000] {dagbag.py:545} INFO - Filling up the DagBag from /home/airflow/.local/lib/python3.12/site-packages/airflow/example_dags/example_python_operator.py
[2026-05-08T17:17:20.071+0000] {processor.py:840} INFO - DAG(s) 'example_python_operator' retrieved from /home/airflow/.local/lib/python3.12/site-packages/airflow/example_dags/example_python_operator.py
[2026-05-08T17:17:20.089+0000] {logging_mixin.py:188} INFO - [2026-05-08T17:17:20.089+0000] {dag.py:3089} INFO - Sync 1 DAGs
[2026-05-08T17:17:20.100+0000] {logging_mixin.py:188} INFO - [2026-05-08T17:17:20.100+0000] {dag.py:3947} INFO - Setting next_dagrun for example_python_operator to None, run_after=None
[2026-05-08T17:17:20.115+0000] {processor.py:183} INFO - Processing /home/airflow/.local/lib/python3.12/site-packages/airflow/example_dags/example_python_operator.py took 0.062 seconds
