[2026-05-08T11:45:09.743+0000] {processor.py:161} INFO - Started process (PID=91) to work on /home/airflow/.local/lib/python3.12/site-packages/airflow/example_dags/example_branch_python_dop_operator_3.py
[2026-05-08T11:45:09.749+0000] {processor.py:830} INFO - Processing file /home/airflow/.local/lib/python3.12/site-packages/airflow/example_dags/example_branch_python_dop_operator_3.py for tasks to queue
[2026-05-08T11:45:09.760+0000] {logging_mixin.py:188} INFO - [2026-05-08T11:45:09.760+0000] {dagbag.py:545} INFO - Filling up the DagBag from /home/airflow/.local/lib/python3.12/site-packages/airflow/example_dags/example_branch_python_dop_operator_3.py
[2026-05-08T11:45:09.774+0000] {processor.py:840} INFO - DAG(s) 'example_branch_dop_operator_v3' retrieved from /home/airflow/.local/lib/python3.12/site-packages/airflow/example_dags/example_branch_python_dop_operator_3.py
[2026-05-08T11:45:09.804+0000] {logging_mixin.py:188} INFO - [2026-05-08T11:45:09.804+0000] {dag.py:3089} INFO - Sync 1 DAGs
[2026-05-08T11:45:09.858+0000] {logging_mixin.py:188} INFO - [2026-05-08T11:45:09.858+0000] {dag.py:3947} INFO - Setting next_dagrun for example_branch_dop_operator_v3 to 2026-05-08 11:44:00+00:00, run_after=2026-05-08 11:45:00+00:00
[2026-05-08T11:45:09.894+0000] {processor.py:183} INFO - Processing /home/airflow/.local/lib/python3.12/site-packages/airflow/example_dags/example_branch_python_dop_operator_3.py took 0.170 seconds
[2026-05-08T11:45:41.366+0000] {processor.py:161} INFO - Started process (PID=149) to work on /home/airflow/.local/lib/python3.12/site-packages/airflow/example_dags/example_branch_python_dop_operator_3.py
[2026-05-08T11:45:41.367+0000] {processor.py:830} INFO - Processing file /home/airflow/.local/lib/python3.12/site-packages/airflow/example_dags/example_branch_python_dop_operator_3.py for tasks to queue
[2026-05-08T11:45:41.369+0000] {logging_mixin.py:188} INFO - [2026-05-08T11:45:41.368+0000] {dagbag.py:545} INFO - Filling up the DagBag from /home/airflow/.local/lib/python3.12/site-packages/airflow/example_dags/example_branch_python_dop_operator_3.py
[2026-05-08T11:45:41.375+0000] {processor.py:840} INFO - DAG(s) 'example_branch_dop_operator_v3' retrieved from /home/airflow/.local/lib/python3.12/site-packages/airflow/example_dags/example_branch_python_dop_operator_3.py
[2026-05-08T11:45:41.445+0000] {logging_mixin.py:188} INFO - [2026-05-08T11:45:41.445+0000] {dag.py:3089} INFO - Sync 1 DAGs
[2026-05-08T11:45:41.463+0000] {logging_mixin.py:188} INFO - [2026-05-08T11:45:41.462+0000] {dag.py:3947} INFO - Setting next_dagrun for example_branch_dop_operator_v3 to 2026-05-08 11:44:00+00:00, run_after=2026-05-08 11:45:00+00:00
[2026-05-08T11:45:41.477+0000] {processor.py:183} INFO - Processing /home/airflow/.local/lib/python3.12/site-packages/airflow/example_dags/example_branch_python_dop_operator_3.py took 0.116 seconds
[2026-05-08T11:46:11.607+0000] {processor.py:161} INFO - Started process (PID=208) to work on /home/airflow/.local/lib/python3.12/site-packages/airflow/example_dags/example_branch_python_dop_operator_3.py
[2026-05-08T11:46:11.609+0000] {processor.py:830} INFO - Processing file /home/airflow/.local/lib/python3.12/site-packages/airflow/example_dags/example_branch_python_dop_operator_3.py for tasks to queue
[2026-05-08T11:46:11.611+0000] {logging_mixin.py:188} INFO - [2026-05-08T11:46:11.610+0000] {dagbag.py:545} INFO - Filling up the DagBag from /home/airflow/.local/lib/python3.12/site-packages/airflow/example_dags/example_branch_python_dop_operator_3.py
[2026-05-08T11:46:11.617+0000] {processor.py:840} INFO - DAG(s) 'example_branch_dop_operator_v3' retrieved from /home/airflow/.local/lib/python3.12/site-packages/airflow/example_dags/example_branch_python_dop_operator_3.py
[2026-05-08T11:46:11.639+0000] {logging_mixin.py:188} INFO - [2026-05-08T11:46:11.639+0000] {dag.py:3089} INFO - Sync 1 DAGs
[2026-05-08T11:46:11.658+0000] {logging_mixin.py:188} INFO - [2026-05-08T11:46:11.658+0000] {dag.py:3947} INFO - Setting next_dagrun for example_branch_dop_operator_v3 to 2026-05-08 11:45:00+00:00, run_after=2026-05-08 11:46:00+00:00
[2026-05-08T11:46:11.673+0000] {processor.py:183} INFO - Processing /home/airflow/.local/lib/python3.12/site-packages/airflow/example_dags/example_branch_python_dop_operator_3.py took 0.070 seconds
[2026-05-08T11:46:42.624+0000] {processor.py:161} INFO - Started process (PID=266) to work on /home/airflow/.local/lib/python3.12/site-packages/airflow/example_dags/example_branch_python_dop_operator_3.py
[2026-05-08T11:46:42.625+0000] {processor.py:830} INFO - Processing file /home/airflow/.local/lib/python3.12/site-packages/airflow/example_dags/example_branch_python_dop_operator_3.py for tasks to queue
[2026-05-08T11:46:42.627+0000] {logging_mixin.py:188} INFO - [2026-05-08T11:46:42.626+0000] {dagbag.py:545} INFO - Filling up the DagBag from /home/airflow/.local/lib/python3.12/site-packages/airflow/example_dags/example_branch_python_dop_operator_3.py
[2026-05-08T11:46:42.635+0000] {processor.py:840} INFO - DAG(s) 'example_branch_dop_operator_v3' retrieved from /home/airflow/.local/lib/python3.12/site-packages/airflow/example_dags/example_branch_python_dop_operator_3.py
[2026-05-08T11:46:42.656+0000] {logging_mixin.py:188} INFO - [2026-05-08T11:46:42.655+0000] {dag.py:3089} INFO - Sync 1 DAGs
[2026-05-08T11:46:42.678+0000] {logging_mixin.py:188} INFO - [2026-05-08T11:46:42.678+0000] {dag.py:3947} INFO - Setting next_dagrun for example_branch_dop_operator_v3 to 2026-05-08 11:45:00+00:00, run_after=2026-05-08 11:46:00+00:00
[2026-05-08T11:46:42.702+0000] {processor.py:183} INFO - Processing /home/airflow/.local/lib/python3.12/site-packages/airflow/example_dags/example_branch_python_dop_operator_3.py took 0.084 seconds
[2026-05-08T11:47:13.196+0000] {processor.py:161} INFO - Started process (PID=324) to work on /home/airflow/.local/lib/python3.12/site-packages/airflow/example_dags/example_branch_python_dop_operator_3.py
[2026-05-08T11:47:13.197+0000] {processor.py:830} INFO - Processing file /home/airflow/.local/lib/python3.12/site-packages/airflow/example_dags/example_branch_python_dop_operator_3.py for tasks to queue
[2026-05-08T11:47:13.200+0000] {logging_mixin.py:188} INFO - [2026-05-08T11:47:13.200+0000] {dagbag.py:545} INFO - Filling up the DagBag from /home/airflow/.local/lib/python3.12/site-packages/airflow/example_dags/example_branch_python_dop_operator_3.py
[2026-05-08T11:47:13.209+0000] {processor.py:840} INFO - DAG(s) 'example_branch_dop_operator_v3' retrieved from /home/airflow/.local/lib/python3.12/site-packages/airflow/example_dags/example_branch_python_dop_operator_3.py
[2026-05-08T11:47:13.233+0000] {logging_mixin.py:188} INFO - [2026-05-08T11:47:13.232+0000] {dag.py:3089} INFO - Sync 1 DAGs
[2026-05-08T11:47:13.253+0000] {logging_mixin.py:188} INFO - [2026-05-08T11:47:13.253+0000] {dag.py:3947} INFO - Setting next_dagrun for example_branch_dop_operator_v3 to 2026-05-08 11:46:00+00:00, run_after=2026-05-08 11:47:00+00:00
[2026-05-08T11:47:13.272+0000] {processor.py:183} INFO - Processing /home/airflow/.local/lib/python3.12/site-packages/airflow/example_dags/example_branch_python_dop_operator_3.py took 0.082 seconds
[2026-05-08T11:47:44.122+0000] {processor.py:161} INFO - Started process (PID=382) to work on /home/airflow/.local/lib/python3.12/site-packages/airflow/example_dags/example_branch_python_dop_operator_3.py
[2026-05-08T11:47:44.123+0000] {processor.py:830} INFO - Processing file /home/airflow/.local/lib/python3.12/site-packages/airflow/example_dags/example_branch_python_dop_operator_3.py for tasks to queue
[2026-05-08T11:47:44.125+0000] {logging_mixin.py:188} INFO - [2026-05-08T11:47:44.125+0000] {dagbag.py:545} INFO - Filling up the DagBag from /home/airflow/.local/lib/python3.12/site-packages/airflow/example_dags/example_branch_python_dop_operator_3.py
[2026-05-08T11:47:44.133+0000] {processor.py:840} INFO - DAG(s) 'example_branch_dop_operator_v3' retrieved from /home/airflow/.local/lib/python3.12/site-packages/airflow/example_dags/example_branch_python_dop_operator_3.py
[2026-05-08T11:47:44.155+0000] {logging_mixin.py:188} INFO - [2026-05-08T11:47:44.154+0000] {dag.py:3089} INFO - Sync 1 DAGs
[2026-05-08T11:47:44.176+0000] {logging_mixin.py:188} INFO - [2026-05-08T11:47:44.175+0000] {dag.py:3947} INFO - Setting next_dagrun for example_branch_dop_operator_v3 to 2026-05-08 11:46:00+00:00, run_after=2026-05-08 11:47:00+00:00
[2026-05-08T11:47:44.200+0000] {processor.py:183} INFO - Processing /home/airflow/.local/lib/python3.12/site-packages/airflow/example_dags/example_branch_python_dop_operator_3.py took 0.084 seconds
[2026-05-08T11:48:14.293+0000] {processor.py:161} INFO - Started process (PID=440) to work on /home/airflow/.local/lib/python3.12/site-packages/airflow/example_dags/example_branch_python_dop_operator_3.py
[2026-05-08T11:48:14.294+0000] {processor.py:830} INFO - Processing file /home/airflow/.local/lib/python3.12/site-packages/airflow/example_dags/example_branch_python_dop_operator_3.py for tasks to queue
[2026-05-08T11:48:14.296+0000] {logging_mixin.py:188} INFO - [2026-05-08T11:48:14.296+0000] {dagbag.py:545} INFO - Filling up the DagBag from /home/airflow/.local/lib/python3.12/site-packages/airflow/example_dags/example_branch_python_dop_operator_3.py
[2026-05-08T11:48:14.305+0000] {processor.py:840} INFO - DAG(s) 'example_branch_dop_operator_v3' retrieved from /home/airflow/.local/lib/python3.12/site-packages/airflow/example_dags/example_branch_python_dop_operator_3.py
[2026-05-08T11:48:14.326+0000] {logging_mixin.py:188} INFO - [2026-05-08T11:48:14.326+0000] {dag.py:3089} INFO - Sync 1 DAGs
[2026-05-08T11:48:14.346+0000] {logging_mixin.py:188} INFO - [2026-05-08T11:48:14.346+0000] {dag.py:3947} INFO - Setting next_dagrun for example_branch_dop_operator_v3 to 2026-05-08 11:47:00+00:00, run_after=2026-05-08 11:48:00+00:00
[2026-05-08T11:48:14.364+0000] {processor.py:183} INFO - Processing /home/airflow/.local/lib/python3.12/site-packages/airflow/example_dags/example_branch_python_dop_operator_3.py took 0.076 seconds
[2026-05-08T11:48:44.544+0000] {processor.py:161} INFO - Started process (PID=498) to work on /home/airflow/.local/lib/python3.12/site-packages/airflow/example_dags/example_branch_python_dop_operator_3.py
[2026-05-08T11:48:44.545+0000] {processor.py:830} INFO - Processing file /home/airflow/.local/lib/python3.12/site-packages/airflow/example_dags/example_branch_python_dop_operator_3.py for tasks to queue
[2026-05-08T11:48:44.547+0000] {logging_mixin.py:188} INFO - [2026-05-08T11:48:44.547+0000] {dagbag.py:545} INFO - Filling up the DagBag from /home/airflow/.local/lib/python3.12/site-packages/airflow/example_dags/example_branch_python_dop_operator_3.py
[2026-05-08T11:48:44.555+0000] {processor.py:840} INFO - DAG(s) 'example_branch_dop_operator_v3' retrieved from /home/airflow/.local/lib/python3.12/site-packages/airflow/example_dags/example_branch_python_dop_operator_3.py
[2026-05-08T11:48:44.577+0000] {logging_mixin.py:188} INFO - [2026-05-08T11:48:44.576+0000] {dag.py:3089} INFO - Sync 1 DAGs
[2026-05-08T11:48:44.599+0000] {logging_mixin.py:188} INFO - [2026-05-08T11:48:44.599+0000] {dag.py:3947} INFO - Setting next_dagrun for example_branch_dop_operator_v3 to 2026-05-08 11:47:00+00:00, run_after=2026-05-08 11:48:00+00:00
[2026-05-08T11:48:44.618+0000] {processor.py:183} INFO - Processing /home/airflow/.local/lib/python3.12/site-packages/airflow/example_dags/example_branch_python_dop_operator_3.py took 0.079 seconds
[2026-05-08T11:49:14.729+0000] {processor.py:161} INFO - Started process (PID=556) to work on /home/airflow/.local/lib/python3.12/site-packages/airflow/example_dags/example_branch_python_dop_operator_3.py
[2026-05-08T11:49:14.730+0000] {processor.py:830} INFO - Processing file /home/airflow/.local/lib/python3.12/site-packages/airflow/example_dags/example_branch_python_dop_operator_3.py for tasks to queue
[2026-05-08T11:49:14.732+0000] {logging_mixin.py:188} INFO - [2026-05-08T11:49:14.732+0000] {dagbag.py:545} INFO - Filling up the DagBag from /home/airflow/.local/lib/python3.12/site-packages/airflow/example_dags/example_branch_python_dop_operator_3.py
[2026-05-08T11:49:14.740+0000] {processor.py:840} INFO - DAG(s) 'example_branch_dop_operator_v3' retrieved from /home/airflow/.local/lib/python3.12/site-packages/airflow/example_dags/example_branch_python_dop_operator_3.py
[2026-05-08T11:49:14.764+0000] {logging_mixin.py:188} INFO - [2026-05-08T11:49:14.764+0000] {dag.py:3089} INFO - Sync 1 DAGs
[2026-05-08T11:49:14.784+0000] {logging_mixin.py:188} INFO - [2026-05-08T11:49:14.784+0000] {dag.py:3947} INFO - Setting next_dagrun for example_branch_dop_operator_v3 to 2026-05-08 11:48:00+00:00, run_after=2026-05-08 11:49:00+00:00
[2026-05-08T11:49:14.815+0000] {processor.py:183} INFO - Processing /home/airflow/.local/lib/python3.12/site-packages/airflow/example_dags/example_branch_python_dop_operator_3.py took 0.093 seconds
[2026-05-08T11:49:44.891+0000] {processor.py:161} INFO - Started process (PID=614) to work on /home/airflow/.local/lib/python3.12/site-packages/airflow/example_dags/example_branch_python_dop_operator_3.py
[2026-05-08T11:49:44.893+0000] {processor.py:830} INFO - Processing file /home/airflow/.local/lib/python3.12/site-packages/airflow/example_dags/example_branch_python_dop_operator_3.py for tasks to queue
[2026-05-08T11:49:44.895+0000] {logging_mixin.py:188} INFO - [2026-05-08T11:49:44.894+0000] {dagbag.py:545} INFO - Filling up the DagBag from /home/airflow/.local/lib/python3.12/site-packages/airflow/example_dags/example_branch_python_dop_operator_3.py
[2026-05-08T11:49:44.902+0000] {processor.py:840} INFO - DAG(s) 'example_branch_dop_operator_v3' retrieved from /home/airflow/.local/lib/python3.12/site-packages/airflow/example_dags/example_branch_python_dop_operator_3.py
[2026-05-08T11:49:44.917+0000] {logging_mixin.py:188} INFO - [2026-05-08T11:49:44.917+0000] {dag.py:3089} INFO - Sync 1 DAGs
[2026-05-08T11:49:44.940+0000] {logging_mixin.py:188} INFO - [2026-05-08T11:49:44.940+0000] {dag.py:3947} INFO - Setting next_dagrun for example_branch_dop_operator_v3 to 2026-05-08 11:48:00+00:00, run_after=2026-05-08 11:49:00+00:00
[2026-05-08T11:49:44.959+0000] {processor.py:183} INFO - Processing /home/airflow/.local/lib/python3.12/site-packages/airflow/example_dags/example_branch_python_dop_operator_3.py took 0.074 seconds
[2026-05-08T11:50:15.227+0000] {processor.py:161} INFO - Started process (PID=672) to work on /home/airflow/.local/lib/python3.12/site-packages/airflow/example_dags/example_branch_python_dop_operator_3.py
[2026-05-08T11:50:15.228+0000] {processor.py:830} INFO - Processing file /home/airflow/.local/lib/python3.12/site-packages/airflow/example_dags/example_branch_python_dop_operator_3.py for tasks to queue
[2026-05-08T11:50:15.229+0000] {logging_mixin.py:188} INFO - [2026-05-08T11:50:15.229+0000] {dagbag.py:545} INFO - Filling up the DagBag from /home/airflow/.local/lib/python3.12/site-packages/airflow/example_dags/example_branch_python_dop_operator_3.py
[2026-05-08T11:50:15.236+0000] {processor.py:840} INFO - DAG(s) 'example_branch_dop_operator_v3' retrieved from /home/airflow/.local/lib/python3.12/site-packages/airflow/example_dags/example_branch_python_dop_operator_3.py
[2026-05-08T11:50:15.311+0000] {logging_mixin.py:188} INFO - [2026-05-08T11:50:15.311+0000] {dag.py:3089} INFO - Sync 1 DAGs
[2026-05-08T11:50:15.326+0000] {logging_mixin.py:188} INFO - [2026-05-08T11:50:15.326+0000] {dag.py:3947} INFO - Setting next_dagrun for example_branch_dop_operator_v3 to 2026-05-08 11:49:00+00:00, run_after=2026-05-08 11:50:00+00:00
[2026-05-08T11:50:15.340+0000] {processor.py:183} INFO - Processing /home/airflow/.local/lib/python3.12/site-packages/airflow/example_dags/example_branch_python_dop_operator_3.py took 0.118 seconds
[2026-05-08T11:50:45.886+0000] {processor.py:161} INFO - Started process (PID=729) to work on /home/airflow/.local/lib/python3.12/site-packages/airflow/example_dags/example_branch_python_dop_operator_3.py
[2026-05-08T11:50:45.887+0000] {processor.py:830} INFO - Processing file /home/airflow/.local/lib/python3.12/site-packages/airflow/example_dags/example_branch_python_dop_operator_3.py for tasks to queue
[2026-05-08T11:50:45.889+0000] {logging_mixin.py:188} INFO - [2026-05-08T11:50:45.889+0000] {dagbag.py:545} INFO - Filling up the DagBag from /home/airflow/.local/lib/python3.12/site-packages/airflow/example_dags/example_branch_python_dop_operator_3.py
[2026-05-08T11:50:45.897+0000] {processor.py:840} INFO - DAG(s) 'example_branch_dop_operator_v3' retrieved from /home/airflow/.local/lib/python3.12/site-packages/airflow/example_dags/example_branch_python_dop_operator_3.py
[2026-05-08T11:50:45.915+0000] {logging_mixin.py:188} INFO - [2026-05-08T11:50:45.915+0000] {dag.py:3089} INFO - Sync 1 DAGs
[2026-05-08T11:50:45.934+0000] {logging_mixin.py:188} INFO - [2026-05-08T11:50:45.934+0000] {dag.py:3947} INFO - Setting next_dagrun for example_branch_dop_operator_v3 to 2026-05-08 11:49:00+00:00, run_after=2026-05-08 11:50:00+00:00
[2026-05-08T11:50:45.951+0000] {processor.py:183} INFO - Processing /home/airflow/.local/lib/python3.12/site-packages/airflow/example_dags/example_branch_python_dop_operator_3.py took 0.070 seconds
[2026-05-08T11:51:16.184+0000] {processor.py:161} INFO - Started process (PID=787) to work on /home/airflow/.local/lib/python3.12/site-packages/airflow/example_dags/example_branch_python_dop_operator_3.py
[2026-05-08T11:51:16.185+0000] {processor.py:830} INFO - Processing file /home/airflow/.local/lib/python3.12/site-packages/airflow/example_dags/example_branch_python_dop_operator_3.py for tasks to queue
[2026-05-08T11:51:16.186+0000] {logging_mixin.py:188} INFO - [2026-05-08T11:51:16.186+0000] {dagbag.py:545} INFO - Filling up the DagBag from /home/airflow/.local/lib/python3.12/site-packages/airflow/example_dags/example_branch_python_dop_operator_3.py
[2026-05-08T11:51:16.193+0000] {processor.py:840} INFO - DAG(s) 'example_branch_dop_operator_v3' retrieved from /home/airflow/.local/lib/python3.12/site-packages/airflow/example_dags/example_branch_python_dop_operator_3.py
[2026-05-08T11:51:16.213+0000] {logging_mixin.py:188} INFO - [2026-05-08T11:51:16.213+0000] {dag.py:3089} INFO - Sync 1 DAGs
[2026-05-08T11:51:16.233+0000] {logging_mixin.py:188} INFO - [2026-05-08T11:51:16.232+0000] {dag.py:3947} INFO - Setting next_dagrun for example_branch_dop_operator_v3 to 2026-05-08 11:50:00+00:00, run_after=2026-05-08 11:51:00+00:00
[2026-05-08T11:51:16.248+0000] {processor.py:183} INFO - Processing /home/airflow/.local/lib/python3.12/site-packages/airflow/example_dags/example_branch_python_dop_operator_3.py took 0.069 seconds
[2026-05-08T11:51:47.352+0000] {processor.py:161} INFO - Started process (PID=845) to work on /home/airflow/.local/lib/python3.12/site-packages/airflow/example_dags/example_branch_python_dop_operator_3.py
[2026-05-08T11:51:47.353+0000] {processor.py:830} INFO - Processing file /home/airflow/.local/lib/python3.12/site-packages/airflow/example_dags/example_branch_python_dop_operator_3.py for tasks to queue
[2026-05-08T11:51:47.355+0000] {logging_mixin.py:188} INFO - [2026-05-08T11:51:47.355+0000] {dagbag.py:545} INFO - Filling up the DagBag from /home/airflow/.local/lib/python3.12/site-packages/airflow/example_dags/example_branch_python_dop_operator_3.py
[2026-05-08T11:51:47.361+0000] {processor.py:840} INFO - DAG(s) 'example_branch_dop_operator_v3' retrieved from /home/airflow/.local/lib/python3.12/site-packages/airflow/example_dags/example_branch_python_dop_operator_3.py
[2026-05-08T11:51:47.379+0000] {logging_mixin.py:188} INFO - [2026-05-08T11:51:47.378+0000] {dag.py:3089} INFO - Sync 1 DAGs
[2026-05-08T11:51:47.395+0000] {logging_mixin.py:188} INFO - [2026-05-08T11:51:47.395+0000] {dag.py:3947} INFO - Setting next_dagrun for example_branch_dop_operator_v3 to 2026-05-08 11:50:00+00:00, run_after=2026-05-08 11:51:00+00:00
[2026-05-08T11:51:47.409+0000] {processor.py:183} INFO - Processing /home/airflow/.local/lib/python3.12/site-packages/airflow/example_dags/example_branch_python_dop_operator_3.py took 0.061 seconds
[2026-05-08T11:52:18.929+0000] {processor.py:161} INFO - Started process (PID=903) to work on /home/airflow/.local/lib/python3.12/site-packages/airflow/example_dags/example_branch_python_dop_operator_3.py
[2026-05-08T11:52:18.930+0000] {processor.py:830} INFO - Processing file /home/airflow/.local/lib/python3.12/site-packages/airflow/example_dags/example_branch_python_dop_operator_3.py for tasks to queue
[2026-05-08T11:52:18.931+0000] {logging_mixin.py:188} INFO - [2026-05-08T11:52:18.931+0000] {dagbag.py:545} INFO - Filling up the DagBag from /home/airflow/.local/lib/python3.12/site-packages/airflow/example_dags/example_branch_python_dop_operator_3.py
[2026-05-08T11:52:18.938+0000] {processor.py:840} INFO - DAG(s) 'example_branch_dop_operator_v3' retrieved from /home/airflow/.local/lib/python3.12/site-packages/airflow/example_dags/example_branch_python_dop_operator_3.py
[2026-05-08T11:52:18.954+0000] {logging_mixin.py:188} INFO - [2026-05-08T11:52:18.954+0000] {dag.py:3089} INFO - Sync 1 DAGs
[2026-05-08T11:52:18.972+0000] {logging_mixin.py:188} INFO - [2026-05-08T11:52:18.972+0000] {dag.py:3947} INFO - Setting next_dagrun for example_branch_dop_operator_v3 to 2026-05-08 11:51:00+00:00, run_after=2026-05-08 11:52:00+00:00
[2026-05-08T11:52:18.985+0000] {processor.py:183} INFO - Processing /home/airflow/.local/lib/python3.12/site-packages/airflow/example_dags/example_branch_python_dop_operator_3.py took 0.061 seconds
[2026-05-08T11:52:49.434+0000] {processor.py:161} INFO - Started process (PID=961) to work on /home/airflow/.local/lib/python3.12/site-packages/airflow/example_dags/example_branch_python_dop_operator_3.py
[2026-05-08T11:52:49.435+0000] {processor.py:830} INFO - Processing file /home/airflow/.local/lib/python3.12/site-packages/airflow/example_dags/example_branch_python_dop_operator_3.py for tasks to queue
[2026-05-08T11:52:49.437+0000] {logging_mixin.py:188} INFO - [2026-05-08T11:52:49.437+0000] {dagbag.py:545} INFO - Filling up the DagBag from /home/airflow/.local/lib/python3.12/site-packages/airflow/example_dags/example_branch_python_dop_operator_3.py
[2026-05-08T11:52:49.444+0000] {processor.py:840} INFO - DAG(s) 'example_branch_dop_operator_v3' retrieved from /home/airflow/.local/lib/python3.12/site-packages/airflow/example_dags/example_branch_python_dop_operator_3.py
[2026-05-08T11:52:49.459+0000] {logging_mixin.py:188} INFO - [2026-05-08T11:52:49.459+0000] {dag.py:3089} INFO - Sync 1 DAGs
[2026-05-08T11:52:49.476+0000] {logging_mixin.py:188} INFO - [2026-05-08T11:52:49.476+0000] {dag.py:3947} INFO - Setting next_dagrun for example_branch_dop_operator_v3 to 2026-05-08 11:51:00+00:00, run_after=2026-05-08 11:52:00+00:00
[2026-05-08T11:52:49.492+0000] {processor.py:183} INFO - Processing /home/airflow/.local/lib/python3.12/site-packages/airflow/example_dags/example_branch_python_dop_operator_3.py took 0.062 seconds
[2026-05-08T11:53:20.216+0000] {processor.py:161} INFO - Started process (PID=1019) to work on /home/airflow/.local/lib/python3.12/site-packages/airflow/example_dags/example_branch_python_dop_operator_3.py
[2026-05-08T11:53:20.217+0000] {processor.py:830} INFO - Processing file /home/airflow/.local/lib/python3.12/site-packages/airflow/example_dags/example_branch_python_dop_operator_3.py for tasks to queue
[2026-05-08T11:53:20.219+0000] {logging_mixin.py:188} INFO - [2026-05-08T11:53:20.219+0000] {dagbag.py:545} INFO - Filling up the DagBag from /home/airflow/.local/lib/python3.12/site-packages/airflow/example_dags/example_branch_python_dop_operator_3.py
[2026-05-08T11:53:20.227+0000] {processor.py:840} INFO - DAG(s) 'example_branch_dop_operator_v3' retrieved from /home/airflow/.local/lib/python3.12/site-packages/airflow/example_dags/example_branch_python_dop_operator_3.py
[2026-05-08T11:53:20.244+0000] {logging_mixin.py:188} INFO - [2026-05-08T11:53:20.244+0000] {dag.py:3089} INFO - Sync 1 DAGs
[2026-05-08T11:53:20.264+0000] {logging_mixin.py:188} INFO - [2026-05-08T11:53:20.264+0000] {dag.py:3947} INFO - Setting next_dagrun for example_branch_dop_operator_v3 to 2026-05-08 11:52:00+00:00, run_after=2026-05-08 11:53:00+00:00
[2026-05-08T11:53:20.281+0000] {processor.py:183} INFO - Processing /home/airflow/.local/lib/python3.12/site-packages/airflow/example_dags/example_branch_python_dop_operator_3.py took 0.070 seconds
[2026-05-08T11:53:51.558+0000] {processor.py:161} INFO - Started process (PID=1077) to work on /home/airflow/.local/lib/python3.12/site-packages/airflow/example_dags/example_branch_python_dop_operator_3.py
[2026-05-08T11:53:51.559+0000] {processor.py:830} INFO - Processing file /home/airflow/.local/lib/python3.12/site-packages/airflow/example_dags/example_branch_python_dop_operator_3.py for tasks to queue
[2026-05-08T11:53:51.562+0000] {logging_mixin.py:188} INFO - [2026-05-08T11:53:51.561+0000] {dagbag.py:545} INFO - Filling up the DagBag from /home/airflow/.local/lib/python3.12/site-packages/airflow/example_dags/example_branch_python_dop_operator_3.py
[2026-05-08T11:53:51.571+0000] {processor.py:840} INFO - DAG(s) 'example_branch_dop_operator_v3' retrieved from /home/airflow/.local/lib/python3.12/site-packages/airflow/example_dags/example_branch_python_dop_operator_3.py
[2026-05-08T11:53:51.594+0000] {logging_mixin.py:188} INFO - [2026-05-08T11:53:51.593+0000] {dag.py:3089} INFO - Sync 1 DAGs
[2026-05-08T11:53:51.618+0000] {logging_mixin.py:188} INFO - [2026-05-08T11:53:51.618+0000] {dag.py:3947} INFO - Setting next_dagrun for example_branch_dop_operator_v3 to 2026-05-08 11:52:00+00:00, run_after=2026-05-08 11:53:00+00:00
[2026-05-08T11:53:51.637+0000] {processor.py:183} INFO - Processing /home/airflow/.local/lib/python3.12/site-packages/airflow/example_dags/example_branch_python_dop_operator_3.py took 0.086 seconds
[2026-05-08T11:54:21.864+0000] {processor.py:161} INFO - Started process (PID=1135) to work on /home/airflow/.local/lib/python3.12/site-packages/airflow/example_dags/example_branch_python_dop_operator_3.py
[2026-05-08T11:54:21.865+0000] {processor.py:830} INFO - Processing file /home/airflow/.local/lib/python3.12/site-packages/airflow/example_dags/example_branch_python_dop_operator_3.py for tasks to queue
[2026-05-08T11:54:21.867+0000] {logging_mixin.py:188} INFO - [2026-05-08T11:54:21.867+0000] {dagbag.py:545} INFO - Filling up the DagBag from /home/airflow/.local/lib/python3.12/site-packages/airflow/example_dags/example_branch_python_dop_operator_3.py
[2026-05-08T11:54:21.874+0000] {processor.py:840} INFO - DAG(s) 'example_branch_dop_operator_v3' retrieved from /home/airflow/.local/lib/python3.12/site-packages/airflow/example_dags/example_branch_python_dop_operator_3.py
[2026-05-08T11:54:21.892+0000] {logging_mixin.py:188} INFO - [2026-05-08T11:54:21.892+0000] {dag.py:3089} INFO - Sync 1 DAGs
[2026-05-08T11:54:21.911+0000] {logging_mixin.py:188} INFO - [2026-05-08T11:54:21.911+0000] {dag.py:3947} INFO - Setting next_dagrun for example_branch_dop_operator_v3 to 2026-05-08 11:53:00+00:00, run_after=2026-05-08 11:54:00+00:00
[2026-05-08T11:54:21.926+0000] {processor.py:183} INFO - Processing /home/airflow/.local/lib/python3.12/site-packages/airflow/example_dags/example_branch_python_dop_operator_3.py took 0.067 seconds
[2026-05-08T11:54:52.917+0000] {processor.py:161} INFO - Started process (PID=1193) to work on /home/airflow/.local/lib/python3.12/site-packages/airflow/example_dags/example_branch_python_dop_operator_3.py
[2026-05-08T11:54:52.918+0000] {processor.py:830} INFO - Processing file /home/airflow/.local/lib/python3.12/site-packages/airflow/example_dags/example_branch_python_dop_operator_3.py for tasks to queue
[2026-05-08T11:54:52.920+0000] {logging_mixin.py:188} INFO - [2026-05-08T11:54:52.920+0000] {dagbag.py:545} INFO - Filling up the DagBag from /home/airflow/.local/lib/python3.12/site-packages/airflow/example_dags/example_branch_python_dop_operator_3.py
[2026-05-08T11:54:52.927+0000] {processor.py:840} INFO - DAG(s) 'example_branch_dop_operator_v3' retrieved from /home/airflow/.local/lib/python3.12/site-packages/airflow/example_dags/example_branch_python_dop_operator_3.py
[2026-05-08T11:54:52.945+0000] {logging_mixin.py:188} INFO - [2026-05-08T11:54:52.944+0000] {dag.py:3089} INFO - Sync 1 DAGs
[2026-05-08T11:54:52.963+0000] {logging_mixin.py:188} INFO - [2026-05-08T11:54:52.963+0000] {dag.py:3947} INFO - Setting next_dagrun for example_branch_dop_operator_v3 to 2026-05-08 11:53:00+00:00, run_after=2026-05-08 11:54:00+00:00
[2026-05-08T11:54:52.980+0000] {processor.py:183} INFO - Processing /home/airflow/.local/lib/python3.12/site-packages/airflow/example_dags/example_branch_python_dop_operator_3.py took 0.068 seconds
[2026-05-08T11:55:23.809+0000] {processor.py:161} INFO - Started process (PID=1251) to work on /home/airflow/.local/lib/python3.12/site-packages/airflow/example_dags/example_branch_python_dop_operator_3.py
[2026-05-08T11:55:23.810+0000] {processor.py:830} INFO - Processing file /home/airflow/.local/lib/python3.12/site-packages/airflow/example_dags/example_branch_python_dop_operator_3.py for tasks to queue
[2026-05-08T11:55:23.812+0000] {logging_mixin.py:188} INFO - [2026-05-08T11:55:23.812+0000] {dagbag.py:545} INFO - Filling up the DagBag from /home/airflow/.local/lib/python3.12/site-packages/airflow/example_dags/example_branch_python_dop_operator_3.py
[2026-05-08T11:55:23.822+0000] {processor.py:840} INFO - DAG(s) 'example_branch_dop_operator_v3' retrieved from /home/airflow/.local/lib/python3.12/site-packages/airflow/example_dags/example_branch_python_dop_operator_3.py
[2026-05-08T11:55:23.842+0000] {logging_mixin.py:188} INFO - [2026-05-08T11:55:23.841+0000] {dag.py:3089} INFO - Sync 1 DAGs
[2026-05-08T11:55:23.866+0000] {logging_mixin.py:188} INFO - [2026-05-08T11:55:23.866+0000] {dag.py:3947} INFO - Setting next_dagrun for example_branch_dop_operator_v3 to 2026-05-08 11:54:00+00:00, run_after=2026-05-08 11:55:00+00:00
[2026-05-08T11:55:23.884+0000] {processor.py:183} INFO - Processing /home/airflow/.local/lib/python3.12/site-packages/airflow/example_dags/example_branch_python_dop_operator_3.py took 0.081 seconds
[2026-05-08T11:55:53.992+0000] {processor.py:161} INFO - Started process (PID=1309) to work on /home/airflow/.local/lib/python3.12/site-packages/airflow/example_dags/example_branch_python_dop_operator_3.py
[2026-05-08T11:55:53.993+0000] {processor.py:830} INFO - Processing file /home/airflow/.local/lib/python3.12/site-packages/airflow/example_dags/example_branch_python_dop_operator_3.py for tasks to queue
[2026-05-08T11:55:53.995+0000] {logging_mixin.py:188} INFO - [2026-05-08T11:55:53.995+0000] {dagbag.py:545} INFO - Filling up the DagBag from /home/airflow/.local/lib/python3.12/site-packages/airflow/example_dags/example_branch_python_dop_operator_3.py
[2026-05-08T11:55:54.003+0000] {processor.py:840} INFO - DAG(s) 'example_branch_dop_operator_v3' retrieved from /home/airflow/.local/lib/python3.12/site-packages/airflow/example_dags/example_branch_python_dop_operator_3.py
[2026-05-08T11:55:54.020+0000] {logging_mixin.py:188} INFO - [2026-05-08T11:55:54.020+0000] {dag.py:3089} INFO - Sync 1 DAGs
[2026-05-08T11:55:54.039+0000] {logging_mixin.py:188} INFO - [2026-05-08T11:55:54.038+0000] {dag.py:3947} INFO - Setting next_dagrun for example_branch_dop_operator_v3 to 2026-05-08 11:54:00+00:00, run_after=2026-05-08 11:55:00+00:00
[2026-05-08T11:55:54.053+0000] {processor.py:183} INFO - Processing /home/airflow/.local/lib/python3.12/site-packages/airflow/example_dags/example_branch_python_dop_operator_3.py took 0.065 seconds
[2026-05-08T11:56:24.451+0000] {processor.py:161} INFO - Started process (PID=1367) to work on /home/airflow/.local/lib/python3.12/site-packages/airflow/example_dags/example_branch_python_dop_operator_3.py
[2026-05-08T11:56:24.452+0000] {processor.py:830} INFO - Processing file /home/airflow/.local/lib/python3.12/site-packages/airflow/example_dags/example_branch_python_dop_operator_3.py for tasks to queue
[2026-05-08T11:56:24.454+0000] {logging_mixin.py:188} INFO - [2026-05-08T11:56:24.454+0000] {dagbag.py:545} INFO - Filling up the DagBag from /home/airflow/.local/lib/python3.12/site-packages/airflow/example_dags/example_branch_python_dop_operator_3.py
[2026-05-08T11:56:24.461+0000] {processor.py:840} INFO - DAG(s) 'example_branch_dop_operator_v3' retrieved from /home/airflow/.local/lib/python3.12/site-packages/airflow/example_dags/example_branch_python_dop_operator_3.py
[2026-05-08T11:56:24.480+0000] {logging_mixin.py:188} INFO - [2026-05-08T11:56:24.479+0000] {dag.py:3089} INFO - Sync 1 DAGs
[2026-05-08T11:56:24.499+0000] {logging_mixin.py:188} INFO - [2026-05-08T11:56:24.498+0000] {dag.py:3947} INFO - Setting next_dagrun for example_branch_dop_operator_v3 to 2026-05-08 11:55:00+00:00, run_after=2026-05-08 11:56:00+00:00
[2026-05-08T11:56:24.514+0000] {processor.py:183} INFO - Processing /home/airflow/.local/lib/python3.12/site-packages/airflow/example_dags/example_branch_python_dop_operator_3.py took 0.068 seconds
[2026-05-08T11:56:54.887+0000] {processor.py:161} INFO - Started process (PID=1425) to work on /home/airflow/.local/lib/python3.12/site-packages/airflow/example_dags/example_branch_python_dop_operator_3.py
[2026-05-08T11:56:54.888+0000] {processor.py:830} INFO - Processing file /home/airflow/.local/lib/python3.12/site-packages/airflow/example_dags/example_branch_python_dop_operator_3.py for tasks to queue
[2026-05-08T11:56:54.890+0000] {logging_mixin.py:188} INFO - [2026-05-08T11:56:54.890+0000] {dagbag.py:545} INFO - Filling up the DagBag from /home/airflow/.local/lib/python3.12/site-packages/airflow/example_dags/example_branch_python_dop_operator_3.py
[2026-05-08T11:56:54.898+0000] {processor.py:840} INFO - DAG(s) 'example_branch_dop_operator_v3' retrieved from /home/airflow/.local/lib/python3.12/site-packages/airflow/example_dags/example_branch_python_dop_operator_3.py
[2026-05-08T11:56:54.917+0000] {logging_mixin.py:188} INFO - [2026-05-08T11:56:54.916+0000] {dag.py:3089} INFO - Sync 1 DAGs
[2026-05-08T11:56:54.936+0000] {logging_mixin.py:188} INFO - [2026-05-08T11:56:54.936+0000] {dag.py:3947} INFO - Setting next_dagrun for example_branch_dop_operator_v3 to 2026-05-08 11:55:00+00:00, run_after=2026-05-08 11:56:00+00:00
[2026-05-08T11:56:54.951+0000] {processor.py:183} INFO - Processing /home/airflow/.local/lib/python3.12/site-packages/airflow/example_dags/example_branch_python_dop_operator_3.py took 0.069 seconds
[2026-05-08T11:57:25.259+0000] {processor.py:161} INFO - Started process (PID=1483) to work on /home/airflow/.local/lib/python3.12/site-packages/airflow/example_dags/example_branch_python_dop_operator_3.py
[2026-05-08T11:57:25.260+0000] {processor.py:830} INFO - Processing file /home/airflow/.local/lib/python3.12/site-packages/airflow/example_dags/example_branch_python_dop_operator_3.py for tasks to queue
[2026-05-08T11:57:25.261+0000] {logging_mixin.py:188} INFO - [2026-05-08T11:57:25.261+0000] {dagbag.py:545} INFO - Filling up the DagBag from /home/airflow/.local/lib/python3.12/site-packages/airflow/example_dags/example_branch_python_dop_operator_3.py
[2026-05-08T11:57:25.269+0000] {processor.py:840} INFO - DAG(s) 'example_branch_dop_operator_v3' retrieved from /home/airflow/.local/lib/python3.12/site-packages/airflow/example_dags/example_branch_python_dop_operator_3.py
[2026-05-08T11:57:25.285+0000] {logging_mixin.py:188} INFO - [2026-05-08T11:57:25.285+0000] {dag.py:3089} INFO - Sync 1 DAGs
[2026-05-08T11:57:25.305+0000] {logging_mixin.py:188} INFO - [2026-05-08T11:57:25.305+0000] {dag.py:3947} INFO - Setting next_dagrun for example_branch_dop_operator_v3 to 2026-05-08 11:56:00+00:00, run_after=2026-05-08 11:57:00+00:00
[2026-05-08T11:57:25.320+0000] {processor.py:183} INFO - Processing /home/airflow/.local/lib/python3.12/site-packages/airflow/example_dags/example_branch_python_dop_operator_3.py took 0.066 seconds
[2026-05-08T11:57:56.010+0000] {processor.py:161} INFO - Started process (PID=1541) to work on /home/airflow/.local/lib/python3.12/site-packages/airflow/example_dags/example_branch_python_dop_operator_3.py
[2026-05-08T11:57:56.012+0000] {processor.py:830} INFO - Processing file /home/airflow/.local/lib/python3.12/site-packages/airflow/example_dags/example_branch_python_dop_operator_3.py for tasks to queue
[2026-05-08T11:57:56.015+0000] {logging_mixin.py:188} INFO - [2026-05-08T11:57:56.015+0000] {dagbag.py:545} INFO - Filling up the DagBag from /home/airflow/.local/lib/python3.12/site-packages/airflow/example_dags/example_branch_python_dop_operator_3.py
[2026-05-08T11:57:56.024+0000] {processor.py:840} INFO - DAG(s) 'example_branch_dop_operator_v3' retrieved from /home/airflow/.local/lib/python3.12/site-packages/airflow/example_dags/example_branch_python_dop_operator_3.py
[2026-05-08T11:57:56.044+0000] {logging_mixin.py:188} INFO - [2026-05-08T11:57:56.044+0000] {dag.py:3089} INFO - Sync 1 DAGs
[2026-05-08T11:57:56.068+0000] {logging_mixin.py:188} INFO - [2026-05-08T11:57:56.067+0000] {dag.py:3947} INFO - Setting next_dagrun for example_branch_dop_operator_v3 to 2026-05-08 11:56:00+00:00, run_after=2026-05-08 11:57:00+00:00
[2026-05-08T11:57:56.086+0000] {processor.py:183} INFO - Processing /home/airflow/.local/lib/python3.12/site-packages/airflow/example_dags/example_branch_python_dop_operator_3.py took 0.086 seconds
[2026-05-08T11:58:26.645+0000] {processor.py:161} INFO - Started process (PID=1599) to work on /home/airflow/.local/lib/python3.12/site-packages/airflow/example_dags/example_branch_python_dop_operator_3.py
[2026-05-08T11:58:26.646+0000] {processor.py:830} INFO - Processing file /home/airflow/.local/lib/python3.12/site-packages/airflow/example_dags/example_branch_python_dop_operator_3.py for tasks to queue
[2026-05-08T11:58:26.649+0000] {logging_mixin.py:188} INFO - [2026-05-08T11:58:26.648+0000] {dagbag.py:545} INFO - Filling up the DagBag from /home/airflow/.local/lib/python3.12/site-packages/airflow/example_dags/example_branch_python_dop_operator_3.py
[2026-05-08T11:58:26.658+0000] {processor.py:840} INFO - DAG(s) 'example_branch_dop_operator_v3' retrieved from /home/airflow/.local/lib/python3.12/site-packages/airflow/example_dags/example_branch_python_dop_operator_3.py
[2026-05-08T11:58:26.681+0000] {logging_mixin.py:188} INFO - [2026-05-08T11:58:26.681+0000] {dag.py:3089} INFO - Sync 1 DAGs
[2026-05-08T11:58:26.706+0000] {logging_mixin.py:188} INFO - [2026-05-08T11:58:26.705+0000] {dag.py:3947} INFO - Setting next_dagrun for example_branch_dop_operator_v3 to 2026-05-08 11:57:00+00:00, run_after=2026-05-08 11:58:00+00:00
[2026-05-08T11:58:26.726+0000] {processor.py:183} INFO - Processing /home/airflow/.local/lib/python3.12/site-packages/airflow/example_dags/example_branch_python_dop_operator_3.py took 0.088 seconds
[2026-05-08T11:58:57.097+0000] {processor.py:161} INFO - Started process (PID=1657) to work on /home/airflow/.local/lib/python3.12/site-packages/airflow/example_dags/example_branch_python_dop_operator_3.py
[2026-05-08T11:58:57.098+0000] {processor.py:830} INFO - Processing file /home/airflow/.local/lib/python3.12/site-packages/airflow/example_dags/example_branch_python_dop_operator_3.py for tasks to queue
[2026-05-08T11:58:57.100+0000] {logging_mixin.py:188} INFO - [2026-05-08T11:58:57.100+0000] {dagbag.py:545} INFO - Filling up the DagBag from /home/airflow/.local/lib/python3.12/site-packages/airflow/example_dags/example_branch_python_dop_operator_3.py
[2026-05-08T11:58:57.110+0000] {processor.py:840} INFO - DAG(s) 'example_branch_dop_operator_v3' retrieved from /home/airflow/.local/lib/python3.12/site-packages/airflow/example_dags/example_branch_python_dop_operator_3.py
[2026-05-08T11:58:57.139+0000] {logging_mixin.py:188} INFO - [2026-05-08T11:58:57.138+0000] {dag.py:3089} INFO - Sync 1 DAGs
[2026-05-08T11:58:57.178+0000] {logging_mixin.py:188} INFO - [2026-05-08T11:58:57.177+0000] {dag.py:3947} INFO - Setting next_dagrun for example_branch_dop_operator_v3 to 2026-05-08 11:57:00+00:00, run_after=2026-05-08 11:58:00+00:00
[2026-05-08T11:58:57.206+0000] {processor.py:183} INFO - Processing /home/airflow/.local/lib/python3.12/site-packages/airflow/example_dags/example_branch_python_dop_operator_3.py took 0.115 seconds
[2026-05-08T11:59:27.491+0000] {processor.py:161} INFO - Started process (PID=1715) to work on /home/airflow/.local/lib/python3.12/site-packages/airflow/example_dags/example_branch_python_dop_operator_3.py
[2026-05-08T11:59:27.493+0000] {processor.py:830} INFO - Processing file /home/airflow/.local/lib/python3.12/site-packages/airflow/example_dags/example_branch_python_dop_operator_3.py for tasks to queue
[2026-05-08T11:59:27.496+0000] {logging_mixin.py:188} INFO - [2026-05-08T11:59:27.495+0000] {dagbag.py:545} INFO - Filling up the DagBag from /home/airflow/.local/lib/python3.12/site-packages/airflow/example_dags/example_branch_python_dop_operator_3.py
[2026-05-08T11:59:27.507+0000] {processor.py:840} INFO - DAG(s) 'example_branch_dop_operator_v3' retrieved from /home/airflow/.local/lib/python3.12/site-packages/airflow/example_dags/example_branch_python_dop_operator_3.py
[2026-05-08T11:59:27.533+0000] {logging_mixin.py:188} INFO - [2026-05-08T11:59:27.532+0000] {dag.py:3089} INFO - Sync 1 DAGs
[2026-05-08T11:59:27.560+0000] {logging_mixin.py:188} INFO - [2026-05-08T11:59:27.560+0000] {dag.py:3947} INFO - Setting next_dagrun for example_branch_dop_operator_v3 to 2026-05-08 11:58:00+00:00, run_after=2026-05-08 11:59:00+00:00
[2026-05-08T11:59:27.583+0000] {processor.py:183} INFO - Processing /home/airflow/.local/lib/python3.12/site-packages/airflow/example_dags/example_branch_python_dop_operator_3.py took 0.101 seconds
[2026-05-08T13:36:17.852+0000] {processor.py:161} INFO - Started process (PID=85) to work on /home/airflow/.local/lib/python3.12/site-packages/airflow/example_dags/example_branch_python_dop_operator_3.py
[2026-05-08T13:36:17.853+0000] {processor.py:830} INFO - Processing file /home/airflow/.local/lib/python3.12/site-packages/airflow/example_dags/example_branch_python_dop_operator_3.py for tasks to queue
[2026-05-08T13:36:17.856+0000] {logging_mixin.py:188} INFO - [2026-05-08T13:36:17.855+0000] {dagbag.py:545} INFO - Filling up the DagBag from /home/airflow/.local/lib/python3.12/site-packages/airflow/example_dags/example_branch_python_dop_operator_3.py
[2026-05-08T13:36:17.863+0000] {processor.py:840} INFO - DAG(s) 'example_branch_dop_operator_v3' retrieved from /home/airflow/.local/lib/python3.12/site-packages/airflow/example_dags/example_branch_python_dop_operator_3.py
[2026-05-08T13:36:17.883+0000] {logging_mixin.py:188} INFO - [2026-05-08T13:36:17.883+0000] {dag.py:3089} INFO - Sync 1 DAGs
[2026-05-08T13:36:17.906+0000] {logging_mixin.py:188} INFO - [2026-05-08T13:36:17.906+0000] {dag.py:3947} INFO - Setting next_dagrun for example_branch_dop_operator_v3 to 2026-05-08 13:35:00+00:00, run_after=2026-05-08 13:36:00+00:00
[2026-05-08T13:36:17.923+0000] {processor.py:183} INFO - Processing /home/airflow/.local/lib/python3.12/site-packages/airflow/example_dags/example_branch_python_dop_operator_3.py took 0.077 seconds
[2026-05-08T13:36:48.601+0000] {processor.py:161} INFO - Started process (PID=149) to work on /home/airflow/.local/lib/python3.12/site-packages/airflow/example_dags/example_branch_python_dop_operator_3.py
[2026-05-08T13:36:48.601+0000] {processor.py:830} INFO - Processing file /home/airflow/.local/lib/python3.12/site-packages/airflow/example_dags/example_branch_python_dop_operator_3.py for tasks to queue
[2026-05-08T13:36:48.603+0000] {logging_mixin.py:188} INFO - [2026-05-08T13:36:48.603+0000] {dagbag.py:545} INFO - Filling up the DagBag from /home/airflow/.local/lib/python3.12/site-packages/airflow/example_dags/example_branch_python_dop_operator_3.py
[2026-05-08T13:36:48.609+0000] {processor.py:840} INFO - DAG(s) 'example_branch_dop_operator_v3' retrieved from /home/airflow/.local/lib/python3.12/site-packages/airflow/example_dags/example_branch_python_dop_operator_3.py
[2026-05-08T13:36:48.627+0000] {logging_mixin.py:188} INFO - [2026-05-08T13:36:48.627+0000] {dag.py:3089} INFO - Sync 1 DAGs
[2026-05-08T13:36:48.645+0000] {logging_mixin.py:188} INFO - [2026-05-08T13:36:48.645+0000] {dag.py:3947} INFO - Setting next_dagrun for example_branch_dop_operator_v3 to 2026-05-08 13:35:00+00:00, run_after=2026-05-08 13:36:00+00:00
[2026-05-08T13:36:48.660+0000] {processor.py:183} INFO - Processing /home/airflow/.local/lib/python3.12/site-packages/airflow/example_dags/example_branch_python_dop_operator_3.py took 0.064 seconds
[2026-05-08T13:37:19.130+0000] {processor.py:161} INFO - Started process (PID=207) to work on /home/airflow/.local/lib/python3.12/site-packages/airflow/example_dags/example_branch_python_dop_operator_3.py
[2026-05-08T13:37:19.131+0000] {processor.py:830} INFO - Processing file /home/airflow/.local/lib/python3.12/site-packages/airflow/example_dags/example_branch_python_dop_operator_3.py for tasks to queue
[2026-05-08T13:37:19.132+0000] {logging_mixin.py:188} INFO - [2026-05-08T13:37:19.132+0000] {dagbag.py:545} INFO - Filling up the DagBag from /home/airflow/.local/lib/python3.12/site-packages/airflow/example_dags/example_branch_python_dop_operator_3.py
[2026-05-08T13:37:19.139+0000] {processor.py:840} INFO - DAG(s) 'example_branch_dop_operator_v3' retrieved from /home/airflow/.local/lib/python3.12/site-packages/airflow/example_dags/example_branch_python_dop_operator_3.py
[2026-05-08T13:37:19.151+0000] {logging_mixin.py:188} INFO - [2026-05-08T13:37:19.150+0000] {dag.py:3089} INFO - Sync 1 DAGs
[2026-05-08T13:37:19.173+0000] {logging_mixin.py:188} INFO - [2026-05-08T13:37:19.173+0000] {dag.py:3947} INFO - Setting next_dagrun for example_branch_dop_operator_v3 to 2026-05-08 13:36:00+00:00, run_after=2026-05-08 13:37:00+00:00
[2026-05-08T13:37:19.189+0000] {processor.py:183} INFO - Processing /home/airflow/.local/lib/python3.12/site-packages/airflow/example_dags/example_branch_python_dop_operator_3.py took 0.065 seconds
[2026-05-08T13:37:50.823+0000] {processor.py:161} INFO - Started process (PID=265) to work on /home/airflow/.local/lib/python3.12/site-packages/airflow/example_dags/example_branch_python_dop_operator_3.py
[2026-05-08T13:37:50.824+0000] {processor.py:830} INFO - Processing file /home/airflow/.local/lib/python3.12/site-packages/airflow/example_dags/example_branch_python_dop_operator_3.py for tasks to queue
[2026-05-08T13:37:50.826+0000] {logging_mixin.py:188} INFO - [2026-05-08T13:37:50.826+0000] {dagbag.py:545} INFO - Filling up the DagBag from /home/airflow/.local/lib/python3.12/site-packages/airflow/example_dags/example_branch_python_dop_operator_3.py
[2026-05-08T13:37:50.832+0000] {processor.py:840} INFO - DAG(s) 'example_branch_dop_operator_v3' retrieved from /home/airflow/.local/lib/python3.12/site-packages/airflow/example_dags/example_branch_python_dop_operator_3.py
[2026-05-08T13:37:50.915+0000] {logging_mixin.py:188} INFO - [2026-05-08T13:37:50.915+0000] {dag.py:3089} INFO - Sync 1 DAGs
[2026-05-08T13:37:50.933+0000] {logging_mixin.py:188} INFO - [2026-05-08T13:37:50.933+0000] {dag.py:3947} INFO - Setting next_dagrun for example_branch_dop_operator_v3 to 2026-05-08 13:36:00+00:00, run_after=2026-05-08 13:37:00+00:00
[2026-05-08T13:37:50.948+0000] {processor.py:183} INFO - Processing /home/airflow/.local/lib/python3.12/site-packages/airflow/example_dags/example_branch_python_dop_operator_3.py took 0.129 seconds
[2026-05-08T13:38:21.808+0000] {processor.py:161} INFO - Started process (PID=323) to work on /home/airflow/.local/lib/python3.12/site-packages/airflow/example_dags/example_branch_python_dop_operator_3.py
[2026-05-08T13:38:21.809+0000] {processor.py:830} INFO - Processing file /home/airflow/.local/lib/python3.12/site-packages/airflow/example_dags/example_branch_python_dop_operator_3.py for tasks to queue
[2026-05-08T13:38:21.811+0000] {logging_mixin.py:188} INFO - [2026-05-08T13:38:21.810+0000] {dagbag.py:545} INFO - Filling up the DagBag from /home/airflow/.local/lib/python3.12/site-packages/airflow/example_dags/example_branch_python_dop_operator_3.py
[2026-05-08T13:38:21.817+0000] {processor.py:840} INFO - DAG(s) 'example_branch_dop_operator_v3' retrieved from /home/airflow/.local/lib/python3.12/site-packages/airflow/example_dags/example_branch_python_dop_operator_3.py
[2026-05-08T13:38:21.832+0000] {logging_mixin.py:188} INFO - [2026-05-08T13:38:21.832+0000] {dag.py:3089} INFO - Sync 1 DAGs
[2026-05-08T13:38:21.848+0000] {logging_mixin.py:188} INFO - [2026-05-08T13:38:21.848+0000] {dag.py:3947} INFO - Setting next_dagrun for example_branch_dop_operator_v3 to 2026-05-08 13:37:00+00:00, run_after=2026-05-08 13:38:00+00:00
[2026-05-08T13:38:21.861+0000] {processor.py:183} INFO - Processing /home/airflow/.local/lib/python3.12/site-packages/airflow/example_dags/example_branch_python_dop_operator_3.py took 0.057 seconds
[2026-05-08T13:38:52.284+0000] {processor.py:161} INFO - Started process (PID=381) to work on /home/airflow/.local/lib/python3.12/site-packages/airflow/example_dags/example_branch_python_dop_operator_3.py
[2026-05-08T13:38:52.284+0000] {processor.py:830} INFO - Processing file /home/airflow/.local/lib/python3.12/site-packages/airflow/example_dags/example_branch_python_dop_operator_3.py for tasks to queue
[2026-05-08T13:38:52.286+0000] {logging_mixin.py:188} INFO - [2026-05-08T13:38:52.286+0000] {dagbag.py:545} INFO - Filling up the DagBag from /home/airflow/.local/lib/python3.12/site-packages/airflow/example_dags/example_branch_python_dop_operator_3.py
[2026-05-08T13:38:52.292+0000] {processor.py:840} INFO - DAG(s) 'example_branch_dop_operator_v3' retrieved from /home/airflow/.local/lib/python3.12/site-packages/airflow/example_dags/example_branch_python_dop_operator_3.py
[2026-05-08T13:38:52.310+0000] {logging_mixin.py:188} INFO - [2026-05-08T13:38:52.310+0000] {dag.py:3089} INFO - Sync 1 DAGs
[2026-05-08T13:38:52.326+0000] {logging_mixin.py:188} INFO - [2026-05-08T13:38:52.326+0000] {dag.py:3947} INFO - Setting next_dagrun for example_branch_dop_operator_v3 to 2026-05-08 13:37:00+00:00, run_after=2026-05-08 13:38:00+00:00
[2026-05-08T13:38:52.338+0000] {processor.py:183} INFO - Processing /home/airflow/.local/lib/python3.12/site-packages/airflow/example_dags/example_branch_python_dop_operator_3.py took 0.059 seconds
[2026-05-08T13:39:22.747+0000] {processor.py:161} INFO - Started process (PID=439) to work on /home/airflow/.local/lib/python3.12/site-packages/airflow/example_dags/example_branch_python_dop_operator_3.py
[2026-05-08T13:39:22.747+0000] {processor.py:830} INFO - Processing file /home/airflow/.local/lib/python3.12/site-packages/airflow/example_dags/example_branch_python_dop_operator_3.py for tasks to queue
[2026-05-08T13:39:22.749+0000] {logging_mixin.py:188} INFO - [2026-05-08T13:39:22.749+0000] {dagbag.py:545} INFO - Filling up the DagBag from /home/airflow/.local/lib/python3.12/site-packages/airflow/example_dags/example_branch_python_dop_operator_3.py
[2026-05-08T13:39:22.756+0000] {processor.py:840} INFO - DAG(s) 'example_branch_dop_operator_v3' retrieved from /home/airflow/.local/lib/python3.12/site-packages/airflow/example_dags/example_branch_python_dop_operator_3.py
[2026-05-08T13:39:22.773+0000] {logging_mixin.py:188} INFO - [2026-05-08T13:39:22.772+0000] {dag.py:3089} INFO - Sync 1 DAGs
[2026-05-08T13:39:22.790+0000] {logging_mixin.py:188} INFO - [2026-05-08T13:39:22.790+0000] {dag.py:3947} INFO - Setting next_dagrun for example_branch_dop_operator_v3 to 2026-05-08 13:38:00+00:00, run_after=2026-05-08 13:39:00+00:00
[2026-05-08T13:39:22.808+0000] {processor.py:183} INFO - Processing /home/airflow/.local/lib/python3.12/site-packages/airflow/example_dags/example_branch_python_dop_operator_3.py took 0.066 seconds
[2026-05-08T13:39:53.143+0000] {processor.py:161} INFO - Started process (PID=497) to work on /home/airflow/.local/lib/python3.12/site-packages/airflow/example_dags/example_branch_python_dop_operator_3.py
[2026-05-08T13:39:53.144+0000] {processor.py:830} INFO - Processing file /home/airflow/.local/lib/python3.12/site-packages/airflow/example_dags/example_branch_python_dop_operator_3.py for tasks to queue
[2026-05-08T13:39:53.145+0000] {logging_mixin.py:188} INFO - [2026-05-08T13:39:53.145+0000] {dagbag.py:545} INFO - Filling up the DagBag from /home/airflow/.local/lib/python3.12/site-packages/airflow/example_dags/example_branch_python_dop_operator_3.py
[2026-05-08T13:39:53.151+0000] {processor.py:840} INFO - DAG(s) 'example_branch_dop_operator_v3' retrieved from /home/airflow/.local/lib/python3.12/site-packages/airflow/example_dags/example_branch_python_dop_operator_3.py
[2026-05-08T13:39:53.167+0000] {logging_mixin.py:188} INFO - [2026-05-08T13:39:53.167+0000] {dag.py:3089} INFO - Sync 1 DAGs
[2026-05-08T13:39:53.183+0000] {logging_mixin.py:188} INFO - [2026-05-08T13:39:53.183+0000] {dag.py:3947} INFO - Setting next_dagrun for example_branch_dop_operator_v3 to 2026-05-08 13:38:00+00:00, run_after=2026-05-08 13:39:00+00:00
[2026-05-08T13:39:53.194+0000] {processor.py:183} INFO - Processing /home/airflow/.local/lib/python3.12/site-packages/airflow/example_dags/example_branch_python_dop_operator_3.py took 0.055 seconds
[2026-05-08T13:40:23.376+0000] {processor.py:161} INFO - Started process (PID=555) to work on /home/airflow/.local/lib/python3.12/site-packages/airflow/example_dags/example_branch_python_dop_operator_3.py
[2026-05-08T13:40:23.377+0000] {processor.py:830} INFO - Processing file /home/airflow/.local/lib/python3.12/site-packages/airflow/example_dags/example_branch_python_dop_operator_3.py for tasks to queue
[2026-05-08T13:40:23.378+0000] {logging_mixin.py:188} INFO - [2026-05-08T13:40:23.378+0000] {dagbag.py:545} INFO - Filling up the DagBag from /home/airflow/.local/lib/python3.12/site-packages/airflow/example_dags/example_branch_python_dop_operator_3.py
[2026-05-08T13:40:23.386+0000] {processor.py:840} INFO - DAG(s) 'example_branch_dop_operator_v3' retrieved from /home/airflow/.local/lib/python3.12/site-packages/airflow/example_dags/example_branch_python_dop_operator_3.py
[2026-05-08T13:40:23.401+0000] {logging_mixin.py:188} INFO - [2026-05-08T13:40:23.401+0000] {dag.py:3089} INFO - Sync 1 DAGs
[2026-05-08T13:40:23.416+0000] {logging_mixin.py:188} INFO - [2026-05-08T13:40:23.416+0000] {dag.py:3947} INFO - Setting next_dagrun for example_branch_dop_operator_v3 to 2026-05-08 13:39:00+00:00, run_after=2026-05-08 13:40:00+00:00
[2026-05-08T13:40:23.428+0000] {processor.py:183} INFO - Processing /home/airflow/.local/lib/python3.12/site-packages/airflow/example_dags/example_branch_python_dop_operator_3.py took 0.057 seconds
[2026-05-08T13:40:53.771+0000] {processor.py:161} INFO - Started process (PID=613) to work on /home/airflow/.local/lib/python3.12/site-packages/airflow/example_dags/example_branch_python_dop_operator_3.py
[2026-05-08T13:40:53.772+0000] {processor.py:830} INFO - Processing file /home/airflow/.local/lib/python3.12/site-packages/airflow/example_dags/example_branch_python_dop_operator_3.py for tasks to queue
[2026-05-08T13:40:53.774+0000] {logging_mixin.py:188} INFO - [2026-05-08T13:40:53.773+0000] {dagbag.py:545} INFO - Filling up the DagBag from /home/airflow/.local/lib/python3.12/site-packages/airflow/example_dags/example_branch_python_dop_operator_3.py
[2026-05-08T13:40:53.781+0000] {processor.py:840} INFO - DAG(s) 'example_branch_dop_operator_v3' retrieved from /home/airflow/.local/lib/python3.12/site-packages/airflow/example_dags/example_branch_python_dop_operator_3.py
[2026-05-08T13:40:53.797+0000] {logging_mixin.py:188} INFO - [2026-05-08T13:40:53.796+0000] {dag.py:3089} INFO - Sync 1 DAGs
[2026-05-08T13:40:53.812+0000] {logging_mixin.py:188} INFO - [2026-05-08T13:40:53.812+0000] {dag.py:3947} INFO - Setting next_dagrun for example_branch_dop_operator_v3 to 2026-05-08 13:39:00+00:00, run_after=2026-05-08 13:40:00+00:00
[2026-05-08T13:40:53.823+0000] {processor.py:183} INFO - Processing /home/airflow/.local/lib/python3.12/site-packages/airflow/example_dags/example_branch_python_dop_operator_3.py took 0.057 seconds
[2026-05-08T13:41:24.056+0000] {processor.py:161} INFO - Started process (PID=671) to work on /home/airflow/.local/lib/python3.12/site-packages/airflow/example_dags/example_branch_python_dop_operator_3.py
[2026-05-08T13:41:24.057+0000] {processor.py:830} INFO - Processing file /home/airflow/.local/lib/python3.12/site-packages/airflow/example_dags/example_branch_python_dop_operator_3.py for tasks to queue
[2026-05-08T13:41:24.059+0000] {logging_mixin.py:188} INFO - [2026-05-08T13:41:24.058+0000] {dagbag.py:545} INFO - Filling up the DagBag from /home/airflow/.local/lib/python3.12/site-packages/airflow/example_dags/example_branch_python_dop_operator_3.py
[2026-05-08T13:41:24.065+0000] {processor.py:840} INFO - DAG(s) 'example_branch_dop_operator_v3' retrieved from /home/airflow/.local/lib/python3.12/site-packages/airflow/example_dags/example_branch_python_dop_operator_3.py
[2026-05-08T13:41:24.081+0000] {logging_mixin.py:188} INFO - [2026-05-08T13:41:24.080+0000] {dag.py:3089} INFO - Sync 1 DAGs
[2026-05-08T13:41:24.096+0000] {logging_mixin.py:188} INFO - [2026-05-08T13:41:24.096+0000] {dag.py:3947} INFO - Setting next_dagrun for example_branch_dop_operator_v3 to 2026-05-08 13:40:00+00:00, run_after=2026-05-08 13:41:00+00:00
[2026-05-08T13:41:24.108+0000] {processor.py:183} INFO - Processing /home/airflow/.local/lib/python3.12/site-packages/airflow/example_dags/example_branch_python_dop_operator_3.py took 0.056 seconds
[2026-05-08T13:41:54.334+0000] {processor.py:161} INFO - Started process (PID=729) to work on /home/airflow/.local/lib/python3.12/site-packages/airflow/example_dags/example_branch_python_dop_operator_3.py
[2026-05-08T13:41:54.335+0000] {processor.py:830} INFO - Processing file /home/airflow/.local/lib/python3.12/site-packages/airflow/example_dags/example_branch_python_dop_operator_3.py for tasks to queue
[2026-05-08T13:41:54.336+0000] {logging_mixin.py:188} INFO - [2026-05-08T13:41:54.336+0000] {dagbag.py:545} INFO - Filling up the DagBag from /home/airflow/.local/lib/python3.12/site-packages/airflow/example_dags/example_branch_python_dop_operator_3.py
[2026-05-08T13:41:54.343+0000] {processor.py:840} INFO - DAG(s) 'example_branch_dop_operator_v3' retrieved from /home/airflow/.local/lib/python3.12/site-packages/airflow/example_dags/example_branch_python_dop_operator_3.py
[2026-05-08T13:41:54.359+0000] {logging_mixin.py:188} INFO - [2026-05-08T13:41:54.359+0000] {dag.py:3089} INFO - Sync 1 DAGs
[2026-05-08T13:41:54.375+0000] {logging_mixin.py:188} INFO - [2026-05-08T13:41:54.375+0000] {dag.py:3947} INFO - Setting next_dagrun for example_branch_dop_operator_v3 to 2026-05-08 13:40:00+00:00, run_after=2026-05-08 13:41:00+00:00
[2026-05-08T13:41:54.387+0000] {processor.py:183} INFO - Processing /home/airflow/.local/lib/python3.12/site-packages/airflow/example_dags/example_branch_python_dop_operator_3.py took 0.060 seconds
[2026-05-08T13:42:24.651+0000] {processor.py:161} INFO - Started process (PID=787) to work on /home/airflow/.local/lib/python3.12/site-packages/airflow/example_dags/example_branch_python_dop_operator_3.py
[2026-05-08T13:42:24.652+0000] {processor.py:830} INFO - Processing file /home/airflow/.local/lib/python3.12/site-packages/airflow/example_dags/example_branch_python_dop_operator_3.py for tasks to queue
[2026-05-08T13:42:24.654+0000] {logging_mixin.py:188} INFO - [2026-05-08T13:42:24.654+0000] {dagbag.py:545} INFO - Filling up the DagBag from /home/airflow/.local/lib/python3.12/site-packages/airflow/example_dags/example_branch_python_dop_operator_3.py
[2026-05-08T13:42:24.660+0000] {processor.py:840} INFO - DAG(s) 'example_branch_dop_operator_v3' retrieved from /home/airflow/.local/lib/python3.12/site-packages/airflow/example_dags/example_branch_python_dop_operator_3.py
[2026-05-08T13:42:24.674+0000] {logging_mixin.py:188} INFO - [2026-05-08T13:42:24.674+0000] {dag.py:3089} INFO - Sync 1 DAGs
[2026-05-08T13:42:24.692+0000] {logging_mixin.py:188} INFO - [2026-05-08T13:42:24.692+0000] {dag.py:3947} INFO - Setting next_dagrun for example_branch_dop_operator_v3 to 2026-05-08 13:41:00+00:00, run_after=2026-05-08 13:42:00+00:00
[2026-05-08T13:42:24.705+0000] {processor.py:183} INFO - Processing /home/airflow/.local/lib/python3.12/site-packages/airflow/example_dags/example_branch_python_dop_operator_3.py took 0.058 seconds
[2026-05-08T13:42:55.010+0000] {processor.py:161} INFO - Started process (PID=845) to work on /home/airflow/.local/lib/python3.12/site-packages/airflow/example_dags/example_branch_python_dop_operator_3.py
[2026-05-08T13:42:55.010+0000] {processor.py:830} INFO - Processing file /home/airflow/.local/lib/python3.12/site-packages/airflow/example_dags/example_branch_python_dop_operator_3.py for tasks to queue
[2026-05-08T13:42:55.012+0000] {logging_mixin.py:188} INFO - [2026-05-08T13:42:55.012+0000] {dagbag.py:545} INFO - Filling up the DagBag from /home/airflow/.local/lib/python3.12/site-packages/airflow/example_dags/example_branch_python_dop_operator_3.py
[2026-05-08T13:42:55.019+0000] {processor.py:840} INFO - DAG(s) 'example_branch_dop_operator_v3' retrieved from /home/airflow/.local/lib/python3.12/site-packages/airflow/example_dags/example_branch_python_dop_operator_3.py
[2026-05-08T13:42:55.038+0000] {logging_mixin.py:188} INFO - [2026-05-08T13:42:55.038+0000] {dag.py:3089} INFO - Sync 1 DAGs
[2026-05-08T13:42:55.058+0000] {logging_mixin.py:188} INFO - [2026-05-08T13:42:55.058+0000] {dag.py:3947} INFO - Setting next_dagrun for example_branch_dop_operator_v3 to 2026-05-08 13:41:00+00:00, run_after=2026-05-08 13:42:00+00:00
[2026-05-08T13:42:55.076+0000] {processor.py:183} INFO - Processing /home/airflow/.local/lib/python3.12/site-packages/airflow/example_dags/example_branch_python_dop_operator_3.py took 0.071 seconds
[2026-05-08T13:43:25.454+0000] {processor.py:161} INFO - Started process (PID=903) to work on /home/airflow/.local/lib/python3.12/site-packages/airflow/example_dags/example_branch_python_dop_operator_3.py
[2026-05-08T13:43:25.455+0000] {processor.py:830} INFO - Processing file /home/airflow/.local/lib/python3.12/site-packages/airflow/example_dags/example_branch_python_dop_operator_3.py for tasks to queue
[2026-05-08T13:43:25.456+0000] {logging_mixin.py:188} INFO - [2026-05-08T13:43:25.456+0000] {dagbag.py:545} INFO - Filling up the DagBag from /home/airflow/.local/lib/python3.12/site-packages/airflow/example_dags/example_branch_python_dop_operator_3.py
[2026-05-08T13:43:25.462+0000] {processor.py:840} INFO - DAG(s) 'example_branch_dop_operator_v3' retrieved from /home/airflow/.local/lib/python3.12/site-packages/airflow/example_dags/example_branch_python_dop_operator_3.py
[2026-05-08T13:43:25.478+0000] {logging_mixin.py:188} INFO - [2026-05-08T13:43:25.478+0000] {dag.py:3089} INFO - Sync 1 DAGs
[2026-05-08T13:43:25.497+0000] {logging_mixin.py:188} INFO - [2026-05-08T13:43:25.497+0000] {dag.py:3947} INFO - Setting next_dagrun for example_branch_dop_operator_v3 to 2026-05-08 13:42:00+00:00, run_after=2026-05-08 13:43:00+00:00
[2026-05-08T13:43:25.510+0000] {processor.py:183} INFO - Processing /home/airflow/.local/lib/python3.12/site-packages/airflow/example_dags/example_branch_python_dop_operator_3.py took 0.060 seconds
[2026-05-08T13:43:56.054+0000] {processor.py:161} INFO - Started process (PID=961) to work on /home/airflow/.local/lib/python3.12/site-packages/airflow/example_dags/example_branch_python_dop_operator_3.py
[2026-05-08T13:43:56.055+0000] {processor.py:830} INFO - Processing file /home/airflow/.local/lib/python3.12/site-packages/airflow/example_dags/example_branch_python_dop_operator_3.py for tasks to queue
[2026-05-08T13:43:56.057+0000] {logging_mixin.py:188} INFO - [2026-05-08T13:43:56.056+0000] {dagbag.py:545} INFO - Filling up the DagBag from /home/airflow/.local/lib/python3.12/site-packages/airflow/example_dags/example_branch_python_dop_operator_3.py
[2026-05-08T13:43:56.063+0000] {processor.py:840} INFO - DAG(s) 'example_branch_dop_operator_v3' retrieved from /home/airflow/.local/lib/python3.12/site-packages/airflow/example_dags/example_branch_python_dop_operator_3.py
[2026-05-08T13:43:56.078+0000] {logging_mixin.py:188} INFO - [2026-05-08T13:43:56.078+0000] {dag.py:3089} INFO - Sync 1 DAGs
[2026-05-08T13:43:56.097+0000] {logging_mixin.py:188} INFO - [2026-05-08T13:43:56.097+0000] {dag.py:3947} INFO - Setting next_dagrun for example_branch_dop_operator_v3 to 2026-05-08 13:42:00+00:00, run_after=2026-05-08 13:43:00+00:00
[2026-05-08T13:43:56.109+0000] {processor.py:183} INFO - Processing /home/airflow/.local/lib/python3.12/site-packages/airflow/example_dags/example_branch_python_dop_operator_3.py took 0.060 seconds
