[2026-05-10T12:09:18.092+0000] {local_task_job_runner.py:120} INFO - ::group::Pre task execution logs
[2026-05-10T12:09:18.109+0000] {taskinstance.py:2076} INFO - Dependencies all met for dep_context=non-requeueable deps ti=<TaskInstance: sync_to_clickhouse.sync_weather manual__2026-05-10T12:08:13.122170+00:00 [queued]>
[2026-05-10T12:09:18.113+0000] {taskinstance.py:2076} INFO - Dependencies all met for dep_context=requeueable deps ti=<TaskInstance: sync_to_clickhouse.sync_weather manual__2026-05-10T12:08:13.122170+00:00 [queued]>
[2026-05-10T12:09:18.114+0000] {taskinstance.py:2306} INFO - Starting attempt 2 of 2
[2026-05-10T12:09:18.124+0000] {taskinstance.py:2330} INFO - Executing <Task(PythonOperator): sync_weather> on 2026-05-10 12:08:13.122170+00:00
[2026-05-10T12:09:18.132+0000] {warnings.py:112} WARNING - /home/***/.local/lib/python3.12/site-packages/***/task/task_runner/standard_task_runner.py:62: DeprecationWarning: This process (pid=134) is multi-threaded, use of fork() may lead to deadlocks in the child.
  pid = os.fork()

[2026-05-10T12:09:18.133+0000] {standard_task_runner.py:64} INFO - Started process 136 to run task
[2026-05-10T12:09:18.133+0000] {standard_task_runner.py:90} INFO - Running: ['***', 'tasks', 'run', 'sync_to_clickhouse', 'sync_weather', 'manual__2026-05-10T12:08:13.122170+00:00', '--job-id', '14', '--raw', '--subdir', 'DAGS_FOLDER/sync_to_clickhouse.py', '--cfg-path', '/tmp/tmpm369hpiw']
[2026-05-10T12:09:18.136+0000] {standard_task_runner.py:91} INFO - Job 14: Subtask sync_weather
[2026-05-10T12:09:18.173+0000] {task_command.py:426} INFO - Running <TaskInstance: sync_to_clickhouse.sync_weather manual__2026-05-10T12:08:13.122170+00:00 [running]> on host dfa1561081ea
[2026-05-10T12:09:18.234+0000] {taskinstance.py:2648} INFO - Exporting env vars: AIRFLOW_CTX_DAG_OWNER='Cheburek' AIRFLOW_CTX_DAG_ID='sync_to_clickhouse' AIRFLOW_CTX_TASK_ID='sync_weather' AIRFLOW_CTX_EXECUTION_DATE='2026-05-10T12:08:13.122170+00:00' AIRFLOW_CTX_TRY_NUMBER='2' AIRFLOW_CTX_DAG_RUN_ID='manual__2026-05-10T12:08:13.122170+00:00'
[2026-05-10T12:09:18.235+0000] {taskinstance.py:430} INFO - ::endgroup::
[2026-05-10T12:09:18.268+0000] {taskinstance.py:441} INFO - ::group::Post task execution logs
[2026-05-10T12:09:18.269+0000] {taskinstance.py:2905} ERROR - Task failed with exception
Traceback (most recent call last):
  File "/home/airflow/.local/lib/python3.12/site-packages/sqlalchemy/engine/base.py", line 1910, in _execute_context
    self.dialect.do_execute(
  File "/home/airflow/.local/lib/python3.12/site-packages/sqlalchemy/engine/default.py", line 736, in do_execute
    cursor.execute(statement, parameters)
psycopg2.errors.UndefinedTable: relation "weather" does not exist
LINE 2: FROM weather 
             ^


The above exception was the direct cause of the following exception:

Traceback (most recent call last):
  File "/home/airflow/.local/lib/python3.12/site-packages/airflow/models/taskinstance.py", line 465, in _execute_task
    result = _execute_callable(context=context, **execute_callable_kwargs)
             ^^^^^^^^^^^^^^^^^^^^^^^^^^^^^^^^^^^^^^^^^^^^^^^^^^^^^^^^^^^^^
  File "/home/airflow/.local/lib/python3.12/site-packages/airflow/models/taskinstance.py", line 432, in _execute_callable
    return execute_callable(context=context, **execute_callable_kwargs)
           ^^^^^^^^^^^^^^^^^^^^^^^^^^^^^^^^^^^^^^^^^^^^^^^^^^^^^^^^^^^^
  File "/home/airflow/.local/lib/python3.12/site-packages/airflow/models/baseoperator.py", line 401, in wrapper
    return func(self, *args, **kwargs)
           ^^^^^^^^^^^^^^^^^^^^^^^^^^^
  File "/home/airflow/.local/lib/python3.12/site-packages/airflow/operators/python.py", line 235, in execute
    return_value = self.execute_callable()
                   ^^^^^^^^^^^^^^^^^^^^^^^
  File "/home/airflow/.local/lib/python3.12/site-packages/airflow/operators/python.py", line 252, in execute_callable
    return self.python_callable(*self.op_args, **self.op_kwargs)
           ^^^^^^^^^^^^^^^^^^^^^^^^^^^^^^^^^^^^^^^^^^^^^^^^^^^^^
  File "/opt/airflow/dags/sync_to_clickhouse.py", line 29, in sync_weather
    new_rows = pg.query(models.Weather).filter(models.Weather.id > max_id).all()
               ^^^^^^^^^^^^^^^^^^^^^^^^^^^^^^^^^^^^^^^^^^^^^^^^^^^^^^^^^^^^^^^^^
  File "/home/airflow/.local/lib/python3.12/site-packages/sqlalchemy/orm/query.py", line 2773, in all
    return self._iter().all()
           ^^^^^^^^^^^^
  File "/home/airflow/.local/lib/python3.12/site-packages/sqlalchemy/orm/query.py", line 2916, in _iter
    result = self.session.execute(
             ^^^^^^^^^^^^^^^^^^^^^
  File "/home/airflow/.local/lib/python3.12/site-packages/sqlalchemy/orm/session.py", line 1717, in execute
    result = conn._execute_20(statement, params or {}, execution_options)
             ^^^^^^^^^^^^^^^^^^^^^^^^^^^^^^^^^^^^^^^^^^^^^^^^^^^^^^^^^^^^
  File "/home/airflow/.local/lib/python3.12/site-packages/sqlalchemy/engine/base.py", line 1710, in _execute_20
    return meth(self, args_10style, kwargs_10style, execution_options)
           ^^^^^^^^^^^^^^^^^^^^^^^^^^^^^^^^^^^^^^^^^^^^^^^^^^^^^^^^^^^
  File "/home/airflow/.local/lib/python3.12/site-packages/sqlalchemy/sql/elements.py", line 334, in _execute_on_connection
    return connection._execute_clauseelement(
           ^^^^^^^^^^^^^^^^^^^^^^^^^^^^^^^^^^
  File "/home/airflow/.local/lib/python3.12/site-packages/sqlalchemy/engine/base.py", line 1577, in _execute_clauseelement
    ret = self._execute_context(
          ^^^^^^^^^^^^^^^^^^^^^^
  File "/home/airflow/.local/lib/python3.12/site-packages/sqlalchemy/engine/base.py", line 1953, in _execute_context
    self._handle_dbapi_exception(
  File "/home/airflow/.local/lib/python3.12/site-packages/sqlalchemy/engine/base.py", line 2134, in _handle_dbapi_exception
    util.raise_(
  File "/home/airflow/.local/lib/python3.12/site-packages/sqlalchemy/util/compat.py", line 211, in raise_
    raise exception
  File "/home/airflow/.local/lib/python3.12/site-packages/sqlalchemy/engine/base.py", line 1910, in _execute_context
    self.dialect.do_execute(
  File "/home/airflow/.local/lib/python3.12/site-packages/sqlalchemy/engine/default.py", line 736, in do_execute
    cursor.execute(statement, parameters)
sqlalchemy.exc.ProgrammingError: (psycopg2.errors.UndefinedTable) relation "weather" does not exist
LINE 2: FROM weather 
             ^

[SQL: SELECT weather.id AS weather_id, weather.lat AS weather_lat, weather.lon AS weather_lon, weather.timestamp AS weather_timestamp, weather.temperature AS weather_temperature, weather.pressure AS weather_pressure, weather.humidity AS weather_humidity, weather.wind_speed AS weather_wind_speed, weather.collected_at AS weather_collected_at 
FROM weather 
WHERE weather.id > %(id_1)s]
[parameters: {'id_1': 0}]
(Background on this error at: https://sqlalche.me/e/14/f405)
[2026-05-10T12:09:18.281+0000] {taskinstance.py:1206} INFO - Marking task as FAILED. dag_id=sync_to_clickhouse, task_id=sync_weather, run_id=manual__2026-05-10T12:08:13.122170+00:00, execution_date=20260510T120813, start_date=20260510T120918, end_date=20260510T120918
[2026-05-10T12:09:18.290+0000] {standard_task_runner.py:110} ERROR - Failed to execute job 14 for task sync_weather ((psycopg2.errors.UndefinedTable) relation "weather" does not exist
LINE 2: FROM weather 
             ^

[SQL: SELECT weather.id AS weather_id, weather.lat AS weather_lat, weather.lon AS weather_lon, weather.timestamp AS weather_timestamp, weather.temperature AS weather_temperature, weather.pressure AS weather_pressure, weather.humidity AS weather_humidity, weather.wind_speed AS weather_wind_speed, weather.collected_at AS weather_collected_at 
FROM weather 
WHERE weather.id > %(id_1)s]
[parameters: {'id_1': 0}]
(Background on this error at: https://sqlalche.me/e/14/f405); 136)
[2026-05-10T12:09:18.307+0000] {local_task_job_runner.py:243} INFO - Task exited with return code 1
[2026-05-10T12:09:18.325+0000] {taskinstance.py:3503} INFO - 0 downstream tasks scheduled from follow-on schedule check
[2026-05-10T12:09:18.328+0000] {local_task_job_runner.py:222} INFO - ::endgroup::
