[2026-05-10T12:30:48.611+0000] {local_task_job_runner.py:120} INFO - ::group::Pre task execution logs
[2026-05-10T12:30:48.629+0000] {taskinstance.py:2076} INFO - Dependencies all met for dep_context=non-requeueable deps ti=<TaskInstance: check_locations.check_all_locations scheduled__2026-05-10T12:00:00+00:00 [queued]>
[2026-05-10T12:30:48.634+0000] {taskinstance.py:2076} INFO - Dependencies all met for dep_context=requeueable deps ti=<TaskInstance: check_locations.check_all_locations scheduled__2026-05-10T12:00:00+00:00 [queued]>
[2026-05-10T12:30:48.635+0000] {taskinstance.py:2306} INFO - Starting attempt 1 of 3
[2026-05-10T12:30:48.647+0000] {taskinstance.py:2330} INFO - Executing <Task(PythonOperator): check_all_locations> on 2026-05-10 12:00:00+00:00
[2026-05-10T12:30:48.655+0000] {warnings.py:112} WARNING - /home/***/.local/lib/python3.12/site-packages/***/task/task_runner/standard_task_runner.py:62: DeprecationWarning: This process (pid=125) is multi-threaded, use of fork() may lead to deadlocks in the child.
  pid = os.fork()

[2026-05-10T12:30:48.657+0000] {standard_task_runner.py:64} INFO - Started process 127 to run task
[2026-05-10T12:30:48.657+0000] {standard_task_runner.py:90} INFO - Running: ['***', 'tasks', 'run', 'check_locations', 'check_all_locations', 'scheduled__2026-05-10T12:00:00+00:00', '--job-id', '32', '--raw', '--subdir', 'DAGS_FOLDER/check_locations.py', '--cfg-path', '/tmp/tmps6gwhczz']
[2026-05-10T12:30:48.660+0000] {standard_task_runner.py:91} INFO - Job 32: Subtask check_all_locations
[2026-05-10T12:30:48.702+0000] {task_command.py:426} INFO - Running <TaskInstance: check_locations.check_all_locations scheduled__2026-05-10T12:00:00+00:00 [running]> on host 4ee2d23a95b9
[2026-05-10T12:30:48.765+0000] {taskinstance.py:2648} INFO - Exporting env vars: AIRFLOW_CTX_DAG_OWNER='Cheburek' AIRFLOW_CTX_DAG_ID='check_locations' AIRFLOW_CTX_TASK_ID='check_all_locations' AIRFLOW_CTX_EXECUTION_DATE='2026-05-10T12:00:00+00:00' AIRFLOW_CTX_TRY_NUMBER='1' AIRFLOW_CTX_DAG_RUN_ID='scheduled__2026-05-10T12:00:00+00:00'
[2026-05-10T12:30:48.768+0000] {taskinstance.py:430} INFO - ::endgroup::
[2026-05-10T12:30:48.768+0000] {log.py:232} WARNING - [32m12:30:48 | logger          | INFO     | Проверяем все локации[0m
[2026-05-10T12:30:48.781+0000] {log.py:232} WARNING - [32m12:30:48 | logger          | INFO     | Проверка локации 1 (координаты 59.57, 30.19)[0m
[2026-05-10T12:30:49.245+0000] {logging_mixin.py:188} INFO - {'temp': 13.893499374389648, 'wind_speed': 17.280000686645508, 'humidity': 41.0, 'pressure': 1017.4000244140625, 'latitude': 59.56721878051758, 'longitude': 30.180068969726562, 'timestamp': 1778416200, 'raw_json': {'latitude': 59.56721878051758, 'longitude': 30.180068969726562, 'elevation': 81.0, 'timezone': None, 'timezone_abbreviation': None, 'utc_offset_seconds': 0, 'current': {'time': 1778416200, 'interval': 900, 'temperature_2m': 13.893499374389648, 'wind_speed_10m': 17.280000686645508, 'relative_humidity_2m': 41.0, 'pressure_msl': 1017.4000244140625}}}
[2026-05-10T12:30:49.251+0000] {logging_mixin.py:188} INFO - <services.db.models.Weather object at 0x73752291a0f0>
[2026-05-10T12:30:49.254+0000] {logging_mixin.py:188} INFO - Проверка аномалий
[2026-05-10T12:30:49.257+0000] {logging_mixin.py:188} INFO - Ищем похожие места
[2026-05-10T12:30:49.259+0000] {logging_mixin.py:188} INFO - Найдено похожих: 22 в радиусе 3.0° от (59.56721878051758, 30.180068969726562)
[2026-05-10T12:30:49.260+0000] {log.py:232} WARNING - [32m12:30:49 | logger          | INFO     | Аномалия: temperature: 13.893499374389648! Среднее: 8.911840742284602[0m
[2026-05-10T12:30:49.261+0000] {log.py:232} WARNING - [32m12:30:49 | logger          | INFO     | Аномалий в pressure НЕ найдено! Среднее: 1024.7500055486505, текущее: 1017.4000244140625[0m
[2026-05-10T12:30:49.261+0000] {log.py:232} WARNING - [32m12:30:49 | logger          | INFO     | Аномалия: humidity: 41.0! Среднее: 55.0[0m
[2026-05-10T12:30:49.262+0000] {log.py:232} WARNING - [32m12:30:49 | logger          | INFO     | Аномалия: wind_speed: 17.280000686645508! Среднее: 12.583636262200095[0m
[2026-05-10T12:30:49.267+0000] {log.py:232} WARNING - [32m12:30:49 | logger          | INFO     | Обновляем аномалию для локации 1:  (3 новых параметров или прошло более суток)[0m
[2026-05-10T12:30:49.274+0000] {log.py:232} WARNING - [33m12:30:49 | logger          | WARNING  | Обнаружена аномалия в локации 1 (координаты 59.57, 30.19). Дополнительные данные: {'humidity': {'avg': 55.0, 'value': 41.0}, 'wind_speed': {'avg': 12.583636262200095, 'value': 17.280000686645508}, 'temperature': {'avg': 8.911840742284602, 'value': 13.893499374389648}}[0m
[2026-05-10T12:30:50.279+0000] {log.py:232} WARNING - [32m12:30:50 | logger          | INFO     | Проверка локации 2 (координаты 58.33, 31.1)[0m
[2026-05-10T12:30:50.399+0000] {logging_mixin.py:188} INFO - {'temp': 11.71299934387207, 'wind_speed': 25.19999885559082, 'humidity': 55.0, 'pressure': 1017.5999755859375, 'latitude': 58.336692810058594, 'longitude': 31.097198486328125, 'timestamp': 1778416200, 'raw_json': {'latitude': 58.336692810058594, 'longitude': 31.097198486328125, 'elevation': 18.0, 'timezone': None, 'timezone_abbreviation': None, 'utc_offset_seconds': 0, 'current': {'time': 1778416200, 'interval': 900, 'temperature_2m': 11.71299934387207, 'wind_speed_10m': 25.19999885559082, 'relative_humidity_2m': 55.0, 'pressure_msl': 1017.5999755859375}}}
[2026-05-10T12:30:50.402+0000] {logging_mixin.py:188} INFO - <services.db.models.Weather object at 0x73752279e7b0>
[2026-05-10T12:30:50.404+0000] {logging_mixin.py:188} INFO - Проверка аномалий
[2026-05-10T12:30:50.405+0000] {logging_mixin.py:188} INFO - Ищем похожие места
[2026-05-10T12:30:50.406+0000] {logging_mixin.py:188} INFO - Найдено похожих: 23 в радиусе 3.0° от (58.336692810058594, 31.097198486328125)
[2026-05-10T12:30:50.406+0000] {log.py:232} WARNING - [32m12:30:50 | logger          | INFO     | Аномалия: temperature: 11.71299934387207! Среднее: 9.033630246701447[0m
[2026-05-10T12:30:50.407+0000] {log.py:232} WARNING - [32m12:30:50 | logger          | INFO     | Аномалий в pressure НЕ найдено! Среднее: 1024.4391346807065, текущее: 1017.5999755859375[0m
[2026-05-10T12:30:50.408+0000] {log.py:232} WARNING - [32m12:30:50 | logger          | INFO     | Аномалий в humidity НЕ найдено! Среднее: 55.0, текущее: 55.0[0m
[2026-05-10T12:30:50.408+0000] {log.py:232} WARNING - [32m12:30:50 | logger          | INFO     | Аномалия: wind_speed: 25.19999885559082! Среднее: 13.132173766260562[0m
[2026-05-10T12:30:50.410+0000] {log.py:232} WARNING - [32m12:30:50 | logger          | INFO     | Обновляем аномалию для локации 2:  (2 новых параметров или прошло более суток)[0m
[2026-05-10T12:30:50.413+0000] {log.py:232} WARNING - [33m12:30:50 | logger          | WARNING  | Обнаружена аномалия в локации 2 (координаты 58.33, 31.1). Дополнительные данные: {'wind_speed': {'avg': 13.132173766260562, 'value': 25.19999885559082}, 'temperature': {'avg': 9.033630246701447, 'value': 11.71299934387207}}[0m
[2026-05-10T12:30:51.417+0000] {log.py:232} WARNING - [32m12:30:51 | logger          | INFO     | Проверка локации 3 (координаты 61.23, 29.12)[0m
[2026-05-10T12:30:51.538+0000] {logging_mixin.py:188} INFO - {'temp': 14.924500465393066, 'wind_speed': 12.59999942779541, 'humidity': 36.0, 'pressure': 1017.5, 'latitude': 61.229698181152344, 'longitude': 29.11181640625, 'timestamp': 1778416200, 'raw_json': {'latitude': 61.229698181152344, 'longitude': 29.11181640625, 'elevation': 119.0, 'timezone': None, 'timezone_abbreviation': None, 'utc_offset_seconds': 0, 'current': {'time': 1778416200, 'interval': 900, 'temperature_2m': 14.924500465393066, 'wind_speed_10m': 12.59999942779541, 'relative_humidity_2m': 36.0, 'pressure_msl': 1017.5}}}
[2026-05-10T12:30:51.541+0000] {logging_mixin.py:188} INFO - <services.db.models.Weather object at 0x7375229d7b60>
[2026-05-10T12:30:51.542+0000] {logging_mixin.py:188} INFO - Проверка аномалий
[2026-05-10T12:30:51.543+0000] {logging_mixin.py:188} INFO - Ищем похожие места
[2026-05-10T12:30:51.544+0000] {logging_mixin.py:188} INFO - Найдено похожих: 24 в радиусе 3.0° от (61.229698181152344, 29.11181640625)
[2026-05-10T12:30:51.544+0000] {log.py:232} WARNING - [32m12:30:51 | logger          | INFO     | Аномалия: temperature: 14.924500465393066! Среднее: 9.279083172480265[0m
[2026-05-10T12:30:51.545+0000] {log.py:232} WARNING - [32m12:30:51 | logger          | INFO     | Аномалий в pressure НЕ найдено! Среднее: 1024.1500040690105, текущее: 1017.5[0m
[2026-05-10T12:30:51.546+0000] {log.py:232} WARNING - [32m12:30:51 | logger          | INFO     | Аномалия: humidity: 36.0! Среднее: 54.208333333333336[0m
[2026-05-10T12:30:51.546+0000] {log.py:232} WARNING - [32m12:30:51 | logger          | INFO     | Аномалий в wind_speed НЕ найдено! Среднее: 13.10999983549118, текущее: 12.59999942779541[0m
[2026-05-10T12:30:51.548+0000] {log.py:232} WARNING - [32m12:30:51 | logger          | INFO     | Обновляем аномалию для локации 3:  (2 новых параметров или прошло более суток)[0m
[2026-05-10T12:30:51.551+0000] {log.py:232} WARNING - [33m12:30:51 | logger          | WARNING  | Обнаружена аномалия в локации 3 (координаты 61.23, 29.12). Дополнительные данные: {'humidity': {'avg': 54.208333333333336, 'value': 36.0}, 'temperature': {'avg': 9.279083172480265, 'value': 14.924500465393066}}[0m
[2026-05-10T12:30:52.554+0000] {log.py:232} WARNING - [32m12:30:52 | logger          | INFO     | Проверка локации 4 (координаты 12.99, 99.12)[0m
[2026-05-10T12:30:52.656+0000] {logging_mixin.py:188} INFO - {'temp': 21.488500595092773, 'wind_speed': 4.829906940460205, 'humidity': 93.75057220458984, 'pressure': 1012.0, 'latitude': 12.970123291015625, 'longitude': 99.16363525390625, 'timestamp': 1778416200, 'raw_json': {'latitude': 12.970123291015625, 'longitude': 99.16363525390625, 'elevation': 760.0, 'timezone': None, 'timezone_abbreviation': None, 'utc_offset_seconds': 0, 'current': {'time': 1778416200, 'interval': 900, 'temperature_2m': 21.488500595092773, 'wind_speed_10m': 4.829906940460205, 'relative_humidity_2m': 93.75057220458984, 'pressure_msl': 1012.0}}}
[2026-05-10T12:30:52.660+0000] {logging_mixin.py:188} INFO - <services.db.models.Weather object at 0x7375227d7b90>
[2026-05-10T12:30:52.662+0000] {logging_mixin.py:188} INFO - Проверка аномалий
[2026-05-10T12:30:52.663+0000] {logging_mixin.py:188} INFO - Ищем похожие места
[2026-05-10T12:30:52.664+0000] {logging_mixin.py:188} INFO - Найдено похожих: 8 в радиусе 3.0° от (12.970123291015625, 99.16363525390625)
[2026-05-10T12:30:52.664+0000] {log.py:232} WARNING - [32m12:30:52 | logger          | INFO     | Аномалий в temperature НЕ найдено! Среднее: 21.169749975204468, текущее: 21.488500595092773[0m
[2026-05-10T12:30:52.665+0000] {log.py:232} WARNING - [32m12:30:52 | logger          | INFO     | Аномалий в pressure НЕ найдено! Среднее: 1011.0124816894531, текущее: 1012.0[0m
[2026-05-10T12:30:52.666+0000] {log.py:232} WARNING - [32m12:30:52 | logger          | INFO     | Аномалий в humidity НЕ найдено! Среднее: 91.9193468093872, текущее: 93.75057220458984[0m
[2026-05-10T12:30:52.666+0000] {log.py:232} WARNING - [32m12:30:52 | logger          | INFO     | Аномалия: wind_speed: 4.829906940460205! Среднее: 2.5640037953853607[0m
[2026-05-10T12:30:52.668+0000] {log.py:232} WARNING - [32m12:30:52 | logger          | INFO     | Обновляем аномалию для локации 4:  (1 новых параметров или прошло более суток)[0m
[2026-05-10T12:30:52.671+0000] {log.py:232} WARNING - [33m12:30:52 | logger          | WARNING  | Обнаружена аномалия в локации 4 (координаты 12.99, 99.12). Дополнительные данные: {'wind_speed': {'avg': 2.5640037953853607, 'value': 4.829906940460205}}[0m
[2026-05-10T12:30:53.676+0000] {log.py:232} WARNING - [32m12:30:53 | logger          | INFO     | Проверка локации 5 (координаты 40.4, 40.4)[0m
[2026-05-10T12:30:53.758+0000] {logging_mixin.py:188} INFO - {'temp': 13.076000213623047, 'wind_speed': 4.896529674530029, 'humidity': 70.0, 'pressure': 1017.0999755859375, 'latitude': 40.375, 'longitude': 40.375, 'timestamp': 1778416200, 'raw_json': {'latitude': 40.375, 'longitude': 40.375, 'elevation': 1619.0, 'timezone': None, 'timezone_abbreviation': None, 'utc_offset_seconds': 0, 'current': {'time': 1778416200, 'interval': 900, 'temperature_2m': 13.076000213623047, 'wind_speed_10m': 4.896529674530029, 'relative_humidity_2m': 70.0, 'pressure_msl': 1017.0999755859375}}}
[2026-05-10T12:30:53.763+0000] {logging_mixin.py:188} INFO - <services.db.models.Weather object at 0x73752291a0f0>
[2026-05-10T12:30:53.765+0000] {logging_mixin.py:188} INFO - Проверка аномалий
[2026-05-10T12:30:53.766+0000] {logging_mixin.py:188} INFO - Ищем похожие места
[2026-05-10T12:30:53.767+0000] {logging_mixin.py:188} INFO - Найдено похожих: 8 в радиусе 3.0° от (40.375, 40.375)
[2026-05-10T12:30:53.768+0000] {log.py:232} WARNING - [32m12:30:53 | logger          | INFO     | Аномалия: temperature: 13.076000213623047! Среднее: 9.225999891757965[0m
[2026-05-10T12:30:53.768+0000] {log.py:232} WARNING - [32m12:30:53 | logger          | INFO     | Аномалий в pressure НЕ найдено! Среднее: 1018.1500015258789, текущее: 1017.0999755859375[0m
[2026-05-10T12:30:53.769+0000] {log.py:232} WARNING - [32m12:30:53 | logger          | INFO     | Аномалий в humidity НЕ найдено! Среднее: 65.5, текущее: 70.0[0m
[2026-05-10T12:30:53.770+0000] {log.py:232} WARNING - [32m12:30:53 | logger          | INFO     | Аномалия: wind_speed: 4.896529674530029! Среднее: 2.1645288914442062[0m
[2026-05-10T12:30:53.772+0000] {log.py:232} WARNING - [32m12:30:53 | logger          | INFO     | Обновляем аномалию для локации 5:  (2 новых параметров или прошло более суток)[0m
[2026-05-10T12:30:53.775+0000] {log.py:232} WARNING - [33m12:30:53 | logger          | WARNING  | Обнаружена аномалия в локации 5 (координаты 40.4, 40.4). Дополнительные данные: {'wind_speed': {'avg': 2.1645288914442062, 'value': 4.896529674530029}, 'temperature': {'avg': 9.225999891757965, 'value': 13.076000213623047}}[0m
[2026-05-10T12:30:54.780+0000] {log.py:232} WARNING - [32m12:30:54 | logger          | INFO     | Проверка локации 6 (координаты 40.2, 20.4)[0m
[2026-05-10T12:30:54.926+0000] {logging_mixin.py:188} INFO - {'temp': 21.904499053955078, 'wind_speed': 6.297428131103516, 'humidity': 52.0, 'pressure': 1014.5, 'latitude': 40.25, 'longitude': 20.4375, 'timestamp': 1778416200, 'raw_json': {'latitude': 40.25, 'longitude': 20.4375, 'elevation': 264.0, 'timezone': None, 'timezone_abbreviation': None, 'utc_offset_seconds': 0, 'current': {'time': 1778416200, 'interval': 900, 'temperature_2m': 21.904499053955078, 'wind_speed_10m': 6.297428131103516, 'relative_humidity_2m': 52.0, 'pressure_msl': 1014.5}}}
[2026-05-10T12:30:54.929+0000] {logging_mixin.py:188} INFO - <services.db.models.Weather object at 0x7375227ebb00>
[2026-05-10T12:30:54.933+0000] {logging_mixin.py:188} INFO - Проверка аномалий
[2026-05-10T12:30:54.936+0000] {logging_mixin.py:188} INFO - Ищем похожие места
[2026-05-10T12:30:54.937+0000] {logging_mixin.py:188} INFO - Найдено похожих: 7 в радиусе 3.0° от (40.25, 20.4375)
[2026-05-10T12:30:54.938+0000] {log.py:232} WARNING - [32m12:30:54 | logger          | INFO     | Аномалия: temperature: 21.904499053955078! Среднее: 14.833071027483259[0m
[2026-05-10T12:30:54.939+0000] {log.py:232} WARNING - [32m12:30:54 | logger          | INFO     | Аномалий в pressure НЕ найдено! Среднее: 1017.05712890625, текущее: 1014.5[0m
[2026-05-10T12:30:54.940+0000] {log.py:232} WARNING - [32m12:30:54 | logger          | INFO     | Аномалия: humidity: 52.0! Среднее: 86.14285714285714[0m
[2026-05-10T12:30:54.940+0000] {log.py:232} WARNING - [32m12:30:54 | logger          | INFO     | Аномалия: wind_speed: 6.297428131103516! Среднее: 4.543865544455392[0m
[2026-05-10T12:30:54.943+0000] {log.py:232} WARNING - [32m12:30:54 | logger          | INFO     | Обновляем аномалию для локации 6:  (3 новых параметров или прошло более суток)[0m
[2026-05-10T12:30:54.949+0000] {log.py:232} WARNING - [33m12:30:54 | logger          | WARNING  | Обнаружена аномалия в локации 6 (координаты 40.2, 20.4). Дополнительные данные: {'humidity': {'avg': 86.14285714285714, 'value': 52.0}, 'wind_speed': {'avg': 4.543865544455392, 'value': 6.297428131103516}, 'temperature': {'avg': 14.833071027483259, 'value': 21.904499053955078}}[0m
[2026-05-10T12:30:55.953+0000] {log.py:232} WARNING - [32m12:30:55 | logger          | INFO     | Проверка локации 7 (координаты 70.2, 30.4)[0m
[2026-05-10T12:30:56.105+0000] {logging_mixin.py:188} INFO - {'temp': 4.764500141143799, 'wind_speed': 11.159998893737793, 'humidity': 97.0, 'pressure': 1012.7000122070312, 'latitude': 70.20964050292969, 'longitude': 30.406463623046875, 'timestamp': 1778416200, 'raw_json': {'latitude': 70.20964050292969, 'longitude': 30.406463623046875, 'elevation': 0.0, 'timezone': None, 'timezone_abbreviation': None, 'utc_offset_seconds': 0, 'current': {'time': 1778416200, 'interval': 900, 'temperature_2m': 4.764500141143799, 'wind_speed_10m': 11.159998893737793, 'relative_humidity_2m': 97.0, 'pressure_msl': 1012.7000122070312}}}
[2026-05-10T12:30:56.108+0000] {logging_mixin.py:188} INFO - <services.db.models.Weather object at 0x7375228cdd00>
[2026-05-10T12:30:56.110+0000] {logging_mixin.py:188} INFO - Проверка аномалий
[2026-05-10T12:30:56.111+0000] {logging_mixin.py:188} INFO - Ищем похожие места
[2026-05-10T12:30:56.113+0000] {logging_mixin.py:188} INFO - Найдено похожих: 6 в радиусе 3.0° от (70.20964050292969, 30.406463623046875)
[2026-05-10T12:30:56.113+0000] {log.py:232} WARNING - [32m12:30:56 | logger          | INFO     | Аномалия: temperature: 4.764500141143799! Среднее: 3.789500037829081[0m
[2026-05-10T12:30:56.114+0000] {log.py:232} WARNING - [32m12:30:56 | logger          | INFO     | Аномалий в pressure НЕ найдено! Среднее: 1019.8333333333334, текущее: 1012.7000122070312[0m
[2026-05-10T12:30:56.115+0000] {log.py:232} WARNING - [32m12:30:56 | logger          | INFO     | Аномалия: humidity: 97.0! Среднее: 82.66666666666667[0m
[2026-05-10T12:30:56.116+0000] {log.py:232} WARNING - [32m12:30:56 | logger          | INFO     | Аномалия: wind_speed: 11.159998893737793! Среднее: 21.35999854405721[0m
[2026-05-10T12:30:56.122+0000] {log.py:232} WARNING - [33m12:30:56 | logger          | WARNING  | Обнаружена аномалия в локации 7 (координаты 70.2, 30.4). Дополнительные данные: {'humidity': {'avg': 82.66666666666667, 'value': 97.0}, 'wind_speed': {'avg': 21.35999854405721, 'value': 11.159998893737793}, 'temperature': {'avg': 3.789500037829081, 'value': 4.764500141143799}}[0m
[2026-05-10T12:30:57.126+0000] {log.py:232} WARNING - [32m12:30:57 | logger          | INFO     | Проверка локации 8 (координаты 55.45, 37.37)[0m
[2026-05-10T12:30:57.207+0000] {logging_mixin.py:188} INFO - {'temp': 13.491499900817871, 'wind_speed': 11.770402908325195, 'humidity': 45.0, 'pressure': 1018.5, 'latitude': 55.4375, 'longitude': 37.375, 'timestamp': 1778416200, 'raw_json': {'latitude': 55.4375, 'longitude': 37.375, 'elevation': 183.0, 'timezone': None, 'timezone_abbreviation': None, 'utc_offset_seconds': 0, 'current': {'time': 1778416200, 'interval': 900, 'temperature_2m': 13.491499900817871, 'wind_speed_10m': 11.770402908325195, 'relative_humidity_2m': 45.0, 'pressure_msl': 1018.5}}}
[2026-05-10T12:30:57.210+0000] {logging_mixin.py:188} INFO - <services.db.models.Weather object at 0x73752291a0f0>
[2026-05-10T12:30:57.211+0000] {logging_mixin.py:188} INFO - Проверка аномалий
[2026-05-10T12:30:57.213+0000] {logging_mixin.py:188} INFO - Ищем похожие места
[2026-05-10T12:30:57.214+0000] {logging_mixin.py:188} INFO - Найдено похожих: 8 в радиусе 3.0° от (55.4375, 37.375)
[2026-05-10T12:30:57.214+0000] {log.py:232} WARNING - [32m12:30:57 | logger          | INFO     | Аномалия: temperature: 13.491499900817871! Среднее: 9.753999710083008[0m
[2026-05-10T12:30:57.215+0000] {log.py:232} WARNING - [32m12:30:57 | logger          | INFO     | Аномалий в pressure НЕ найдено! Среднее: 1022.0749816894531, текущее: 1018.5[0m
[2026-05-10T12:30:57.216+0000] {log.py:232} WARNING - [32m12:30:57 | logger          | INFO     | Аномалия: humidity: 45.0! Среднее: 55.125[0m
[2026-05-10T12:30:57.217+0000] {log.py:232} WARNING - [32m12:30:57 | logger          | INFO     | Аномалия: wind_speed: 11.770402908325195! Среднее: 7.568903386592865[0m
[2026-05-10T12:30:57.223+0000] {log.py:232} WARNING - [33m12:30:57 | logger          | WARNING  | Обнаружена аномалия в локации 8 (координаты 55.45, 37.37). Дополнительные данные: {'humidity': {'avg': 55.125, 'value': 45.0}, 'wind_speed': {'avg': 7.568903386592865, 'value': 11.770402908325195}, 'temperature': {'avg': 9.753999710083008, 'value': 13.491499900817871}}[0m
[2026-05-10T12:30:58.229+0000] {log.py:232} WARNING - [32m12:30:58 | logger          | INFO     | Проверка локации 9 (координаты 40.42, 74.0)[0m
[2026-05-10T12:30:58.319+0000] {logging_mixin.py:188} INFO - {'temp': 9.63800048828125, 'wind_speed': 7.907717704772949, 'humidity': 96.04521942138672, 'pressure': 1016.5999755859375, 'latitude': 40.456939697265625, 'longitude': 74.00564575195312, 'timestamp': 1778416200, 'raw_json': {'latitude': 40.456939697265625, 'longitude': 74.00564575195312, 'elevation': 2231.0, 'timezone': None, 'timezone_abbreviation': None, 'utc_offset_seconds': 0, 'current': {'time': 1778416200, 'interval': 900, 'temperature_2m': 9.63800048828125, 'wind_speed_10m': 7.907717704772949, 'relative_humidity_2m': 96.04521942138672, 'pressure_msl': 1016.5999755859375}}}
[2026-05-10T12:30:58.322+0000] {logging_mixin.py:188} INFO - <services.db.models.Weather object at 0x737541f22ab0>
[2026-05-10T12:30:58.324+0000] {logging_mixin.py:188} INFO - Проверка аномалий
[2026-05-10T12:30:58.326+0000] {logging_mixin.py:188} INFO - Ищем похожие места
[2026-05-10T12:30:58.327+0000] {logging_mixin.py:188} INFO - Найдено похожих: 7 в радиусе 3.0° от (40.456939697265625, 74.00564575195312)
[2026-05-10T12:30:58.328+0000] {log.py:232} WARNING - [32m12:30:58 | logger          | INFO     | Аномалия: temperature: 9.63800048828125! Среднее: 8.05228567123413[0m
[2026-05-10T12:30:58.328+0000] {log.py:232} WARNING - [32m12:30:58 | logger          | INFO     | Аномалий в pressure НЕ найдено! Среднее: 1017.5428641183036, текущее: 1016.5999755859375[0m
[2026-05-10T12:30:58.329+0000] {log.py:232} WARNING - [32m12:30:58 | logger          | INFO     | Аномалия: humidity: 96.04521942138672! Среднее: 78.5552498953683[0m
[2026-05-10T12:30:58.330+0000] {log.py:232} WARNING - [32m12:30:58 | logger          | INFO     | Аномалия: wind_speed: 7.907717704772949! Среднее: 3.4311273097991943[0m
[2026-05-10T12:30:58.332+0000] {log.py:232} WARNING - [32m12:30:58 | logger          | INFO     | Обновляем аномалию для локации 9:  (3 новых параметров или прошло более суток)[0m
[2026-05-10T12:30:58.336+0000] {log.py:232} WARNING - [33m12:30:58 | logger          | WARNING  | Обнаружена аномалия в локации 9 (координаты 40.42, 74.0). Дополнительные данные: {'humidity': {'avg': 78.5552498953683, 'value': 96.04521942138672}, 'wind_speed': {'avg': 3.4311273097991943, 'value': 7.907717704772949}, 'temperature': {'avg': 8.05228567123413, 'value': 9.63800048828125}}[0m
[2026-05-10T12:30:59.339+0000] {python.py:237} INFO - Done. Returned value was: None
[2026-05-10T12:30:59.340+0000] {taskinstance.py:441} INFO - ::group::Post task execution logs
[2026-05-10T12:30:59.348+0000] {taskinstance.py:1206} INFO - Marking task as SUCCESS. dag_id=check_locations, task_id=check_all_locations, run_id=scheduled__2026-05-10T12:00:00+00:00, execution_date=20260510T120000, start_date=20260510T123048, end_date=20260510T123059
[2026-05-10T12:30:59.403+0000] {local_task_job_runner.py:243} INFO - Task exited with return code 0
[2026-05-10T12:30:59.419+0000] {taskinstance.py:3503} INFO - 0 downstream tasks scheduled from follow-on schedule check
[2026-05-10T12:30:59.422+0000] {local_task_job_runner.py:222} INFO - ::endgroup::
