[2026-05-09T22:07:14.029+0000] {local_task_job_runner.py:120} INFO - ::group::Pre task execution logs
[2026-05-09T22:07:14.045+0000] {taskinstance.py:2076} INFO - Dependencies all met for dep_context=non-requeueable deps ti=<TaskInstance: check_locations.check_all_locations scheduled__2026-05-09T21:48:00+00:00 [queued]>
[2026-05-09T22:07:14.050+0000] {taskinstance.py:2076} INFO - Dependencies all met for dep_context=requeueable deps ti=<TaskInstance: check_locations.check_all_locations scheduled__2026-05-09T21:48:00+00:00 [queued]>
[2026-05-09T22:07:14.051+0000] {taskinstance.py:2306} INFO - Starting attempt 1 of 3
[2026-05-09T22:07:14.060+0000] {taskinstance.py:2330} INFO - Executing <Task(PythonOperator): check_all_locations> on 2026-05-09 21:48:00+00:00
[2026-05-09T22:07:14.069+0000] {warnings.py:112} WARNING - /home/***/.local/lib/python3.12/site-packages/***/task/task_runner/standard_task_runner.py:62: DeprecationWarning: This process (pid=67) is multi-threaded, use of fork() may lead to deadlocks in the child.
  pid = os.fork()

[2026-05-09T22:07:14.071+0000] {standard_task_runner.py:64} INFO - Started process 69 to run task
[2026-05-09T22:07:14.070+0000] {standard_task_runner.py:90} INFO - Running: ['***', 'tasks', 'run', 'check_locations', 'check_all_locations', 'scheduled__2026-05-09T21:48:00+00:00', '--job-id', '29', '--raw', '--subdir', 'DAGS_FOLDER/check_locations.py', '--cfg-path', '/tmp/tmpxwyc5m21']
[2026-05-09T22:07:14.073+0000] {standard_task_runner.py:91} INFO - Job 29: Subtask check_all_locations
[2026-05-09T22:07:14.111+0000] {task_command.py:426} INFO - Running <TaskInstance: check_locations.check_all_locations scheduled__2026-05-09T21:48:00+00:00 [running]> on host 061f00590ca1
[2026-05-09T22:07:14.185+0000] {taskinstance.py:2648} INFO - Exporting env vars: AIRFLOW_CTX_DAG_OWNER='Cheburek' AIRFLOW_CTX_DAG_ID='check_locations' AIRFLOW_CTX_TASK_ID='check_all_locations' AIRFLOW_CTX_EXECUTION_DATE='2026-05-09T21:48:00+00:00' AIRFLOW_CTX_TRY_NUMBER='1' AIRFLOW_CTX_DAG_RUN_ID='scheduled__2026-05-09T21:48:00+00:00'
[2026-05-09T22:07:14.187+0000] {taskinstance.py:430} INFO - ::endgroup::
[2026-05-09T22:07:14.188+0000] {log.py:232} WARNING - [32m22:07:14 | logger          | INFO     | Проверяем все локации[0m
[2026-05-09T22:07:14.202+0000] {log.py:232} WARNING - [32m22:07:14 | logger          | INFO     | Проверка локации 1 (координаты 59.57, 30.19)[0m
[2026-05-09T22:07:14.676+0000] {logging_mixin.py:188} INFO - {'temp': 5.94350004196167, 'wind_speed': 8.279999732971191, 'humidity': 64.0, 'pressure': 1024.699951171875, 'latitude': 59.56721878051758, 'longitude': 30.180068969726562, 'timestamp': 1778364000, 'raw_json': {'latitude': 59.56721878051758, 'longitude': 30.180068969726562, 'elevation': 81.0, 'timezone': None, 'timezone_abbreviation': None, 'utc_offset_seconds': 0, 'current': {'time': 1778364000, 'interval': 900, 'temperature_2m': 5.94350004196167, 'wind_speed_10m': 8.279999732971191, 'relative_humidity_2m': 64.0, 'pressure_msl': 1024.699951171875}}}
[2026-05-09T22:07:14.685+0000] {logging_mixin.py:188} INFO - <services.db.models.Weather object at 0x7379a8b83dd0>
[2026-05-09T22:07:14.690+0000] {logging_mixin.py:188} INFO - Проверка аномалий
[2026-05-09T22:07:14.692+0000] {logging_mixin.py:188} INFO - Ищем похожие места
[2026-05-09T22:07:14.695+0000] {logging_mixin.py:188} INFO - Найдено похожих: 13 в радиусе 3.0° от (59.56721878051758, 30.180068969726562)
[2026-05-09T22:07:14.695+0000] {log.py:232} WARNING - [32m22:07:14 | logger          | INFO     | Аномалия: temperature: 5.94350004196167! Среднее: 9.189807671767015[0m
[2026-05-09T22:07:14.696+0000] {log.py:232} WARNING - [32m22:07:14 | logger          | INFO     | Аномалий в pressure НЕ найдено! Среднее: 1025.392305814303, текущее: 1024.699951171875[0m
[2026-05-09T22:07:14.696+0000] {log.py:232} WARNING - [32m22:07:14 | logger          | INFO     | Аномалия: humidity: 64.0! Среднее: 54.69230769230769[0m
[2026-05-09T22:07:14.697+0000] {log.py:232} WARNING - [32m22:07:14 | logger          | INFO     | Аномалия: wind_speed: 8.279999732971191! Среднее: 11.713846133305477[0m
[2026-05-09T22:07:14.701+0000] {log.py:232} WARNING - [32m22:07:14 | logger          | INFO     | Обновляем аномалию для локации 1:  (3 новых параметров или прошло более суток)[0m
[2026-05-09T22:07:14.706+0000] {log.py:232} WARNING - [33m22:07:14 | logger          | WARNING  | Обнаружена аномалия в локации 1 (координаты 59.57, 30.19). Дополнительные данные: {'humidity': {'avg': 54.69230769230769, 'value': 64.0}, 'wind_speed': {'avg': 11.713846133305477, 'value': 8.279999732971191}, 'temperature': {'avg': 9.189807671767015, 'value': 5.94350004196167}}[0m
[2026-05-09T22:07:15.710+0000] {log.py:232} WARNING - [32m22:07:15 | logger          | INFO     | Проверка локации 2 (координаты 58.33, 31.1)[0m
[2026-05-09T22:07:15.803+0000] {logging_mixin.py:188} INFO - {'temp': 11.162999153137207, 'wind_speed': 25.559999465942383, 'humidity': 49.0, 'pressure': 1023.4000244140625, 'latitude': 58.336692810058594, 'longitude': 31.097198486328125, 'timestamp': 1778364000, 'raw_json': {'latitude': 58.336692810058594, 'longitude': 31.097198486328125, 'elevation': 18.0, 'timezone': None, 'timezone_abbreviation': None, 'utc_offset_seconds': 0, 'current': {'time': 1778364000, 'interval': 900, 'temperature_2m': 11.162999153137207, 'wind_speed_10m': 25.559999465942383, 'relative_humidity_2m': 49.0, 'pressure_msl': 1023.4000244140625}}}
[2026-05-09T22:07:15.807+0000] {logging_mixin.py:188} INFO - <services.db.models.Weather object at 0x7379a8904080>
[2026-05-09T22:07:15.808+0000] {logging_mixin.py:188} INFO - Проверка аномалий
[2026-05-09T22:07:15.810+0000] {logging_mixin.py:188} INFO - Ищем похожие места
[2026-05-09T22:07:15.811+0000] {logging_mixin.py:188} INFO - Найдено похожих: 14 в радиусе 3.0° от (58.336692810058594, 31.097198486328125)
[2026-05-09T22:07:15.812+0000] {log.py:232} WARNING - [32m22:07:15 | logger          | INFO     | Аномалия: temperature: 11.162999153137207! Среднее: 9.330749920436315[0m
[2026-05-09T22:07:15.812+0000] {log.py:232} WARNING - [32m22:07:15 | logger          | INFO     | Аномалий в pressure НЕ найдено! Среднее: 1025.25, текущее: 1023.4000244140625[0m
[2026-05-09T22:07:15.813+0000] {log.py:232} WARNING - [32m22:07:15 | logger          | INFO     | Аномалий в humidity НЕ найдено! Среднее: 54.285714285714285, текущее: 49.0[0m
[2026-05-09T22:07:15.814+0000] {log.py:232} WARNING - [32m22:07:15 | logger          | INFO     | Аномалия: wind_speed: 25.559999465942383! Среднее: 12.702857085636683[0m
[2026-05-09T22:07:15.816+0000] {log.py:232} WARNING - [32m22:07:15 | logger          | INFO     | Обновляем аномалию для локации 2:  (2 новых параметров или прошло более суток)[0m
[2026-05-09T22:07:15.821+0000] {log.py:232} WARNING - [33m22:07:15 | logger          | WARNING  | Обнаружена аномалия в локации 2 (координаты 58.33, 31.1). Дополнительные данные: {'wind_speed': {'avg': 12.702857085636683, 'value': 25.559999465942383}, 'temperature': {'avg': 9.330749920436315, 'value': 11.162999153137207}}[0m
[2026-05-09T22:07:16.825+0000] {log.py:232} WARNING - [32m22:07:16 | logger          | INFO     | Проверка локации 3 (координаты 61.23, 29.12)[0m
[2026-05-09T22:07:16.928+0000] {logging_mixin.py:188} INFO - {'temp': 5.774499893188477, 'wind_speed': 4.679999828338623, 'humidity': 61.0, 'pressure': 1025.800048828125, 'latitude': 61.229698181152344, 'longitude': 29.11181640625, 'timestamp': 1778364000, 'raw_json': {'latitude': 61.229698181152344, 'longitude': 29.11181640625, 'elevation': 119.0, 'timezone': None, 'timezone_abbreviation': None, 'utc_offset_seconds': 0, 'current': {'time': 1778364000, 'interval': 900, 'temperature_2m': 5.774499893188477, 'wind_speed_10m': 4.679999828338623, 'relative_humidity_2m': 61.0, 'pressure_msl': 1025.800048828125}}}
[2026-05-09T22:07:16.931+0000] {logging_mixin.py:188} INFO - <services.db.models.Weather object at 0x7379a8904080>
[2026-05-09T22:07:16.932+0000] {logging_mixin.py:188} INFO - Проверка аномалий
[2026-05-09T22:07:16.933+0000] {logging_mixin.py:188} INFO - Ищем похожие места
[2026-05-09T22:07:16.934+0000] {logging_mixin.py:188} INFO - Найдено похожих: 15 в радиусе 3.0° от (61.229698181152344, 29.11181640625)
[2026-05-09T22:07:16.935+0000] {log.py:232} WARNING - [32m22:07:16 | logger          | INFO     | Аномалия: temperature: 5.774499893188477! Среднее: 9.093666585286458[0m
[2026-05-09T22:07:16.935+0000] {log.py:232} WARNING - [32m22:07:16 | logger          | INFO     | Аномалий в pressure НЕ найдено! Среднее: 1025.286669921875, текущее: 1025.800048828125[0m
[2026-05-09T22:07:16.936+0000] {log.py:232} WARNING - [32m22:07:16 | logger          | INFO     | Аномалия: humidity: 61.0! Среднее: 54.733333333333334[0m
[2026-05-09T22:07:16.937+0000] {log.py:232} WARNING - [32m22:07:16 | logger          | INFO     | Аномалия: wind_speed: 4.679999828338623! Среднее: 12.167999935150146[0m
[2026-05-09T22:07:16.939+0000] {log.py:232} WARNING - [32m22:07:16 | logger          | INFO     | Обновляем аномалию для локации 3:  (3 новых параметров или прошло более суток)[0m
[2026-05-09T22:07:16.942+0000] {log.py:232} WARNING - [33m22:07:16 | logger          | WARNING  | Обнаружена аномалия в локации 3 (координаты 61.23, 29.12). Дополнительные данные: {'humidity': {'avg': 54.733333333333334, 'value': 61.0}, 'wind_speed': {'avg': 12.167999935150146, 'value': 4.679999828338623}, 'temperature': {'avg': 9.093666585286458, 'value': 5.774499893188477}}[0m
[2026-05-09T22:07:17.946+0000] {log.py:232} WARNING - [32m22:07:17 | logger          | INFO     | Проверка локации 4 (координаты 12.99, 99.12)[0m
[2026-05-09T22:07:18.053+0000] {logging_mixin.py:188} INFO - {'temp': 20.988500595092773, 'wind_speed': 1.6595180034637451, 'humidity': 89.46121978759766, 'pressure': 1010.5999755859375, 'latitude': 12.970123291015625, 'longitude': 99.16363525390625, 'timestamp': 1778364000, 'raw_json': {'latitude': 12.970123291015625, 'longitude': 99.16363525390625, 'elevation': 760.0, 'timezone': None, 'timezone_abbreviation': None, 'utc_offset_seconds': 0, 'current': {'time': 1778364000, 'interval': 900, 'temperature_2m': 20.988500595092773, 'wind_speed_10m': 1.6595180034637451, 'relative_humidity_2m': 89.46121978759766, 'pressure_msl': 1010.5999755859375}}}
[2026-05-09T22:07:18.056+0000] {logging_mixin.py:188} INFO - <services.db.models.Weather object at 0x7379a95ef7a0>
[2026-05-09T22:07:18.058+0000] {logging_mixin.py:188} INFO - Проверка аномалий
[2026-05-09T22:07:18.059+0000] {logging_mixin.py:188} INFO - Ищем похожие места
[2026-05-09T22:07:18.060+0000] {logging_mixin.py:188} INFO - Найдено похожих: 5 в радиусе 3.0° от (12.970123291015625, 99.16363525390625)
[2026-05-09T22:07:18.060+0000] {log.py:232} WARNING - [32m22:07:18 | logger          | INFO     | Аномалий в temperature НЕ найдено! Среднее: 21.178499603271483, текущее: 20.988500595092773[0m
[2026-05-09T22:07:18.061+0000] {log.py:232} WARNING - [32m22:07:18 | logger          | INFO     | Аномалий в pressure НЕ найдено! Среднее: 1010.97998046875, текущее: 1010.5999755859375[0m
[2026-05-09T22:07:18.062+0000] {log.py:232} WARNING - [32m22:07:18 | logger          | INFO     | Аномалий в humidity НЕ найдено! Среднее: 92.5363525390625, текущее: 89.46121978759766[0m
[2026-05-09T22:07:18.062+0000] {log.py:232} WARNING - [32m22:07:18 | logger          | INFO     | Аномалия: wind_speed: 1.6595180034637451! Среднее: 2.472617483139038[0m
[2026-05-09T22:07:18.068+0000] {log.py:232} WARNING - [33m22:07:18 | logger          | WARNING  | Обнаружена аномалия в локации 4 (координаты 12.99, 99.12). Дополнительные данные: {'wind_speed': {'avg': 2.472617483139038, 'value': 1.6595180034637451}}[0m
[2026-05-09T22:07:19.072+0000] {log.py:232} WARNING - [32m22:07:19 | logger          | INFO     | Проверка локации 5 (координаты 40.4, 40.4)[0m
[2026-05-09T22:07:19.232+0000] {logging_mixin.py:188} INFO - {'temp': 7.426000118255615, 'wind_speed': 1.6099690198898315, 'humidity': 74.0, 'pressure': 1018.7000122070312, 'latitude': 40.375, 'longitude': 40.375, 'timestamp': 1778364000, 'raw_json': {'latitude': 40.375, 'longitude': 40.375, 'elevation': 1619.0, 'timezone': None, 'timezone_abbreviation': None, 'utc_offset_seconds': 0, 'current': {'time': 1778364000, 'interval': 900, 'temperature_2m': 7.426000118255615, 'wind_speed_10m': 1.6099690198898315, 'relative_humidity_2m': 74.0, 'pressure_msl': 1018.7000122070312}}}
[2026-05-09T22:07:19.237+0000] {logging_mixin.py:188} INFO - <services.db.models.Weather object at 0x7379d2229520>
[2026-05-09T22:07:19.240+0000] {logging_mixin.py:188} INFO - Проверка аномалий
[2026-05-09T22:07:19.243+0000] {logging_mixin.py:188} INFO - Ищем похожие места
[2026-05-09T22:07:19.245+0000] {logging_mixin.py:188} INFO - Найдено похожих: 5 в радиусе 3.0° от (40.375, 40.375)
[2026-05-09T22:07:19.246+0000] {log.py:232} WARNING - [32m22:07:19 | logger          | INFO     | Аномалия: temperature: 7.426000118255615! Среднее: 9.175999736785888[0m
[2026-05-09T22:07:19.247+0000] {log.py:232} WARNING - [32m22:07:19 | logger          | INFO     | Аномалий в pressure НЕ найдено! Среднее: 1018.1400024414063, текущее: 1018.7000122070312[0m
[2026-05-09T22:07:19.248+0000] {log.py:232} WARNING - [32m22:07:19 | logger          | INFO     | Аномалия: humidity: 74.0! Среднее: 61.2[0m
[2026-05-09T22:07:19.249+0000] {log.py:232} WARNING - [32m22:07:19 | logger          | INFO     | Аномалия: wind_speed: 1.6099690198898315! Среднее: 1.8399526834487916[0m
[2026-05-09T22:07:19.253+0000] {log.py:232} WARNING - [32m22:07:19 | logger          | INFO     | Обновляем аномалию для локации 5:  (3 новых параметров или прошло более суток)[0m
[2026-05-09T22:07:19.260+0000] {log.py:232} WARNING - [33m22:07:19 | logger          | WARNING  | Обнаружена аномалия в локации 5 (координаты 40.4, 40.4). Дополнительные данные: {'humidity': {'avg': 61.2, 'value': 74.0}, 'wind_speed': {'avg': 1.8399526834487916, 'value': 1.6099690198898315}, 'temperature': {'avg': 9.175999736785888, 'value': 7.426000118255615}}[0m
[2026-05-09T22:07:20.265+0000] {log.py:232} WARNING - [32m22:07:20 | logger          | INFO     | Проверка локации 6 (координаты 40.2, 20.4)[0m
[2026-05-09T22:07:20.384+0000] {logging_mixin.py:188} INFO - {'temp': 12.554499626159668, 'wind_speed': 5.86037540435791, 'humidity': 96.0, 'pressure': 1018.2999877929688, 'latitude': 40.25, 'longitude': 20.4375, 'timestamp': 1778364000, 'raw_json': {'latitude': 40.25, 'longitude': 20.4375, 'elevation': 264.0, 'timezone': None, 'timezone_abbreviation': None, 'utc_offset_seconds': 0, 'current': {'time': 1778364000, 'interval': 900, 'temperature_2m': 12.554499626159668, 'wind_speed_10m': 5.86037540435791, 'relative_humidity_2m': 96.0, 'pressure_msl': 1018.2999877929688}}}
[2026-05-09T22:07:20.387+0000] {logging_mixin.py:188} INFO - <services.db.models.Weather object at 0x7379a891a420>
[2026-05-09T22:07:20.389+0000] {logging_mixin.py:188} INFO - Проверка аномалий
[2026-05-09T22:07:20.390+0000] {logging_mixin.py:188} INFO - Ищем похожие места
[2026-05-09T22:07:20.391+0000] {logging_mixin.py:188} INFO - Найдено похожих: 4 в радиусе 3.0° от (40.25, 20.4375)
[2026-05-09T22:07:20.391+0000] {log.py:232} WARNING - [32m22:07:20 | logger          | INFO     | Аномалия: temperature: 12.554499626159668! Среднее: 14.2044997215271[0m
[2026-05-09T22:07:20.392+0000] {log.py:232} WARNING - [32m22:07:20 | logger          | INFO     | Аномалий в pressure НЕ найдено! Среднее: 1017.0749816894531, текущее: 1018.2999877929688[0m
[2026-05-09T22:07:20.392+0000] {log.py:232} WARNING - [32m22:07:20 | logger          | INFO     | Аномалий в humidity НЕ найдено! Среднее: 89.75, текущее: 96.0[0m
[2026-05-09T22:07:20.393+0000] {log.py:232} WARNING - [32m22:07:20 | logger          | INFO     | Аномалия: wind_speed: 5.86037540435791! Среднее: 3.447219967842102[0m
[2026-05-09T22:07:20.395+0000] {log.py:232} WARNING - [32m22:07:20 | logger          | INFO     | Обновляем аномалию для локации 6:  (2 новых параметров или прошло более суток)[0m
[2026-05-09T22:07:20.398+0000] {log.py:232} WARNING - [33m22:07:20 | logger          | WARNING  | Обнаружена аномалия в локации 6 (координаты 40.2, 20.4). Дополнительные данные: {'wind_speed': {'avg': 3.447219967842102, 'value': 5.86037540435791}, 'temperature': {'avg': 14.2044997215271, 'value': 12.554499626159668}}[0m
[2026-05-09T22:07:21.401+0000] {log.py:232} WARNING - [32m22:07:21 | logger          | INFO     | Проверка локации 7 (координаты 70.2, 30.4)[0m
[2026-05-09T22:07:21.512+0000] {logging_mixin.py:188} INFO - {'temp': 3.4144999980926514, 'wind_speed': 24.119998931884766, 'humidity': 79.0, 'pressure': 1020.2999877929688, 'latitude': 70.20964050292969, 'longitude': 30.406463623046875, 'timestamp': 1778364000, 'raw_json': {'latitude': 70.20964050292969, 'longitude': 30.406463623046875, 'elevation': 0.0, 'timezone': None, 'timezone_abbreviation': None, 'utc_offset_seconds': 0, 'current': {'time': 1778364000, 'interval': 900, 'temperature_2m': 3.4144999980926514, 'wind_speed_10m': 24.119998931884766, 'relative_humidity_2m': 79.0, 'pressure_msl': 1020.2999877929688}}}
[2026-05-09T22:07:21.515+0000] {logging_mixin.py:188} INFO - <services.db.models.Weather object at 0x7379a890f4d0>
[2026-05-09T22:07:21.516+0000] {logging_mixin.py:188} INFO - Проверка аномалий
[2026-05-09T22:07:21.517+0000] {logging_mixin.py:188} INFO - Ищем похожие места
[2026-05-09T22:07:21.518+0000] {logging_mixin.py:188} INFO - Найдено похожих: 3 в радиусе 3.0° от (70.20964050292969, 30.406463623046875)
[2026-05-09T22:07:21.519+0000] {log.py:232} WARNING - [32m22:07:21 | logger          | INFO     | Аномалий в temperature НЕ найдено! Среднее: 3.7145000298817954, текущее: 3.4144999980926514[0m
[2026-05-09T22:07:21.519+0000] {log.py:232} WARNING - [32m22:07:21 | logger          | INFO     | Аномалий в pressure НЕ найдено! Среднее: 1021.9000040690104, текущее: 1020.2999877929688[0m
[2026-05-09T22:07:21.520+0000] {log.py:232} WARNING - [32m22:07:21 | logger          | INFO     | Аномалий в humidity НЕ найдено! Среднее: 80.33333333333333, текущее: 79.0[0m
[2026-05-09T22:07:21.521+0000] {log.py:232} WARNING - [32m22:07:21 | logger          | INFO     | Аномалий в wind_speed НЕ найдено! Среднее: 22.919998168945312, текущее: 24.119998931884766[0m
[2026-05-09T22:07:21.522+0000] {log.py:232} WARNING - [32m22:07:21 | logger          | INFO     | Аномалий в локации 7 не обнаружено[0m
[2026-05-09T22:07:22.525+0000] {log.py:232} WARNING - [32m22:07:22 | logger          | INFO     | Проверка локации 8 (координаты 55.45, 37.37)[0m
[2026-05-09T22:07:22.624+0000] {logging_mixin.py:188} INFO - {'temp': 8.741499900817871, 'wind_speed': 6.989935398101807, 'humidity': 56.0, 'pressure': 1022.5999755859375, 'latitude': 55.4375, 'longitude': 37.375, 'timestamp': 1778364000, 'raw_json': {'latitude': 55.4375, 'longitude': 37.375, 'elevation': 183.0, 'timezone': None, 'timezone_abbreviation': None, 'utc_offset_seconds': 0, 'current': {'time': 1778364000, 'interval': 900, 'temperature_2m': 8.741499900817871, 'wind_speed_10m': 6.989935398101807, 'relative_humidity_2m': 56.0, 'pressure_msl': 1022.5999755859375}}}
[2026-05-09T22:07:22.627+0000] {logging_mixin.py:188} INFO - <services.db.models.Weather object at 0x7379a890f4d0>
[2026-05-09T22:07:22.628+0000] {logging_mixin.py:188} INFO - Проверка аномалий
[2026-05-09T22:07:22.629+0000] {logging_mixin.py:188} INFO - Ищем похожие места
[2026-05-09T22:07:22.630+0000] {logging_mixin.py:188} INFO - Найдено похожих: 5 в радиусе 3.0° от (55.4375, 37.375)
[2026-05-09T22:07:22.631+0000] {log.py:232} WARNING - [32m22:07:22 | logger          | INFO     | Аномалий в temperature НЕ найдено! Среднее: 9.41149959564209, текущее: 8.741499900817871[0m
[2026-05-09T22:07:22.632+0000] {log.py:232} WARNING - [32m22:07:22 | logger          | INFO     | Аномалий в pressure НЕ найдено! Среднее: 1022.57998046875, текущее: 1022.5999755859375[0m
[2026-05-09T22:07:22.632+0000] {log.py:232} WARNING - [32m22:07:22 | logger          | INFO     | Аномалий в humidity НЕ найдено! Среднее: 56.8, текущее: 56.0[0m
[2026-05-09T22:07:22.633+0000] {log.py:232} WARNING - [32m22:07:22 | logger          | INFO     | Аномалий в wind_speed НЕ найдено! Среднее: 6.960190677642823, текущее: 6.989935398101807[0m
[2026-05-09T22:07:22.634+0000] {log.py:232} WARNING - [32m22:07:22 | logger          | INFO     | Аномалий в локации 8 не обнаружено[0m
[2026-05-09T22:07:23.638+0000] {log.py:232} WARNING - [32m22:07:23 | logger          | INFO     | Проверка локации 9 (координаты 40.42, 74.0)[0m
[2026-05-09T22:07:23.734+0000] {logging_mixin.py:188} INFO - {'temp': 6.638000011444092, 'wind_speed': 1.9881649017333984, 'humidity': 82.60759735107422, 'pressure': 1017.4000244140625, 'latitude': 40.456939697265625, 'longitude': 74.00564575195312, 'timestamp': 1778364000, 'raw_json': {'latitude': 40.456939697265625, 'longitude': 74.00564575195312, 'elevation': 2231.0, 'timezone': None, 'timezone_abbreviation': None, 'utc_offset_seconds': 0, 'current': {'time': 1778364000, 'interval': 900, 'temperature_2m': 6.638000011444092, 'wind_speed_10m': 1.9881649017333984, 'relative_humidity_2m': 82.60759735107422, 'pressure_msl': 1017.4000244140625}}}
[2026-05-09T22:07:23.737+0000] {logging_mixin.py:188} INFO - <services.db.models.Weather object at 0x7379a8b83980>
[2026-05-09T22:07:23.739+0000] {logging_mixin.py:188} INFO - Проверка аномалий
[2026-05-09T22:07:23.740+0000] {logging_mixin.py:188} INFO - Ищем похожие места
[2026-05-09T22:07:23.741+0000] {logging_mixin.py:188} INFO - Найдено похожих: 4 в радиусе 3.0° от (40.456939697265625, 74.00564575195312)
[2026-05-09T22:07:23.741+0000] {log.py:232} WARNING - [32m22:07:23 | logger          | INFO     | Аномалия: temperature: 6.638000011444092! Среднее: 8.36299979686737[0m
[2026-05-09T22:07:23.742+0000] {log.py:232} WARNING - [32m22:07:23 | logger          | INFO     | Аномалий в pressure НЕ найдено! Среднее: 1017.8500061035156, текущее: 1017.4000244140625[0m
[2026-05-09T22:07:23.742+0000] {log.py:232} WARNING - [32m22:07:23 | logger          | INFO     | Аномалия: humidity: 82.60759735107422! Среднее: 72.15658378601074[0m
[2026-05-09T22:07:23.743+0000] {log.py:232} WARNING - [32m22:07:23 | logger          | INFO     | Аномалия: wind_speed: 1.9881649017333984! Среднее: 3.0334609150886536[0m
[2026-05-09T22:07:23.747+0000] {log.py:232} WARNING - [33m22:07:23 | logger          | WARNING  | Обнаружена аномалия в локации 9 (координаты 40.42, 74.0). Дополнительные данные: {'humidity': {'avg': 72.15658378601074, 'value': 82.60759735107422}, 'wind_speed': {'avg': 3.0334609150886536, 'value': 1.9881649017333984}, 'temperature': {'avg': 8.36299979686737, 'value': 6.638000011444092}}[0m
[2026-05-09T22:07:24.748+0000] {python.py:237} INFO - Done. Returned value was: None
[2026-05-09T22:07:24.749+0000] {taskinstance.py:441} INFO - ::group::Post task execution logs
[2026-05-09T22:07:24.756+0000] {taskinstance.py:1206} INFO - Marking task as SUCCESS. dag_id=check_locations, task_id=check_all_locations, run_id=scheduled__2026-05-09T21:48:00+00:00, execution_date=20260509T214800, start_date=20260509T220714, end_date=20260509T220724
[2026-05-09T22:07:24.795+0000] {local_task_job_runner.py:243} INFO - Task exited with return code 0
[2026-05-09T22:07:24.806+0000] {taskinstance.py:3503} INFO - 0 downstream tasks scheduled from follow-on schedule check
[2026-05-09T22:07:24.807+0000] {local_task_job_runner.py:222} INFO - ::endgroup::
