[2026-05-09T10:32:18.365+0000] {local_task_job_runner.py:120} INFO - ::group::Pre task execution logs
[2026-05-09T10:32:18.383+0000] {taskinstance.py:2076} INFO - Dependencies all met for dep_context=non-requeueable deps ti=<TaskInstance: weather_pipeline.transform_weather scheduled__2026-05-09T10:15:00+00:00 [queued]>
[2026-05-09T10:32:18.387+0000] {taskinstance.py:2076} INFO - Dependencies all met for dep_context=requeueable deps ti=<TaskInstance: weather_pipeline.transform_weather scheduled__2026-05-09T10:15:00+00:00 [queued]>
[2026-05-09T10:32:18.387+0000] {taskinstance.py:2306} INFO - Starting attempt 1 of 3
[2026-05-09T10:32:18.395+0000] {taskinstance.py:2330} INFO - Executing <Task(PythonOperator): transform_weather> on 2026-05-09 10:15:00+00:00
[2026-05-09T10:32:18.403+0000] {warnings.py:112} WARNING - /home/***/.local/lib/python3.12/site-packages/***/task/task_runner/standard_task_runner.py:62: DeprecationWarning: This process (pid=99) is multi-threaded, use of fork() may lead to deadlocks in the child.
  pid = os.fork()

[2026-05-09T10:32:18.405+0000] {standard_task_runner.py:64} INFO - Started process 103 to run task
[2026-05-09T10:32:18.405+0000] {standard_task_runner.py:90} INFO - Running: ['***', 'tasks', 'run', 'weather_pipeline', 'transform_weather', 'scheduled__2026-05-09T10:15:00+00:00', '--job-id', '15', '--raw', '--subdir', 'DAGS_FOLDER/weather_pipeline.py', '--cfg-path', '/tmp/tmpd9iod9ay']
[2026-05-09T10:32:18.407+0000] {standard_task_runner.py:91} INFO - Job 15: Subtask transform_weather
[2026-05-09T10:32:18.443+0000] {task_command.py:426} INFO - Running <TaskInstance: weather_pipeline.transform_weather scheduled__2026-05-09T10:15:00+00:00 [running]> on host f3c5ce6e1c4d
[2026-05-09T10:32:18.507+0000] {taskinstance.py:2648} INFO - Exporting env vars: AIRFLOW_CTX_DAG_OWNER='Cheburek' AIRFLOW_CTX_DAG_ID='weather_pipeline' AIRFLOW_CTX_TASK_ID='transform_weather' AIRFLOW_CTX_EXECUTION_DATE='2026-05-09T10:15:00+00:00' AIRFLOW_CTX_TRY_NUMBER='1' AIRFLOW_CTX_DAG_RUN_ID='scheduled__2026-05-09T10:15:00+00:00'
[2026-05-09T10:32:18.509+0000] {taskinstance.py:430} INFO - ::endgroup::
[2026-05-09T10:32:18.520+0000] {logging_mixin.py:188} INFO - <db.Weather object at 0x7c06e2c7f5f0>
[2026-05-09T10:32:18.523+0000] {python.py:237} INFO - Done. Returned value was: None
[2026-05-09T10:32:18.524+0000] {taskinstance.py:441} INFO - ::group::Post task execution logs
[2026-05-09T10:32:18.531+0000] {taskinstance.py:1206} INFO - Marking task as SUCCESS. dag_id=weather_pipeline, task_id=transform_weather, run_id=scheduled__2026-05-09T10:15:00+00:00, execution_date=20260509T101500, start_date=20260509T103218, end_date=20260509T103218
[2026-05-09T10:32:18.579+0000] {local_task_job_runner.py:243} INFO - Task exited with return code 0
[2026-05-09T10:32:18.594+0000] {taskinstance.py:3503} INFO - 1 downstream tasks scheduled from follow-on schedule check
[2026-05-09T10:32:18.595+0000] {local_task_job_runner.py:222} INFO - ::endgroup::
