[2026-05-09T18:28:26.630+0000] {local_task_job_runner.py:120} INFO - ::group::Pre task execution logs
[2026-05-09T18:28:26.657+0000] {taskinstance.py:2076} INFO - Dependencies all met for dep_context=non-requeueable deps ti=<TaskInstance: check_locations.check_all_locations scheduled__2026-05-09T17:30:00+00:00 [queued]>
[2026-05-09T18:28:26.666+0000] {taskinstance.py:2076} INFO - Dependencies all met for dep_context=requeueable deps ti=<TaskInstance: check_locations.check_all_locations scheduled__2026-05-09T17:30:00+00:00 [queued]>
[2026-05-09T18:28:26.668+0000] {taskinstance.py:2306} INFO - Starting attempt 1 of 3
[2026-05-09T18:28:26.683+0000] {taskinstance.py:2330} INFO - Executing <Task(PythonOperator): check_all_locations> on 2026-05-09 17:30:00+00:00
[2026-05-09T18:28:26.698+0000] {warnings.py:112} WARNING - /home/***/.local/lib/python3.12/site-packages/***/task/task_runner/standard_task_runner.py:62: DeprecationWarning: This process (pid=67) is multi-threaded, use of fork() may lead to deadlocks in the child.
  pid = os.fork()

[2026-05-09T18:28:26.700+0000] {standard_task_runner.py:64} INFO - Started process 70 to run task
[2026-05-09T18:28:26.701+0000] {standard_task_runner.py:90} INFO - Running: ['***', 'tasks', 'run', 'check_locations', 'check_all_locations', 'scheduled__2026-05-09T17:30:00+00:00', '--job-id', '11', '--raw', '--subdir', 'DAGS_FOLDER/check_locations.py', '--cfg-path', '/tmp/tmp2hrq6fa5']
[2026-05-09T18:28:26.705+0000] {standard_task_runner.py:91} INFO - Job 11: Subtask check_all_locations
[2026-05-09T18:28:26.770+0000] {task_command.py:426} INFO - Running <TaskInstance: check_locations.check_all_locations scheduled__2026-05-09T17:30:00+00:00 [running]> on host 011b0709e858
[2026-05-09T18:28:26.897+0000] {taskinstance.py:2648} INFO - Exporting env vars: AIRFLOW_CTX_DAG_OWNER='Cheburek' AIRFLOW_CTX_DAG_ID='check_locations' AIRFLOW_CTX_TASK_ID='check_all_locations' AIRFLOW_CTX_EXECUTION_DATE='2026-05-09T17:30:00+00:00' AIRFLOW_CTX_TRY_NUMBER='1' AIRFLOW_CTX_DAG_RUN_ID='scheduled__2026-05-09T17:30:00+00:00'
[2026-05-09T18:28:26.900+0000] {taskinstance.py:430} INFO - ::endgroup::
[2026-05-09T18:28:26.901+0000] {taskinstance.py:441} INFO - ::group::Post task execution logs
[2026-05-09T18:28:26.902+0000] {taskinstance.py:2905} ERROR - Task failed with exception
Traceback (most recent call last):
  File "/home/airflow/.local/lib/python3.12/site-packages/airflow/models/taskinstance.py", line 465, in _execute_task
    result = _execute_callable(context=context, **execute_callable_kwargs)
             ^^^^^^^^^^^^^^^^^^^^^^^^^^^^^^^^^^^^^^^^^^^^^^^^^^^^^^^^^^^^^
  File "/home/airflow/.local/lib/python3.12/site-packages/airflow/models/taskinstance.py", line 432, in _execute_callable
    return execute_callable(context=context, **execute_callable_kwargs)
           ^^^^^^^^^^^^^^^^^^^^^^^^^^^^^^^^^^^^^^^^^^^^^^^^^^^^^^^^^^^^
  File "/home/airflow/.local/lib/python3.12/site-packages/airflow/models/baseoperator.py", line 401, in wrapper
    return func(self, *args, **kwargs)
           ^^^^^^^^^^^^^^^^^^^^^^^^^^^
  File "/home/airflow/.local/lib/python3.12/site-packages/airflow/operators/python.py", line 235, in execute
    return_value = self.execute_callable()
                   ^^^^^^^^^^^^^^^^^^^^^^^
  File "/home/airflow/.local/lib/python3.12/site-packages/airflow/operators/python.py", line 252, in execute_callable
    return self.python_callable(*self.op_args, **self.op_kwargs)
           ^^^^^^^^^^^^^^^^^^^^^^^^^^^^^^^^^^^^^^^^^^^^^^^^^^^^^
  File "/opt/airflow/dags/check_locations.py", line 9, in task_check_all_locations
    db = next(get_session())
         ^^^^^^^^^^^^^^^^^^^
TypeError: 'Session' object is not an iterator
[2026-05-09T18:28:26.921+0000] {taskinstance.py:1206} INFO - Marking task as UP_FOR_RETRY. dag_id=check_locations, task_id=check_all_locations, run_id=scheduled__2026-05-09T17:30:00+00:00, execution_date=20260509T173000, start_date=20260509T182826, end_date=20260509T182826
[2026-05-09T18:28:26.944+0000] {standard_task_runner.py:110} ERROR - Failed to execute job 11 for task check_all_locations ('Session' object is not an iterator; 70)
[2026-05-09T18:28:26.995+0000] {local_task_job_runner.py:243} INFO - Task exited with return code 1
[2026-05-09T18:28:27.022+0000] {taskinstance.py:3503} INFO - 0 downstream tasks scheduled from follow-on schedule check
[2026-05-09T18:28:27.026+0000] {local_task_job_runner.py:222} INFO - ::endgroup::
